Component: ARM Compiler 5.06 update 7 (build 960) Tool: armlink [4d3601]

==============================================================================

Section Cross References

    startup_stm32f407xx.o(STACK) refers (Special) to heapauxi.o(.text) for __use_two_region_memory
    startup_stm32f407xx.o(HEAP) refers (Special) to heapauxi.o(.text) for __use_two_region_memory
    startup_stm32f407xx.o(RESET) refers (Special) to heapauxi.o(.text) for __use_two_region_memory
    startup_stm32f407xx.o(RESET) refers to startup_stm32f407xx.o(STACK) for __initial_sp
    startup_stm32f407xx.o(RESET) refers to startup_stm32f407xx.o(.text) for Reset_Handler
    startup_stm32f407xx.o(RESET) refers to stm32f4xx_it.o(i.NMI_Handler) for NMI_Handler
    startup_stm32f407xx.o(RESET) refers to stm32f4xx_it.o(i.HardFault_Handler) for HardFault_Handler
    startup_stm32f407xx.o(RESET) refers to stm32f4xx_it.o(i.MemManage_Handler) for MemManage_Handler
    startup_stm32f407xx.o(RESET) refers to stm32f4xx_it.o(i.BusFault_Handler) for BusFault_Handler
    startup_stm32f407xx.o(RESET) refers to stm32f4xx_it.o(i.UsageFault_Handler) for UsageFault_Handler
    startup_stm32f407xx.o(RESET) refers to port.o(.emb_text) for SVC_Handler
    startup_stm32f407xx.o(RESET) refers to stm32f4xx_it.o(i.DebugMon_Handler) for DebugMon_Handler
    startup_stm32f407xx.o(RESET) refers to port.o(i.SysTick_Handler) for SysTick_Handler
    startup_stm32f407xx.o(RESET) refers to stm32f4xx_it.o(i.DMA1_Stream1_IRQHandler) for DMA1_Stream1_IRQHandler
    startup_stm32f407xx.o(RESET) refers to stm32f4xx_it.o(i.CAN1_RX0_IRQHandler) for CAN1_RX0_IRQHandler
    startup_stm32f407xx.o(RESET) refers to stm32f4xx_it.o(i.CAN1_RX1_IRQHandler) for CAN1_RX1_IRQHandler
    startup_stm32f407xx.o(RESET) refers to stm32f4xx_it.o(i.TIM4_IRQHandler) for TIM4_IRQHandler
    startup_stm32f407xx.o(RESET) refers to stm32f4xx_it.o(i.USART3_IRQHandler) for USART3_IRQHandler
    startup_stm32f407xx.o(RESET) refers to stm32f4xx_it.o(i.TIM8_BRK_TIM12_IRQHandler) for TIM8_BRK_TIM12_IRQHandler
    startup_stm32f407xx.o(RESET) refers to stm32f4xx_it.o(i.DMA2_Stream1_IRQHandler) for DMA2_Stream1_IRQHandler
    startup_stm32f407xx.o(RESET) refers to stm32f4xx_it.o(i.CAN2_RX0_IRQHandler) for CAN2_RX0_IRQHandler
    startup_stm32f407xx.o(RESET) refers to stm32f4xx_it.o(i.CAN2_RX1_IRQHandler) for CAN2_RX1_IRQHandler
    startup_stm32f407xx.o(RESET) refers to stm32f4xx_it.o(i.OTG_FS_IRQHandler) for OTG_FS_IRQHandler
    startup_stm32f407xx.o(RESET) refers to stm32f4xx_it.o(i.DMA2_Stream6_IRQHandler) for DMA2_Stream6_IRQHandler
    startup_stm32f407xx.o(RESET) refers to stm32f4xx_it.o(i.USART6_IRQHandler) for USART6_IRQHandler
    startup_stm32f407xx.o(.text) refers (Special) to heapauxi.o(.text) for __use_two_region_memory
    startup_stm32f407xx.o(.text) refers to system_stm32f4xx.o(i.SystemInit) for SystemInit
    startup_stm32f407xx.o(.text) refers to __main.o(!!!main) for __main
    startup_stm32f407xx.o(.text) refers to startup_stm32f407xx.o(HEAP) for Heap_Mem
    startup_stm32f407xx.o(.text) refers to startup_stm32f407xx.o(STACK) for Stack_Mem
    main.o(i.HAL_TIM_PeriodElapsedCallback) refers to stm32f4xx_hal.o(i.HAL_IncTick) for HAL_IncTick
    main.o(i.SystemClock_Config) refers to rt_memclr_w.o(.text) for __aeabi_memclr4
    main.o(i.SystemClock_Config) refers to stm32f4xx_hal_rcc.o(i.HAL_RCC_OscConfig) for HAL_RCC_OscConfig
    main.o(i.SystemClock_Config) refers to stm32f4xx_hal_rcc.o(i.HAL_RCC_ClockConfig) for HAL_RCC_ClockConfig
    main.o(i.main) refers to stm32f4xx_hal.o(i.HAL_Init) for HAL_Init
    main.o(i.main) refers to main.o(i.SystemClock_Config) for SystemClock_Config
    main.o(i.main) refers to gpio.o(i.MX_GPIO_Init) for MX_GPIO_Init
    main.o(i.main) refers to dma.o(i.MX_DMA_Init) for MX_DMA_Init
    main.o(i.main) refers to can.o(i.MX_CAN1_Init) for MX_CAN1_Init
    main.o(i.main) refers to can.o(i.MX_CAN2_Init) for MX_CAN2_Init
    main.o(i.main) refers to usart.o(i.MX_USART3_UART_Init) for MX_USART3_UART_Init
    main.o(i.main) refers to tim.o(i.MX_TIM1_Init) for MX_TIM1_Init
    main.o(i.main) refers to usart.o(i.MX_USART6_UART_Init) for MX_USART6_UART_Init
    main.o(i.main) refers to tim.o(i.MX_TIM4_Init) for MX_TIM4_Init
    main.o(i.main) refers to remote_control.o(i.remote_control_init) for remote_control_init
    main.o(i.main) refers to freertos.o(i.MX_FREERTOS_Init) for MX_FREERTOS_Init
    main.o(i.main) refers to cmsis_os.o(i.osKernelStart) for osKernelStart
    gpio.o(i.MX_GPIO_Init) refers to rt_memclr_w.o(.text) for __aeabi_memclr4
    gpio.o(i.MX_GPIO_Init) refers to stm32f4xx_hal_gpio.o(i.HAL_GPIO_WritePin) for HAL_GPIO_WritePin
    gpio.o(i.MX_GPIO_Init) refers to stm32f4xx_hal_gpio.o(i.HAL_GPIO_Init) for HAL_GPIO_Init
    freertos.o(i.GimbalTask) refers to cmsis_os.o(i.osDelay) for osDelay
    freertos.o(i.MX_FREERTOS_Init) refers to rt_memcpy_w.o(.text) for __aeabi_memcpy4
[...]
    HAL_Delay                                0x08001c61   Thumb Code    32  stm32f4xx_hal.o(i.HAL_Delay)
    HAL_GPIO_Init                            0x08001c85   Thumb Code   450  stm32f4xx_hal_gpio.o(i.HAL_GPIO_Init)
    HAL_GPIO_WritePin                        0x08001e75   Thumb Code    10  stm32f4xx_hal_gpio.o(i.HAL_GPIO_WritePin)
    HAL_GetTick                              0x08001e81   Thumb Code     6  stm32f4xx_hal.o(i.HAL_GetTick)
    HAL_IncTick                              0x08001e8d   Thumb Code    12  stm32f4xx_hal.o(i.HAL_IncTick)
    HAL_Init                                 0x08001e9d   Thumb Code    48  stm32f4xx_hal.o(i.HAL_Init)
    HAL_InitTick                             0x08001ed1   Thumb Code   132  stm32f4xx_hal_timebase_tim.o(i.HAL_InitTick)
    HAL_MspInit                              0x08001f69   Thumb Code    52  stm32f4xx_hal_msp.o(i.HAL_MspInit)
    HAL_NVIC_EnableIRQ                       0x08001fa1   Thumb Code    26  stm32f4xx_hal_cortex.o(i.HAL_NVIC_EnableIRQ)
    HAL_NVIC_SetPriority                     0x08001fbd   Thumb Code    60  stm32f4xx_hal_cortex.o(i.HAL_NVIC_SetPriority)
    HAL_NVIC_SetPriorityGrouping             0x08001ffd   Thumb Code    26  stm32f4xx_hal_cortex.o(i.HAL_NVIC_SetPriorityGrouping)
    HAL_PCDEx_LPM_Callback                   0x08002021   Thumb Code     2  stm32f4xx_hal_pcd_ex.o(i.HAL_PCDEx_LPM_Callback)
    HAL_PCDEx_SetRxFiFo                      0x08002023   Thumb Code     8  stm32f4xx_hal_pcd_ex.o(i.HAL_PCDEx_SetRxFiFo)
    HAL_PCDEx_SetTxFiFo                      0x0800202b   Thumb Code    68  stm32f4xx_hal_pcd_ex.o(i.HAL_PCDEx_SetTxFiFo)
    HAL_PCD_ConnectCallback                  0x0800206f   Thumb Code     8  usbd_conf.o(i.HAL_PCD_ConnectCallback)
    HAL_PCD_DataInStageCallback              0x08002077   Thumb Code    18  usbd_conf.o(i.HAL_PCD_DataInStageCallback)
    HAL_PCD_DataOutStageCallback             0x08002089   Thumb Code    20  usbd_conf.o(i.HAL_PCD_DataOutStageCallback)
    HAL_PCD_DisconnectCallback               0x0800209d   Thumb Code     8  usbd_conf.o(i.HAL_PCD_DisconnectCallback)
    HAL_PCD_EP_Abort                         0x080020a5   Thumb Code    30  stm32f4xx_hal_pcd.o(i.HAL_PCD_EP_Abort)
    HAL_PCD_EP_Close                         0x080020c3   Thumb Code    74  stm32f4xx_hal_pcd.o(i.HAL_PCD_EP_Close)
    HAL_PCD_EP_ClrStall                      0x0800210d   Thumb Code    90  stm32f4xx_hal_pcd.o(i.HAL_PCD_EP_ClrStall)
    HAL_PCD_EP_GetRxCount                    0x08002167   Thumb Code    18  stm32f4xx_hal_pcd.o(i.HAL_PCD_EP_GetRxCount)
    HAL_PCD_EP_Open                          0x08002179   Thumb Code    98  stm32f4xx_hal_pcd.o(i.HAL_PCD_EP_Open)
    HAL_PCD_EP_Receive                       0x080021db   Thumb Code    56  stm32f4xx_hal_pcd.o(i.HAL_PCD_EP_Receive)
    HAL_PCD_EP_SetStall                      0x08002213   Thumb Code   114  stm32f4xx_hal_pcd.o(i.HAL_PCD_EP_SetStall)
    HAL_PCD_EP_Transmit                      0x08002285   Thumb Code    50  stm32f4xx_hal_pcd.o(i.HAL_PCD_EP_Transmit)
    HAL_PCD_IRQHandler                       0x080022b9   Thumb Code  1372  stm32f4xx_hal_pcd.o(i.HAL_PCD_IRQHandler)
    HAL_PCD_ISOINIncompleteCallback          0x08002815   Thumb Code     8  usbd_conf.o(i.HAL_PCD_ISOINIncompleteCallback)
    HAL_PCD_ISOOUTIncompleteCallback         0x0800281d   Thumb Code     8  usbd_conf.o(i.HAL_PCD_ISOOUTIncompleteCallback)
    HAL_PCD_Init                             0x08002825   Thumb Code   204  stm32f4xx_hal_pcd.o(i.HAL_PCD_Init)
    HAL_PCD_MspInit                          0x080028f1   Thumb Code   122  usbd_conf.o(i.HAL_PCD_MspInit)
    HAL_PCD_ResetCallback                    0x08002975   Thumb Code    44  usbd_conf.o(i.HAL_PCD_ResetCallback)
    HAL_PCD_ResumeCallback                   0x080029a1   Thumb Code     8  usbd_conf.o(i.HAL_PCD_ResumeCallback)
    HAL_PCD_SOFCallback                      0x080029a9   Thumb Code     8  usbd_conf.o(i.HAL_PCD_SOFCallback)
    HAL_PCD_SetAddress                       0x080029b1   Thumb Code    38  stm32f4xx_hal_pcd.o(i.HAL_PCD_SetAddress)
    HAL_PCD_SetupStageCallback               0x080029d7   Thumb Code    14  usbd_conf.o(i.HAL_PCD_SetupStageCallback)
    HAL_PCD_Start                            0x080029e5   Thumb Code    66  stm32f4xx_hal_pcd.o(i.HAL_PCD_Start)
    HAL_PCD_SuspendCallback                  0x08002a29   Thumb Code    44  usbd_conf.o(i.HAL_PCD_SuspendCallback)
    HAL_RCC_ClockConfig                      0x08002a59   Thumb Code   288  stm32f4xx_hal_rcc.o(i.HAL_RCC_ClockConfig)
    HAL_RCC_GetClockConfig                   0x08002b8d   Thumb Code    54  stm32f4xx_hal_rcc.o(i.HAL_RCC_GetClockConfig)
    HAL_RCC_GetHCLKFreq                      0x08002bcd   Thumb Code     6  stm32f4xx_hal_rcc.o(i.HAL_RCC_GetHCLKFreq)
    HAL_RCC_GetPCLK1Freq                     0x08002bd9   Thumb Code    20  stm32f4xx_hal_rcc.o(i.HAL_RCC_GetPCLK1Freq)
    HAL_RCC_GetPCLK2Freq                     0x08002bf9   Thumb Code    20  stm32f4xx_hal_rcc.o(i.HAL_RCC_GetPCLK2Freq)
    HAL_RCC_GetSysClockFreq                  0x08002c19   Thumb Code    88  stm32f4xx_hal_rcc.o(i.HAL_RCC_GetSysClockFreq)
    HAL_RCC_OscConfig                        0x08002c7d   Thumb Code   856  stm32f4xx_hal_rcc.o(i.HAL_RCC_OscConfig)
    HAL_TIMEx_BreakCallback                  0x08002fe9   Thumb Code     2  stm32f4xx_hal_tim_ex.o(i.HAL_TIMEx_BreakCallback)
    HAL_TIMEx_CommutCallback                 0x08002feb   Thumb Code     2  stm32f4xx_hal_tim_ex.o(i.HAL_TIMEx_CommutCallback)
    HAL_TIMEx_ConfigBreakDeadTime            0x08002fed   Thumb Code    84  stm32f4xx_hal_tim_ex.o(i.HAL_TIMEx_ConfigBreakDeadTime)
    HAL_TIMEx_MasterConfigSynchronization    0x08003041   Thumb Code   116  stm32f4xx_hal_tim_ex.o(i.HAL_TIMEx_MasterConfigSynchronization)
    HAL_TIM_Base_Init                        0x080030d1   Thumb Code    90  stm32f4xx_hal_tim.o(i.HAL_TIM_Base_Init)
    HAL_TIM_Base_MspInit                     0x0800312d   Thumb Code    76  tim.o(i.HAL_TIM_Base_MspInit)
    HAL_TIM_Base_Start_IT                    0x08003185   Thumb Code   100  stm32f4xx_hal_tim.o(i.HAL_TIM_Base_Start_IT)
    HAL_TIM_ConfigClockSource                0x08003205   Thumb Code   220  stm32f4xx_hal_tim.o(i.HAL_TIM_ConfigClockSource)
    HAL_TIM_IC_CaptureCallback               0x080032e1   Thumb Code     2  stm32f4xx_hal_tim.o(i.HAL_TIM_IC_CaptureCallback)
    HAL_TIM_IRQHandler                       0x080032e3   Thumb Code   304  stm32f4xx_hal_tim.o(i.HAL_TIM_IRQHandler)
    HAL_TIM_MspPostInit                      0x08003415   Thumb Code    70  tim.o(i.HAL_TIM_MspPostInit)
    HAL_TIM_OC_DelayElapsedCallback          0x08003469   Thumb Code     2  stm32f4xx_hal_tim.o(i.HAL_TIM_OC_DelayElapsedCallback)
    HAL_TIM_PWM_ConfigChannel                0x0800346b   Thumb Code   204  stm32f4xx_hal_tim.o(i.HAL_TIM_PWM_ConfigChannel)
    HAL_TIM_PWM_Init                         0x08003537   Thumb Code    90  stm32f4xx_hal_tim.o(i.HAL_TIM_PWM_Init)
    HAL_TIM_PWM_MspInit                      0x08003591   Thumb Code     2  stm32f4xx_hal_tim.o(i.HAL_TIM_PWM_MspInit)
    HAL_TIM_PWM_PulseFinishedCallback        0x08003593   Thumb Code     2  stm32f4xx_hal_tim.o(i.HAL_TIM_PWM_PulseFinishedCallback)
    HAL_TIM_PeriodElapsedCallback            0x08003595   Thumb Code    14  main.o(i.HAL_TIM_PeriodElapsedCallback)
    HAL_TIM_TriggerCallback                  0x080035a9   Thumb Code     2  stm32f4xx_hal_tim.o(i.HAL_TIM_TriggerCallback)
    HAL_UARTEx_RxEventCallback               0x080035ab   Thumb Code     2  stm32f4xx_hal_uart.o(i.HAL_UARTEx_RxEventCallback)
    HAL_UART_ErrorCallback                   0x080035ad   Thumb Code     2  stm32f4xx_hal_uart.o(i.HAL_UART_ErrorCallback)
    HAL_UART_IRQHandler                      0x080035b1   Thumb Code   618  stm32f4xx_hal_uart.o(i.HAL_UART_IRQHandler)
    HAL_UART_Init                            0x08003821   Thumb Code   100  stm32f4xx_hal_uart.o(i.HAL_UART_Init)
    HAL_UART_MspInit                         0x08003885   Thumb Code   340  usart.o(i.HAL_UART_MspInit)
    HAL_UART_RxCpltCallback                  0x080039f9   Thumb Code     2  stm32f4xx_hal_uart.o(i.HAL_UART_RxCpltCallback)
    HAL_UART_TxCpltCallback                  0x080039fb   Thumb Code     2  stm32f4xx_hal_uart.o(i.HAL_UART_TxCpltCallback)
    HardFault_Handler                        0x080039fd   Thumb Code     2  stm32f4xx_it.o(i.HardFault_Handler)
    MX_CAN1_Init                             0x08003a39   Thumb Code    62  can.o(i.MX_CAN1_Init)
    MX_CAN2_Init                             0x08003a81   Thumb Code    62  can.o(i.MX_CAN2_Init)
    MX_DMA_Init                              0x08003ac9   Thumb Code    88  dma.o(i.MX_DMA_Init)
    MX_FREERTOS_Init                         0x08003b25   Thumb Code    74  freertos.o(i.MX_FREERTOS_Init)
    MX_GPIO_Init                             0x08003b79   Thumb Code   166  gpio.o(i.MX_GPIO_Init)
    MX_TIM1_Init                             0x08003c29   Thumb Code   212  tim.o(i.MX_TIM1_Init)
    MX_TIM4_Init                             0x08003d05   Thumb Code    96  tim.o(i.MX_TIM4_Init)
    MX_USART3_UART_Init                      0x08003d6d   Thumb Code    50  usart.o(i.MX_USART3_UART_Init)
    MX_USART6_UART_Init                      0x08003dad   Thumb Code    48  usart.o(i.MX_USART6_UART_Init)
    MX_USB_DEVICE_Init                       0x08003de5   Thumb Code    66  usb_device.o(i.MX_USB_DEVICE_Init)
    MemManage_Handler                        0x08003e39   Thumb Code     2  stm32f4xx_it.o(i.MemManage_Handler)
    Motor_DM_Register                        0x08003e3d   Thumb Code   122  dev_motor_dm.o(i.Motor_DM_Register)
    Motor_Dji_Control                        0x08003ebd   Thumb Code    60  dev_motor_dji.o(i.Motor_Dji_Control)
    Motor_Dji_Register                       0x080040a5   Thumb Code   132  dev_motor_dji.o(i.Motor_Dji_Register)
    Motor_Dji_Transmit                       0x08004135   Thumb Code    40  dev_motor_dji.o(i.Motor_Dji_Transmit)
    Motor_Dm_Cmd                             0x0800415d   Thumb Code    34  dev_motor_dm.o(i.Motor_Dm_Cmd)
    Motor_Dm_Control                         0x08004185   Thumb Code    76  dev_motor_dm.o(i.Motor_Dm_Control)
    Motor_Dm_Mit_Control                     0x08004339   Thumb Code   214  dev_motor_dm.o(i.Motor_Dm_Mit_Control)
    Motor_Dm_Transmit                        0x08004415   Thumb Code    14  dev_motor_dm.o(i.Motor_Dm_Transmit)
    NMI_Handler                              0x08004423   Thumb Code     2  stm32f4xx_it.o(i.NMI_Handler)
    OTG_FS_IRQHandler                        0x08004425   Thumb Code     6  stm32f4xx_it.o(i.OTG_FS_IRQHandler)
    Pid_Calculate                            0x080045a1   Thumb Code   454  alg_pid.o(i.Pid_Calculate)
    Pid_Disable                              0x0800476d   Thumb Code    50  alg_pid.o(i.Pid_Disable)
    Pid_Enable                               0x080047a5   Thumb Code    14  alg_pid.o(i.Pid_Enable)
    Pid_Register                             0x080047d3   Thumb Code   190  alg_pid.o(i.Pid_Register)
    RC_init                                  0x08004891   Thumb Code    84  bsp_rc.o(i.RC_init)
    Remote_Handler                           0x080048f1   Thumb Code   156  remote_control.o(i.Remote_Handler)
    Reset_Shoot_CtrlMsg                      0x080049a5   Thumb Code    24  shootfun.o(i.Reset_Shoot_CtrlMsg)
    SEGGER_RTT_Write                         0x080049c1   Thumb Code    50  segger_rtt.o(i.SEGGER_RTT_Write)
    SEGGER_RTT_WriteNoLock                   0x080049f9   Thumb Code    86  segger_rtt.o(i.SEGGER_RTT_WriteNoLock)
    SEGGER_RTT_printf                        0x08004a55   Thumb Code    22  segger_rtt_printf.o(i.SEGGER_RTT_printf)
    SEGGER_RTT_vprintf                       0x08004a6b   Thumb Code   406  segger_rtt_printf.o(i.SEGGER_RTT_vprintf)
    Shoor_Ctl_NORMAL                         0x08004c0d   Thumb Code   144  shootfun.o(i.Shoor_Ctl_NORMAL)
    Shoor_Ctl_SINGLE                         0x08004cb5   Thumb Code    44  shootfun.o(i.Shoor_Ctl_SINGLE)
    Shoor_Ctl_STOP                           0x08004ce9   Thumb Code    46  shootfun.o(i.Shoor_Ctl_STOP)
    ShootSelate                              0x08004d21   Thumb Code    16  shootfun.o(i.ShootSelate)
    ShootTask                                0x08004d35   Thumb Code   290  shoottask.o(i.ShootTask)
    Shoot_Mode_Choose                        0x08004e6d   Thumb Code    14  shootfun.o(i.Shoot_Mode_Choose)
    Shoot_Mode_choose_remote                 0x08004e81   Thumb Code    34  shootfun.o(i.Shoot_Mode_choose_remote)
    Shoot_Statemachine_2_Run                 0x08004ea9   Thumb Code    44  shootfun.o(i.Shoot_Statemachine_2_Run)
    Shoot_Statemachine_2_Stop                0x08004ed9   Thumb Code    22  shootfun.o(i.Shoot_Statemachine_2_Stop)
    Shoot_clc                                0x08004ef1   Thumb Code    34  shootfun.o(i.Shoot_clc)
    StartDefaultTask                         0x08004f19   Thumb Code    12  freertos.o(i.StartDefaultTask)
    SysTick_Handler                          0x08004f25   Thumb Code    38  port.o(i.SysTick_Handler)
    SystemClock_Config                       0x08004f51   Thumb Code   140  main.o(i.SystemClock_Config)
    SystemInit                               0x08004fe5   Thumb Code    12  system_stm32f4xx.o(i.SystemInit)
    TIM4_IRQHandler                          0x08004ff5   Thumb Code     6  stm32f4xx_it.o(i.TIM4_IRQHandler)
    TIM8_BRK_TIM12_IRQHandler                0x08005001   Thumb Code     6  stm32f4xx_it.o(i.TIM8_BRK_TIM12_IRQHandler)
    TIM_Base_SetConfig                       0x0800500d   Thumb Code   170  stm32f4xx_hal_tim.o(i.TIM_Base_SetConfig)
    TIM_ETR_SetConfig                        0x080050e5   Thumb Code    20  stm32f4xx_hal_tim.o(i.TIM_ETR_SetConfig)
    TIM_OC2_SetConfig                        0x08005169   Thumb Code    98  stm32f4xx_hal_tim.o(i.TIM_OC2_SetConfig)
    USART3_IRQHandler                        0x08005501   Thumb Code    16  stm32f4xx_it.o(i.USART3_IRQHandler)
    USART6_IRQHandler                        0x08005515   Thumb Code     6  stm32f4xx_it.o(i.USART6_IRQHandler)
    USBD_CDC_GetDeviceQualifierDescriptor    0x0800569d   Thumb Code     8  usbd_cdc.o(i.USBD_CDC_GetDeviceQualifierDescriptor)
    USBD_CDC_ReceivePacket                   0x08005879   Thumb Code    50  usbd_cdc.o(i.USBD_CDC_ReceivePacket)
    USBD_CDC_RegisterInterface               0x080058b1   Thumb Code    22  usbd_cdc.o(i.USBD_CDC_RegisterInterface)
    USBD_CDC_SetRxBuffer                     0x080058c7   Thumb Code    26  usbd_cdc.o(i.USBD_CDC_SetRxBuffer)
    USBD_CDC_SetTxBuffer                     0x080058e1   Thumb Code    30  usbd_cdc.o(i.USBD_CDC_SetTxBuffer)
    USBD_ClrClassConfig                      0x080059d3   Thumb Code    20  usbd_core.o(i.USBD_ClrClassConfig)
    USBD_CoreFindEP                          0x080059e7   Thumb Code     4  usbd_core.o(i.USBD_CoreFindEP)
    USBD_CoreFindIF                          0x080059eb   Thumb Code     4  usbd_core.o(i.USBD_CoreFindIF)
    USBD_CtlContinueRx                       0x080059ef   Thumb Code    16  usbd_ioreq.o(i.USBD_CtlContinueRx)
    USBD_CtlContinueSendData                 0x080059ff   Thumb Code    16  usbd_ioreq.o(i.USBD_CtlContinueSendData)
    USBD_CtlError                            0x08005a0f   Thumb Code    22  usbd_ctlreq.o(i.USBD_CtlError)
    USBD_CtlPrepareRx                        0x08005a25   Thumb Code    30  usbd_ioreq.o(i.USBD_CtlPrepareRx)
    USBD_CtlReceiveStatus                    0x08005a43   Thumb Code    22  usbd_ioreq.o(i.USBD_CtlReceiveStatus)
    USBD_CtlSendData                         0x08005a59   Thumb Code    26  usbd_ioreq.o(i.USBD_CtlSendData)
    USBD_CtlSendStatus                       0x08005a73   Thumb Code    22  usbd_ioreq.o(i.USBD_CtlSendStatus)
    USBD_FS_ConfigStrDescriptor              0x08005a89   Thumb Code    16  usbd_desc.o(i.USBD_FS_ConfigStrDescriptor)
    USBD_FS_DeviceDescriptor                 0x08005aa9   Thumb Code     8  usbd_desc.o(i.USBD_FS_DeviceDescriptor)
    USBD_FS_InterfaceStrDescriptor           0x08005ab5   Thumb Code    16  usbd_desc.o(i.USBD_FS_InterfaceStrDescriptor)
    USBD_FS_LangIDStrDescriptor              0x08005ad9   Thumb Code     8  usbd_desc.o(i.USBD_FS_LangIDStrDescriptor)
    USBD_FS_ManufacturerStrDescriptor        0x08005ae5   Thumb Code    16  usbd_desc.o(i.USBD_FS_ManufacturerStrDescriptor)
    USBD_FS_ProductStrDescriptor             0x08005b0d   Thumb Code    16  usbd_desc.o(i.USBD_FS_ProductStrDescriptor)
    USBD_FS_SerialStrDescriptor              0x08005b39   Thumb Code    48  usbd_desc.o(i.USBD_FS_SerialStrDescriptor)
    USBD_GetEpDesc                           0x08005c57   Thumb Code    58  usbd_core.o(i.USBD_GetEpDesc)
    USBD_GetNextDesc                         0x08005ca5   Thumb Code    14  usbd_core.o(i.USBD_GetNextDesc)
    USBD_GetString                           0x08005cb3   Thumb Code    78  usbd_ctlreq.o(i.USBD_GetString)
    USBD_Get_USB_Status                      0x08005d01   Thumb Code    24  usbd_conf.o(i.USBD_Get_USB_Status)
    USBD_Init                                0x08005d19   Thumb Code    38  usbd_core.o(i.USBD_Init)
    USBD_LL_ClearStallEP                     0x08005d3f   Thumb Code    18  usbd_conf.o(i.USBD_LL_ClearStallEP)
    USBD_LL_CloseEP                          0x08005d51   Thumb Code    18  usbd_conf.o(i.USBD_LL_CloseEP)
    USBD_LL_DataInStage                      0x08005d63   Thumb Code   182  usbd_core.o(i.USBD_LL_DataInStage)
    USBD_LL_DataOutStage                     0x08005e19   Thumb Code   142  usbd_core.o(i.USBD_LL_DataOutStage)
    USBD_LL_DevConnected                     0x08005ea7   Thumb Code     4  usbd_core.o(i.USBD_LL_DevConnected)
    USBD_LL_DevDisconnected                  0x08005eab   Thumb Code    30  usbd_core.o(i.USBD_LL_DevDisconnected)
    USBD_LL_GetRxDataSize                    0x08005ec9   Thumb Code     8  usbd_conf.o(i.USBD_LL_GetRxDataSize)
    USBD_LL_Init                             0x08005ed1   Thumb Code    90  usbd_conf.o(i.USBD_LL_Init)
    USBD_LL_IsStallEP                        0x08005f31   Thumb Code    30  usbd_conf.o(i.USBD_LL_IsStallEP)
    USBD_LL_IsoINIncomplete                  0x08005f4f   Thumb Code    40  usbd_core.o(i.USBD_LL_IsoINIncomplete)
    USBD_LL_IsoOUTIncomplete                 0x08005f77   Thumb Code    40  usbd_core.o(i.USBD_LL_IsoOUTIncomplete)
    USBD_LL_OpenEP                           0x08005f9f   Thumb Code    24  usbd_conf.o(i.USBD_LL_OpenEP)
    USBD_LL_PrepareReceive                   0x08005fb7   Thumb Code    18  usbd_conf.o(i.USBD_LL_PrepareReceive)
    USBD_LL_Reset                            0x08005fc9   Thumb Code    92  usbd_core.o(i.USBD_LL_Reset)
    USBD_LL_Resume                           0x08006025   Thumb Code    20  usbd_core.o(i.USBD_LL_Resume)
    USBD_LL_SOF                              0x08006039   Thumb Code    26  usbd_core.o(i.USBD_LL_SOF)
    USBD_LL_SetSpeed                         0x08006053   Thumb Code     6  usbd_core.o(i.USBD_LL_SetSpeed)
    USBD_LL_SetUSBAddress                    0x08006059   Thumb Code    18  usbd_conf.o(i.USBD_LL_SetUSBAddress)
    USBD_LL_SetupStage                       0x0800606b   Thumb Code    96  usbd_core.o(i.USBD_LL_SetupStage)
    USBD_LL_StallEP                          0x080060cb   Thumb Code    18  usbd_conf.o(i.USBD_LL_StallEP)
    USBD_LL_Start                            0x080060dd   Thumb Code    18  usbd_conf.o(i.USBD_LL_Start)
    USBD_LL_Suspend                          0x080060ef   Thumb Code    26  usbd_core.o(i.USBD_LL_Suspend)
    USBD_LL_Transmit                         0x08006109   Thumb Code    18  usbd_conf.o(i.USBD_LL_Transmit)
    USBD_ParseSetupRequest                   0x0800611b   Thumb Code    44  usbd_ctlreq.o(i.USBD_ParseSetupRequest)
    USBD_RegisterClass                       0x08006147   Thumb Code    58  usbd_core.o(i.USBD_RegisterClass)
    USBD_SetClassConfig                      0x08006181   Thumb Code    20  usbd_core.o(i.USBD_SetClassConfig)
    USBD_Start                               0x0800624d   Thumb Code     4  usbd_core.o(i.USBD_Start)
    USBD_StdDevReq                           0x08006251   Thumb Code   300  usbd_ctlreq.o(i.USBD_StdDevReq)
    USBD_StdEPReq                            0x0800637d   Thumb Code   352  usbd_ctlreq.o(i.USBD_StdEPReq)
    USBD_StdItfReq                           0x080064dd   Thumb Code   114  usbd_ctlreq.o(i.USBD_StdItfReq)
    USBD_static_free                         0x0800654f   Thumb Code     2  usbd_conf.o(i.USBD_static_free)
    USBD_static_malloc                       0x08006551   Thumb Code     4  usbd_conf.o(i.USBD_static_malloc)
    USB_ActivateEndpoint                     0x08006559   Thumb Code   122  stm32f4xx_ll_usb.o(i.USB_ActivateEndpoint)
    USB_ActivateSetup                        0x080065d9   Thumb Code    28  stm32f4xx_ll_usb.o(i.USB_ActivateSetup)
    USB_CoreInit                             0x080065f5   Thumb Code   126  stm32f4xx_ll_usb.o(i.USB_CoreInit)
    USB_DeactivateEndpoint                   0x080066b5   Thumb Code   194  stm32f4xx_ll_usb.o(i.USB_DeactivateEndpoint)
    USB_DevConnect                           0x08006781   Thumb Code    28  stm32f4xx_ll_usb.o(i.USB_DevConnect)
    USB_DevDisconnect                        0x0800679d   Thumb Code    28  stm32f4xx_ll_usb.o(i.USB_DevDisconnect)
    USB_DevInit                              0x080067b9   Thumb Code   370  stm32f4xx_ll_usb.o(i.USB_DevInit)
    USB_DisableGlobalInt                     0x08006935   Thumb Code    12  stm32f4xx_ll_usb.o(i.USB_DisableGlobalInt)
    USB_EP0_OutStart                         0x08006941   Thumb Code    84  stm32f4xx_ll_usb.o(i.USB_EP0_OutStart)
    USB_EPClearStall                         0x08006999   Thumb Code    88  stm32f4xx_ll_usb.o(i.USB_EPClearStall)
    USB_EPSetStall                           0x080069f1   Thumb Code    88  stm32f4xx_ll_usb.o(i.USB_EPSetStall)
    USB_EPStartXfer                          0x08006a49   Thumb Code   562  stm32f4xx_ll_usb.o(i.USB_EPStartXfer)
    USB_EPStopXfer                           0x08006c81   Thumb Code   158  stm32f4xx_ll_usb.o(i.USB_EPStopXfer)
    USB_EnableGlobalInt                      0x08006d1f   Thumb Code    12  stm32f4xx_ll_usb.o(i.USB_EnableGlobalInt)
    USB_FlushRxFifo                          0x08006d2b   Thumb Code    56  stm32f4xx_ll_usb.o(i.USB_FlushRxFifo)
    USB_FlushTxFifo                          0x08006d63   Thumb Code    60  stm32f4xx_ll_usb.o(i.USB_FlushTxFifo)
    USB_GetDevSpeed                          0x08006d9f   Thumb Code    26  stm32f4xx_ll_usb.o(i.USB_GetDevSpeed)
    USB_GetMode                              0x08006db9   Thumb Code     8  stm32f4xx_ll_usb.o(i.USB_GetMode)
    USB_ReadDevAllInEpInterrupt              0x08006dc1   Thumb Code    14  stm32f4xx_ll_usb.o(i.USB_ReadDevAllInEpInterrupt)
    USB_ReadDevAllOutEpInterrupt             0x08006dcf   Thumb Code    14  stm32f4xx_ll_usb.o(i.USB_ReadDevAllOutEpInterrupt)
    USB_ReadDevInEPInterrupt                 0x08006ddd   Thumb Code    36  stm32f4xx_ll_usb.o(i.USB_ReadDevInEPInterrupt)
    USB_ReadDevOutEPInterrupt                0x08006e01   Thumb Code    16  stm32f4xx_ll_usb.o(i.USB_ReadDevOutEPInterrupt)
    USB_ReadInterrupts                       0x08006e11   Thumb Code     8  stm32f4xx_ll_usb.o(i.USB_ReadInterrupts)
    USB_ReadPacket                           0x08006e19   Thumb Code    62  stm32f4xx_ll_usb.o(i.USB_ReadPacket)
    USB_SetCurrentMode                       0x08006e57   Thumb Code    92  stm32f4xx_ll_usb.o(i.USB_SetCurrentMode)
    USB_SetDevAddress                        0x08006eb3   Thumb Code    34  stm32f4xx_ll_usb.o(i.USB_SetDevAddress)
    USB_SetTurnaroundTime                    0x08006ed5   Thumb Code   158  stm32f4xx_ll_usb.o(i.USB_SetTurnaroundTime)
    USB_WritePacket                          0x08006fbd   Thumb Code    40  stm32f4xx_ll_usb.o(i.USB_WritePacket)
    UsageFault_Handler                       0x08007057   Thumb Code     2  stm32f4xx_it.o(i.UsageFault_Handler)
    main                                     0x08007393   Thumb Code    54  main.o(i.main)
    osDelay                                  0x080073d5   Thumb Code    14  cmsis_os.o(i.osDelay)
    osKernelStart                            0x080073e3   Thumb Code    10  cmsis_os.o(i.osKernelStart)
    osThreadCreate                           0x080073ed   Thumb Code    84  cmsis_os.o(i.osThreadCreate)
    pvPortMalloc                             0x0800778d   Thumb Code   216  heap_4.o(i.pvPortMalloc)
    pxPortInitialiseStack                    0x08007869   Thumb Code    40  port.o(i.pxPortInitialiseStack)
    remote_control_init                      0x08007895   Thumb Code    12  remote_control.o(i.remote_control_init)
    uxListRemove                             0x08007981   Thumb Code    38  list.o(i.uxListRemove)
    vApplicationGetIdleTaskMemory            0x080079a9   Thumb Code    16  freertos.o(i.vApplicationGetIdleTaskMemory)
    vListInitialise                          0x080079bd   Thumb Code    22  list.o(i.vListInitialise)
    vListInitialiseItem                      0x080079d3   Thumb Code     6  list.o(i.vListInitialiseItem)
    vListInsert                              0x080079d9   Thumb Code    48  list.o(i.vListInsert)
    vListInsertEnd                           0x08007a09   Thumb Code    24  list.o(i.vListInsertEnd)
    vPortEnterCritical                       0x08007a21   Thumb Code    54  port.o(i.vPortEnterCritical)
    vPortExitCritical                        0x08007a61   Thumb Code    34  port.o(i.vPortExitCritical)
    vPortFree                                0x08007a89   Thumb Code    94  heap_4.o(i.vPortFree)
    vPortSetupTimerInterrupt                 0x08007aed   Thumb Code    32  port.o(i.vPortSetupTimerInterrupt)
    vTaskDelay                               0x08007b11   Thumb Code    66  tasks.o(i.vTaskDelay)
    vTaskStartScheduler                      0x08007b5d   Thumb Code    90  tasks.o(i.vTaskStartScheduler)
    vTaskSuspendAll                          0x08007bc9   Thumb Code    10  tasks.o(i.vTaskSuspendAll)
    vTaskSwitchContext                       0x08007bd9   Thumb Code    82  tasks.o(i.vTaskSwitchContext)
    xPortStartScheduler                      0x08007c35   Thumb Code   222  port.o(i.xPortStartScheduler)
    xTaskCreate                              0x08007d29   Thumb Code    90  tasks.o(i.xTaskCreate)
    xTaskCreateStatic                        0x08007d83   Thumb Code    86  tasks.o(i.xTaskCreateStatic)
    xTaskIncrementTick                       0x08007dd9   Thumb Code   194  tasks.o(i.xTaskIncrementTick)
    xTaskResumeAll                           0x08007ea5   Thumb Code   182  tasks.o(i.xTaskResumeAll)
    __aeabi_d2f                              0x08007f69   Thumb Code     0  d2f.o(x$fpl$d2f)
    _d2f                                     0x08007f69   Thumb Code    98  d2f.o(x$fpl$d2f)
    __aeabi_dadd                             0x08007fcd   Thumb Code     0  daddsub_clz.o(x$fpl$dadd)
    _dadd                                    0x08007fcd   Thumb Code   332  daddsub_clz.o(x$fpl$dadd)
    __aeabi_ddiv                             0x0800811d   Thumb Code     0  ddiv.o(x$fpl$ddiv)
    _ddiv                                    0x0800811d   Thumb Code   552  ddiv.o(x$fpl$ddiv)
    __fpl_dnaninf                            0x080083cd   Thumb Code   156  dnaninf.o(x$fpl$dnaninf)
    __fpl_dretinf                            0x08008469   Thumb Code    12  dretinf.o(x$fpl$dretinf)
    __aeabi_dsub                             0x08008475   Thumb Code     0  daddsub_clz.o(x$fpl$dsub)
    _dsub                                    0x08008475   Thumb Code   464  daddsub_clz.o(x$fpl$dsub)
    __aeabi_f2d                              0x08008649   Thumb Code     0  f2d.o(x$fpl$f2d)
    _f2d                                     0x08008649   Thumb Code    86  f2d.o(x$fpl$f2d)
    __fpl_fnaninf                            0x0800869f   Thumb Code   140  fnaninf.o(x$fpl$fnaninf)
    _fp_init                                 0x0800872b   Thumb Code    10  fpinit.o(x$fpl$fpinit)
    __fplib_config_fpu_vfp                   0x08008733   Thumb Code     0  fpinit.o(x$fpl$fpinit)
    __fplib_config_pureend_doubles           0x08008733   Thumb Code     0  fpinit.o(x$fpl$fpinit)
    __fpl_fretinf                            0x08008735   Thumb Code    10  fretinf.o(x$fpl$fretinf)
    __I$use$fp                               0x0800873e   Number         0  usenofp.o(x$fpl$usenofp)
    AHBPrescTable                            0x0800879c   Data          16  system_stm32f4xx.o(.constdata)
    APBPrescTable                            0x080087ac   Data           8  system_stm32f4xx.o(.constdata)
    Region$$Table$$Base                      0x08008930   Number         0  anon$$obj.o(Region$$Table)
    Region$$Table$$Limit                     0x08008950   Number         0  anon$$obj.o(Region$$Table)
    defaultTaskHandle                        0x20000000   Data           4  freertos.o(.data)
    myTask02Handle                           0x20000004   Data           4  freertos.o(.data)
    myTask03Handle                           0x20000008   Data           4  freertos.o(.data)
    FS_Desc                                  0x20000010   Data          28  usbd_desc.o(.data)
    USBD_LangIDDesc                          0x2000002c   Data           4  usbd_desc.o(.data)
    USBD_FS_DeviceDesc                       0x20000030   Data          18  usbd_desc.o(.data)
    USBD_StringSerial                        0x20000044   Data          26  usbd_desc.o(.data)
    USBD_Interface_fops_FS                   0x20000060   Data          20  usbd_cdc_if.o(.data)
    uwTickFreq                               0x20000074   Data           1  stm32f4xx_hal.o(.data)
    uwTickPrio                               0x20000078   Data           4  stm32f4xx_hal.o(.data)
    uwTick                                   0x2000007c   Data           4  stm32f4xx_hal.o(.data)
    SystemCoreClock                          0x20000080   Data           4  system_stm32f4xx.o(.data)
    USBD_CDC                                 0x200000dc   Data          56  usbd_cdc.o(.data)
    pxCurrentTCB                             0x20000114   Data           4  tasks.o(.data)
    dm_cmd_frame                             0x20000182   Data          32  dev_motor_dm.o(.data)
    pitch                                    0x200001a4   Data           4  gimbatask.o(.data)
    pitch_config                             0x200001a8   Data         144  gimbatask.o(.data)
    rammer                                   0x20000238   Data           4  shoottask.o(.data)
    rammer_config                            0x2000023c   Data         144  shoottask.o(.data)
    shoot_config                             0x200002cc   Data         696  shoottask.o(.data)
    hcan1                                    0x200007d8   Data          40  can.o(.bss)
    hcan2                                    0x20000800   Data          40  can.o(.bss)
    htim1                                    0x20000828   Data          72  tim.o(.bss)
    htim4                                    0x20000870   Data          72  tim.o(.bss)
    huart3                                   0x200008b8   Data          72  usart.o(.bss)
    huart6                                   0x20000900   Data          72  usart.o(.bss)
    hdma_usart3_rx                           0x20000948   Data          96  usart.o(.bss)
    hdma_usart6_rx                           0x200009a8   Data          96  usart.o(.bss)
    hdma_usart6_tx                           0x20000a08   Data          96  usart.o(.bss)
    htim12                                   0x20000a68   Data          72  stm32f4xx_hal_timebase_tim.o(.bss)
    hUsbDeviceFS                             0x20000ab0   Data         732  usb_device.o(.bss)
    USBD_StrDesc                             0x20000d8c   Data         512  usbd_desc.o(.bss)
    UserRxBufferFS                           0x20000f8c   Data        2048  usbd_cdc_if.o(.bss)
    UserTxBufferFS                           0x2000178c   Data        2048  usbd_cdc_if.o(.bss)
    hpcd_USB_OTG_FS                          0x200021ac   Data        1252  usbd_conf.o(.bss)
    _SEGGER_RTT                              0x20006380   Data         168  segger_rtt.o(.bss)
    rc_ctrl                                  0x20006838   Data          35  remote_control.o(.bss)
    Shoot                                    0x2000695c   Data          14  shoottask.o(.bss)
    wheel                                    0x2000696c   Data          24  shoottask.o(.bss)
    __libspace_start                         0x20006984   Data          96  libspace.o(.bss)
    __temporary_stack_top$libspace           0x200069e4   Data           0  libspace.o(.bss)



==============================================================================

Memory Map of the image

  Image Entry point : 0x08000189

  Load Region LR_IROM1 (Base: 0x08000000, Size: 0x00008ed4, Max: 0x00100000, ABSOLUTE, COMPRESSED[0x00008abc])

    Execution Region ER_IROM1 (Exec base: 0x08000000, Load base: 0x08000000, Size: 0x00008950, Max: 0x00100000, ABSOLUTE)

    Exec Addr    Load Addr    Size         Type   Attr      Idx    E Section Name        Object

    0x08000000   0x08000000   0x00000188   Data   RO            3    RESET               startup_stm32f407xx.o
    0x08000188   0x08000188   0x00000008   Code   RO         7111  * !!!main             c_w.l(__main.o)
    0x08000190   0x08000190   0x00000034   Code   RO         7305    !!!scatter          c_w.l(__scatter.o)
    0x080001c4   0x080001c4   0x0000005a   Code   RO         7303    !!dczerorl2         c_w.l(__dczerorl2.o)
    0x0800021e   0x0800021e   0x00000002   PAD
    0x08000220   0x08000220   0x0000001c   Code   RO         7307    !!handler_zi        c_w.l(__scatter_zi.o)
    0x0800023c   0x0800023c   0x00000002   Code   RO         7171    .ARM.Collect$$libinit$$00000000  c_w.l(libinit.o)
    0x0800023e   0x0800023e   0x00000004   Code   RO         7183    .ARM.Collect$$libinit$$00000001  c_w.l(libinit2.o)
    0x08000242   0x08000242   0x00000000   Code   RO         7186    .ARM.Collect$$libinit$$00000004  c_w.l(libinit2.o)
    0x08000242   0x08000242   0x00000000   Code   RO         7189    .ARM.Collect$$libinit$$0000000A  c_w.l(libinit2.o)
    0x08000242   0x08000242   0x00000000   Code   RO         7191    .ARM.Collect$$libinit$$0000000C  c_w.l(libinit2.o)
    0x08000242   0x08000242   0x00000000   Code   RO         7193    .ARM.Collect$$libinit$$0000000E  c_w.l(libinit2.o)
    0x08000242   0x08000242   0x00000000   Code   RO         7196    .ARM.Collect$$libinit$$00000011  c_w.l(libinit2.o)
    0x08000242   0x08000242   0x00000000   Code   RO         7198    .ARM.Collect$$libinit$$00000013  c_w.l(libinit2.o)
    0x08000242   0x08000242   0x00000000   Code   RO         7200    .ARM.Collect$$libinit$$00000015  c_w.l(libinit2.o)
    0x08000242   0x08000242   0x00000000   Code   RO         7202    .ARM.Collect$$libinit$$00000017  c_w.l(libinit2.o)
    0x08000242   0x08000242   0x00000000   Code   RO         7204    .ARM.Collect$$libinit$$00000019  c_w.l(libinit2.o)
    0x08000242   0x08000242   0x00000000   Code   RO         7206    .ARM.Collect$$libinit$$0000001B  c_w.l(libinit2.o)
    0x08000242   0x08000242   0x00000000   Code   RO         7208    .ARM.Collect$$libinit$$0000001D  c_w.l(libinit2.o)
    0x08000242   0x08000242   0x00000000   Code   RO         7210    .ARM.Collect$$libinit$$0000001F  c_w.l(libinit2.o)
    0x08000242   0x08000242   0x00000000   Code   RO         7212    .ARM.Collect$$libinit$$00000021  c_w.l(libinit2.o)
    0x08000242   0x08000242   0x00000000   Code   RO         7214    .ARM.Collect$$libinit$$00000023  c_w.l(libinit2.o)
    0x08000242   0x08000242   0x00000000   Code   RO         7216    .ARM.Collect$$libinit$$00000025  c_w.l(libinit2.o)
    0x08000242   0x08000242   0x00000000   Code   RO         7220    .ARM.Collect$$libinit$$0000002C  c_w.l(libinit2.o)
    0x08000242   0x08000242   0x00000000   Code   RO         7222    .ARM.Collect$$libinit$$0000002E  c_w.l(libinit2.o)
    0x08000242   0x08000242   0x00000000   Code   RO         7224    .ARM.Collect$$libinit$$00000030  c_w.l(libinit2.o)
    0x08000242   0x08000242   0x00000000   Code   RO         7226    .ARM.Collect$$libinit$$00000032  c_w.l(libinit2.o)
    0x08000242   0x08000242   0x00000002   Code   RO         7227    .ARM.Collect$$libinit$$00000033  c_w.l(libinit2.o)
    0x08000244   0x08000244   0x00000002   Code   RO         7258    .ARM.Collect$$libshutdown$$00000000  c_w.l(libshutdown.o)
    0x08000246   0x08000246   0x00000000   Code   RO         7284    .ARM.Collect$$libshutdown$$00000002  c_w.l(libshutdown2.o)
    0x08000246   0x08000246   0x00000000   Code   RO         7286    .ARM.Collect$$libshutdown$$00000004  c_w.l(libshutdown2.o)
    0x08000246   0x08000246   0x00000000   Code   RO         7288    .ARM.Collect$$libshutdown$$00000006  c_w.l(libshutdown2.o)
    0x08000246   0x08000246   0x00000000   Code   RO         7291    .ARM.Collect$$libshutdown$$00000009  c_w.l(libshutdown2.o)
    0x08000246   0x08000246   0x00000000   Code   RO         7294    .ARM.Collect$$libshutdown$$0000000C  c_w.l(libshutdown2.o)
    0x08000246   0x08000246   0x00000000   Code   RO         7296    .ARM.Collect$$libshutdown$$0000000E  c_w.l(libshutdown2.o)
    0x08000246   0x08000246   0x00000000   Code   RO         7299    .ARM.Collect$$libshutdown$$00000011  c_w.l(libshutdown2.o)
    0x08000246   0x08000246   0x00000002   Code   RO         7300    .ARM.Collect$$libshutdown$$00000012  c_w.l(libshutdown2.o)
    0x08000248   0x08000248   0x00000000   Code   RO         7127    .ARM.Collect$$rtentry$$00000000  c_w.l(__rtentry.o)
    0x08000248   0x08000248   0x00000000   Code   RO         7142    .ARM.Collect$$rtentry$$00000002  c_w.l(__rtentry2.o)
    0x08000248   0x08000248   0x00000006   Code   RO         7154    .ARM.Collect$$rtentry$$00000004  c_w.l(__rtentry4.o)
    0x0800024e   0x0800024e   0x00000000   Code   RO         7144    .ARM.Collect$$rtentry$$00000009  c_w.l(__rtentry2.o)
    0x0800024e   0x0800024e   0x00000004   Code   RO         7145    .ARM.Collect$$rtentry$$0000000A  c_w.l(__rtentry2.o)
    0x08000252   0x08000252   0x00000000   Code   RO         7147    .ARM.Collect$$rtentry$$0000000C  c_w.l(__rtentry2.o)
    0x08000252   0x08000252   0x00000008   Code   RO         7148    .ARM.Collect$$rtentry$$0000000D  c_w.l(__rtentry2.o)
    0x0800025a   0x0800025a   0x00000002   Code   RO         7175    .ARM.Collect$$rtexit$$00000000  c_w.l(rtexit.o)
    0x0800025c   0x0800025c   0x00000000   Code   RO         7231    .ARM.Collect$$rtexit$$00000002  c_w.l(rtexit2.o)
    0x0800025c   0x0800025c   0x00000004   Code   RO         7232    .ARM.Collect$$rtexit$$00000003  c_w.l(rtexit2.o)
    0x08000260   0x08000260   0x00000006   Code   RO         7233    .ARM.Collect$$rtexit$$00000004  c_w.l(rtexit2.o)
    0x08000266   0x08000266   0x00000002   PAD
    0x08000268   0x08000268   0x000000be   Code   RO         6080    .emb_text           port.o
    0x08000326   0x08000326   0x00000002   PAD
    0x08000328   0x08000328   0x00000040   Code   RO            4    .text               startup_stm32f407xx.o
    0x08000368   0x08000368   0x000000ee   Code   RO         7095    .text               c_w.l(lludivv7m.o)
    0x08000456   0x08000456   0x0000008a   Code   RO         7099    .text               c_w.l(rt_memcpy_v6.o)
    0x080004e0   0x080004e0   0x00000064   Code   RO         7101    .text               c_w.l(rt_memcpy_w.o)
    0x08000544   0x08000544   0x00000044   Code   RO         7105    .text               c_w.l(rt_memclr.o)
    0x08000588   0x08000588   0x0000004e   Code   RO         7107    .text               c_w.l(rt_memclr_w.o)
    0x080005d6   0x080005d6   0x00000006   Code   RO         7109    .text               c_w.l(heapauxi.o)
    0x080005dc   0x080005dc   0x0000004a   Code   RO         7158    .text               c_w.l(sys_stackheap_outer.o)
    0x08000626   0x08000626   0x00000012   Code   RO         7160    .text               c_w.l(exit.o)
    0x08000638   0x08000638   0x00000008   Code   RO         7172    .text               c_w.l(libspace.o)
    0x08000640   0x08000640   0x0000000c   Code   RO         7228    .text               c_w.l(sys_exit.o)
    0x0800064c   0x0800064c   0x00000002   Code   RO         7247    .text               c_w.l(use_no_semi.o)
    0x0800064e   0x0800064e   0x00000000   Code   RO         7249    .text               c_w.l(indicate_semi.o)
    0x0800064e   0x0800064e   0x00000002   Code   RO          526    i.BusFault_Handler  stm32f4xx_it.o
    0x08000650   0x08000650   0x0000000c   Code   RO          527    i.CAN1_RX0_IRQHandler  stm32f4xx_it.o
    0x0800065c   0x0800065c   0x0000000c   Code   RO          528    i.CAN1_RX1_IRQHandler  stm32f4xx_it.o
    0x08000668   0x08000668   0x0000000c   Code   RO          529    i.CAN2_RX0_IRQHandler  stm32f4xx_it.o
    0x08000674   0x08000674   0x0000000c   Code   RO          530    i.CAN2_RX1_IRQHandler  stm32f4xx_it.o
    0x08000680   0x08000680   0x00000004   Code   RO          853    i.CDC_Control_FS    usbd_cdc_if.o
    0x08000684   0x08000684   0x00000004   Code   RO          854    i.CDC_DeInit_FS     usbd_cdc_if.o
    0x08000688   0x08000688   0x00000024   Code   RO          855    i.CDC_Init_FS       usbd_cdc_if.o
    0x080006ac   0x080006ac   0x00000018   Code   RO          856    i.CDC_Receive_FS    usbd_cdc_if.o
    0x080006c4   0x080006c4   0x00000004   Code   RO          857    i.CDC_TransmitCplt_FS  usbd_cdc_if.o
    0x080006c8   0x080006c8   0x000000e4   Code   RO         6515    i.Can_ID_Mask_Mode_Filter_Init  bsp_can.o
    0x080007ac   0x080007ac   0x000000d0   Code   RO         6516    i.Can_Init          bsp_can.o
    0x0800087c   0x0800087c   0x000000ec   Code   RO         6517    i.Can_Register      bsp_can.o
    0x08000968   0x08000968   0x000001dc   Code   RO         6518    i.Can_Register_Check  bsp_can.o
    0x08000b44   0x08000b44   0x00000080   Code   RO         6519    i.Can_Register_To_x_Instance  bsp_can.o
    0x08000bc4   0x08000bc4   0x000001d0   Code   RO         6520    i.Can_Service_Init  bsp_can.o
    0x08000d94   0x08000d94   0x000000cc   Code   RO         6521    i.Can_Transmit      bsp_can.o
    0x08000e60   0x08000e60   0x0000001c   Code   RO         6730    i.Clean_Shoot_CtrlMsg  shootfun.o
    0x08000e7c   0x08000e7c   0x0000000c   Code   RO          531    i.DMA1_Stream1_IRQHandler  stm32f4xx_it.o
    0x08000e88   0x08000e88   0x0000000c   Code   RO          532    i.DMA2_Stream1_IRQHandler  stm32f4xx_it.o
    0x08000e94   0x08000e94   0x0000000c   Code   RO          533    i.DMA2_Stream6_IRQHandler  stm32f4xx_it.o
    0x08000ea0   0x08000ea0   0x00000028   Code   RO         2161    i.DMA_CalcBaseAndBitshift  stm32f4xx_hal_dma.o
    0x08000ec8   0x08000ec8   0x00000054   Code   RO         2162    i.DMA_CheckFifoParam  stm32f4xx_hal_dma.o
    0x08000f1c   0x08000f1c   0x00000002   Code   RO          534    i.DebugMon_Handler  stm32f4xx_it.o
    0x08000f1e   0x08000f1e   0x00000004   Code   RO           13    i.Error_Handler     main.o
    0x08000f22   0x08000f22   0x00000002   PAD
    0x08000f24   0x08000f24   0x000000c8   Code   RO         7027    i.GimbalTask        gimbatask.o
    0x08000fec   0x08000fec   0x00000024   Code   RO         2853    i.HAL_CAN_ActivateNotification  stm32f4xx_hal_can.o
    0x08001010   0x08001010   0x000000d0   Code   RO         2854    i.HAL_CAN_AddTxMessage  stm32f4xx_hal_can.o
    0x080010e0   0x080010e0   0x0000010c   Code   RO         2855    i.HAL_CAN_ConfigFilter  stm32f4xx_hal_can.o
    0x080011ec   0x080011ec   0x00000002   Code   RO         2858    i.HAL_CAN_ErrorCallback  stm32f4xx_hal_can.o
    0x080011ee   0x080011ee   0x00000002   PAD
    0x080011f0   0x080011f0   0x00000022   Code   RO         2860    i.HAL_CAN_GetRxFifoFillLevel  stm32f4xx_hal_can.o
    0x08001212   0x08001212   0x000000f4   Code   RO         2861    i.HAL_CAN_GetRxMessage  stm32f4xx_hal_can.o
    0x08001306   0x08001306   0x0000002c   Code   RO         2863    i.HAL_CAN_GetTxMailboxesFreeLevel  stm32f4xx_hal_can.o
    0x08001332   0x08001332   0x000001fc   Code   RO         2865    i.HAL_CAN_IRQHandler  stm32f4xx_hal_can.o
    0x0800152e   0x0800152e   0x0000011a   Code   RO         2866    i.HAL_CAN_Init      stm32f4xx_hal_can.o
    0x08001648   0x08001648   0x0000011c   Code   RO          352    i.HAL_CAN_MspInit   can.o
    0x08001764   0x08001764   0x00000002   Code   RO         2873    i.HAL_CAN_RxFifo0FullCallback  stm32f4xx_hal_can.o
    0x08001766   0x08001766   0x00000002   PAD
    0x08001768   0x08001768   0x000000b0   Code   RO         6523    i.HAL_CAN_RxFifo0MsgPendingCallback  bsp_can.o
    0x08001818   0x08001818   0x00000002   Code   RO         2875    i.HAL_CAN_RxFifo1FullCallback  stm32f4xx_hal_can.o
    0x0800181a   0x0800181a   0x00000002   PAD
    0x0800181c   0x0800181c   0x000000b0   Code   RO         6524    i.HAL_CAN_RxFifo1MsgPendingCallback  bsp_can.o
    0x080018cc   0x080018cc   0x00000002   Code   RO         2877    i.HAL_CAN_SleepCallback  stm32f4xx_hal_can.o
    0x080018ce   0x080018ce   0x00000002   PAD
    0x080018d0   0x080018d0   0x00000058   Code   RO         2878    i.HAL_CAN_Start     stm32f4xx_hal_can.o
    0x08001928   0x08001928   0x00000002   Code   RO         2880    i.HAL_CAN_TxMailbox0AbortCallback  stm32f4xx_hal_can.o
    0x0800192a   0x0800192a   0x00000002   Code   RO         2881    i.HAL_CAN_TxMailbox0CompleteCallback  stm32f4xx_hal_can.o
    0x0800192c   0x0800192c   0x00000002   Code   RO         2882    i.HAL_CAN_TxMailbox1AbortCallback  stm32f4xx_hal_can.o
    0x0800192e   0x0800192e   0x00000002   Code   RO         2883    i.HAL_CAN_TxMailbox1CompleteCallback  stm32f4xx_hal_can.o
    0x08001930   0x08001930   0x00000002   Code   RO         2884    i.HAL_CAN_TxMailbox2AbortCallback  stm32f4xx_hal_can.o
    0x08001932   0x08001932   0x00000002   Code   RO         2885    i.HAL_CAN_TxMailbox2CompleteCallback  stm32f4xx_hal_can.o
    0x08001934   0x08001934   0x00000002   Code   RO         2887    i.HAL_CAN_WakeUpFromRxMsgCallback  stm32f4xx_hal_can.o
    0x08001936   0x08001936   0x00000092   Code   RO         2164    i.HAL_DMA_Abort     stm32f4xx_hal_dma.o
    0x080019c8   0x080019c8   0x00000024   Code   RO         2165    i.HAL_DMA_Abort_IT  stm32f4xx_hal_dma.o
    0x080019ec   0x080019ec   0x000001a0   Code   RO         2169    i.HAL_DMA_IRQHandler  stm32f4xx_hal_dma.o
    0x08001b8c   0x08001b8c   0x000000d4   Code   RO         2170    i.HAL_DMA_Init      stm32f4xx_hal_dma.o
    0x08001c60   0x08001c60   0x00000024   Code   RO         2601    i.HAL_Delay         stm32f4xx_hal.o
    0x08001c84   0x08001c84   0x000001f0   Code   RO         2057    i.HAL_GPIO_Init     stm32f4xx_hal_gpio.o
    0x08001e74   0x08001e74   0x0000000a   Code   RO         2061    i.HAL_GPIO_WritePin  stm32f4xx_hal_gpio.o
    0x08001e7e   0x08001e7e   0x00000002   PAD
    0x08001e80   0x08001e80   0x0000000c   Code   RO         2607    i.HAL_GetTick       stm32f4xx_hal.o
    0x08001e8c   0x08001e8c   0x00000010   Code   RO         2613    i.HAL_IncTick       stm32f4xx_hal.o
    0x08001e9c   0x08001e9c   0x00000034   Code   RO         2614    i.HAL_Init          stm32f4xx_hal.o
    0x08001ed0   0x08001ed0   0x00000098   Code   RO          680    i.HAL_InitTick      stm32f4xx_hal_timebase_tim.o
    0x08001f68   0x08001f68   0x00000038   Code   RO          656    i.HAL_MspInit       stm32f4xx_hal_msp.o
    0x08001fa0   0x08001fa0   0x0000001a   Code   RO         2449    i.HAL_NVIC_EnableIRQ  stm32f4xx_hal_cortex.o
    0x08001fba   0x08001fba   0x00000002   PAD
    0x08001fbc   0x08001fbc   0x00000040   Code   RO         2455    i.HAL_NVIC_SetPriority  stm32f4xx_hal_cortex.o
    0x08001ffc   0x08001ffc   0x00000024   Code   RO         2456    i.HAL_NVIC_SetPriorityGrouping  stm32f4xx_hal_cortex.o
    0x08002020   0x08002020   0x00000002   Code   RO         1356    i.HAL_PCDEx_LPM_Callback  stm32f4xx_hal_pcd_ex.o
    0x08002022   0x08002022   0x00000008   Code   RO         1357    i.HAL_PCDEx_SetRxFiFo  stm32f4xx_hal_pcd_ex.o
    0x0800202a   0x0800202a   0x00000044   Code   RO         1358    i.HAL_PCDEx_SetTxFiFo  stm32f4xx_hal_pcd_ex.o
    0x0800206e   0x0800206e   0x00000008   Code   RO          910    i.HAL_PCD_ConnectCallback  usbd_conf.o
    0x08002076   0x08002076   0x00000012   Code   RO          911    i.HAL_PCD_DataInStageCallback  usbd_conf.o
    0x08002088   0x08002088   0x00000014   Code   RO          912    i.HAL_PCD_DataOutStageCallback  usbd_conf.o
    0x0800209c   0x0800209c   0x00000008   Code   RO          913    i.HAL_PCD_DisconnectCallback  usbd_conf.o
    0x080020a4   0x080020a4   0x0000001e   Code   RO         1126    i.HAL_PCD_EP_Abort  stm32f4xx_hal_pcd.o
    0x080020c2   0x080020c2   0x0000004a   Code   RO         1127    i.HAL_PCD_EP_Close  stm32f4xx_hal_pcd.o
    0x0800210c   0x0800210c   0x0000005a   Code   RO         1128    i.HAL_PCD_EP_ClrStall  stm32f4xx_hal_pcd.o
    0x08002166   0x08002166   0x00000012   Code   RO         1130    i.HAL_PCD_EP_GetRxCount  stm32f4xx_hal_pcd.o
    0x08002178   0x08002178   0x00000062   Code   RO         1131    i.HAL_PCD_EP_Open   stm32f4xx_hal_pcd.o
    0x080021da   0x080021da   0x00000038   Code   RO         1132    i.HAL_PCD_EP_Receive  stm32f4xx_hal_pcd.o
    0x08002212   0x08002212   0x00000072   Code   RO         1133    i.HAL_PCD_EP_SetStall  stm32f4xx_hal_pcd.o
    0x08002284   0x08002284   0x00000032   Code   RO         1134    i.HAL_PCD_EP_Transmit  stm32f4xx_hal_pcd.o
    0x080022b6   0x080022b6   0x00000002   PAD
    0x080022b8   0x080022b8   0x0000055c   Code   RO         1136    i.HAL_PCD_IRQHandler  stm32f4xx_hal_pcd.o
    0x08002814   0x08002814   0x00000008   Code   RO          914    i.HAL_PCD_ISOINIncompleteCallback  usbd_conf.o
    0x0800281c   0x0800281c   0x00000008   Code   RO          915    i.HAL_PCD_ISOOUTIncompleteCallback  usbd_conf.o
    0x08002824   0x08002824   0x000000cc   Code   RO         1139    i.HAL_PCD_Init      stm32f4xx_hal_pcd.o
    0x080028f0   0x080028f0   0x00000084   Code   RO          917    i.HAL_PCD_MspInit   usbd_conf.o
    0x08002974   0x08002974   0x0000002c   Code   RO          918    i.HAL_PCD_ResetCallback  usbd_conf.o
    0x080029a0   0x080029a0   0x00000008   Code   RO          919    i.HAL_PCD_ResumeCallback  usbd_conf.o
    0x080029a8   0x080029a8   0x00000008   Code   RO          920    i.HAL_PCD_SOFCallback  usbd_conf.o
    0x080029b0   0x080029b0   0x00000026   Code   RO         1145    i.HAL_PCD_SetAddress  stm32f4xx_hal_pcd.o
    0x080029d6   0x080029d6   0x0000000e   Code   RO          921    i.HAL_PCD_SetupStageCallback  usbd_conf.o
    0x080029e4   0x080029e4   0x00000042   Code   RO         1148    i.HAL_PCD_Start     stm32f4xx_hal_pcd.o
    0x08002a26   0x08002a26   0x00000002   PAD
    0x08002a28   0x08002a28   0x00000030   Code   RO          922    i.HAL_PCD_SuspendCallback  usbd_conf.o
    0x08002a58   0x08002a58   0x00000134   Code   RO         1703    i.HAL_RCC_ClockConfig  stm32f4xx_hal_rcc.o
    0x08002b8c   0x08002b8c   0x00000040   Code   RO         1707    i.HAL_RCC_GetClockConfig  stm32f4xx_hal_rcc.o
    0x08002bcc   0x08002bcc   0x0000000c   Code   RO         1708    i.HAL_RCC_GetHCLKFreq  stm32f4xx_hal_rcc.o
    0x08002bd8   0x08002bd8   0x00000020   Code   RO         1710    i.HAL_RCC_GetPCLK1Freq  stm32f4xx_hal_rcc.o
    0x08002bf8   0x08002bf8   0x00000020   Code   RO         1711    i.HAL_RCC_GetPCLK2Freq  stm32f4xx_hal_rcc.o
    0x08002c18   0x08002c18   0x00000064   Code   RO         1712    i.HAL_RCC_GetSysClockFreq  stm32f4xx_hal_rcc.o
    0x08002c7c   0x08002c7c   0x0000036c   Code   RO         1715    i.HAL_RCC_OscConfig  stm32f4xx_hal_rcc.o
    0x08002fe8   0x08002fe8   0x00000002   Code   RO         3792    i.HAL_TIMEx_BreakCallback  stm32f4xx_hal_tim_ex.o
    0x08002fea   0x08002fea   0x00000002   Code   RO         3793    i.HAL_TIMEx_CommutCallback  stm32f4xx_hal_tim_ex.o
    0x08002fec   0x08002fec   0x00000054   Code   RO         3795    i.HAL_TIMEx_ConfigBreakDeadTime  stm32f4xx_hal_tim_ex.o
    0x08003040   0x08003040   0x00000090   Code   RO         3811    i.HAL_TIMEx_MasterConfigSynchronization  stm32f4xx_hal_tim_ex.o
    0x080030d0   0x080030d0   0x0000005a   Code   RO         3088    i.HAL_TIM_Base_Init  stm32f4xx_hal_tim.o
    0x0800312a   0x0800312a   0x00000002   PAD
    0x0800312c   0x0800312c   0x00000058   Code   RO          425    i.HAL_TIM_Base_MspInit  tim.o
    0x08003184   0x08003184   0x00000080   Code   RO         3093    i.HAL_TIM_Base_Start_IT  stm32f4xx_hal_tim.o
    0x08003204   0x08003204   0x000000dc   Code   RO         3097    i.HAL_TIM_ConfigClockSource  stm32f4xx_hal_tim.o
    0x080032e0   0x080032e0   0x00000002   Code   RO         3122    i.HAL_TIM_IC_CaptureCallback  stm32f4xx_hal_tim.o
    0x080032e2   0x080032e2   0x00000130   Code   RO         3136    i.HAL_TIM_IRQHandler  stm32f4xx_hal_tim.o
    0x08003412   0x08003412   0x00000002   PAD
    0x08003414   0x08003414   0x00000054   Code   RO          426    i.HAL_TIM_MspPostInit  tim.o
    0x08003468   0x08003468   0x00000002   Code   RO         3139    i.HAL_TIM_OC_DelayElapsedCallback  stm32f4xx_hal_tim.o
    0x0800346a   0x0800346a   0x000000cc   Code   RO         3160    i.HAL_TIM_PWM_ConfigChannel  stm32f4xx_hal_tim.o
    0x08003536   0x08003536   0x0000005a   Code   RO         3163    i.HAL_TIM_PWM_Init  stm32f4xx_hal_tim.o
    0x08003590   0x08003590   0x00000002   Code   RO         3165    i.HAL_TIM_PWM_MspInit  stm32f4xx_hal_tim.o
    0x08003592   0x08003592   0x00000002   Code   RO         3166    i.HAL_TIM_PWM_PulseFinishedCallback  stm32f4xx_hal_tim.o
    0x08003594   0x08003594   0x00000014   Code   RO           14    i.HAL_TIM_PeriodElapsedCallback  main.o
    0x080035a8   0x080035a8   0x00000002   Code   RO         3179    i.HAL_TIM_TriggerCallback  stm32f4xx_hal_tim.o
    0x080035aa   0x080035aa   0x00000002   Code   RO         4071    i.HAL_UARTEx_RxEventCallback  stm32f4xx_hal_uart.o
    0x080035ac   0x080035ac   0x00000002   Code   RO         4085    i.HAL_UART_ErrorCallback  stm32f4xx_hal_uart.o
    0x080035ae   0x080035ae   0x00000002   PAD
    0x080035b0   0x080035b0   0x00000270   Code   RO         4088    i.HAL_UART_IRQHandler  stm32f4xx_hal_uart.o
    0x08003820   0x08003820   0x00000064   Code   RO         4089    i.HAL_UART_Init     stm32f4xx_hal_uart.o
    0x08003884   0x08003884   0x00000174   Code   RO          479    i.HAL_UART_MspInit  usart.o
    0x080039f8   0x080039f8   0x00000002   Code   RO         4095    i.HAL_UART_RxCpltCallback  stm32f4xx_hal_uart.o
    0x080039fa   0x080039fa   0x00000002   Code   RO         4100    i.HAL_UART_TxCpltCallback  stm32f4xx_hal_uart.o
    0x080039fc   0x080039fc   0x00000002   Code   RO          535    i.HardFault_Handler  stm32f4xx_it.o
    0x080039fe   0x080039fe   0x00000002   PAD
    0x08003a00   0x08003a00   0x00000038   Code   RO          767    i.IntToUnicode      usbd_desc.o
    0x08003a38   0x08003a38   0x00000048   Code   RO          353    i.MX_CAN1_Init      can.o
    0x08003a80   0x08003a80   0x00000048   Code   RO          354    i.MX_CAN2_Init      can.o
    0x08003ac8   0x08003ac8   0x0000005c   Code   RO          400    i.MX_DMA_Init       dma.o
    0x08003b24   0x08003b24   0x00000054   Code   RO          287    i.MX_FREERTOS_Init  freertos.o
    0x08003b78   0x08003b78   0x000000b0   Code   RO          262    i.MX_GPIO_Init      gpio.o
    0x08003c28   0x08003c28   0x000000dc   Code   RO          427    i.MX_TIM1_Init      tim.o
    0x08003d04   0x08003d04   0x00000068   Code   RO          428    i.MX_TIM4_Init      tim.o
    0x08003d6c   0x08003d6c   0x00000040   Code   RO          480    i.MX_USART3_UART_Init  usart.o
    0x08003dac   0x08003dac   0x00000038   Code   RO          481    i.MX_USART6_UART_Init  usart.o
    0x08003de4   0x08003de4   0x00000054   Code   RO          719    i.MX_USB_DEVICE_Init  usb_device.o
    0x08003e38   0x08003e38   0x00000002   Code   RO          536    i.MemManage_Handler  stm32f4xx_it.o
    0x08003e3a   0x08003e3a   0x00000002   PAD
    0x08003e3c   0x08003e3c   0x00000080   Code   RO         6952    i.Motor_DM_Register  dev_motor_dm.o
    0x08003ebc   0x08003ebc   0x0000003c   Code   RO         6884    i.Motor_Dji_Control  dev_motor_dji.o
    0x08003ef8   0x08003ef8   0x00000120   Code   RO         6885    i.Motor_Dji_Decode  dev_motor_dji.o
    0x08004018   0x08004018   0x0000008c   Code   RO         6886    i.Motor_Dji_Grouping  dev_motor_dji.o
    0x080040a4   0x080040a4   0x00000090   Code   RO         6888    i.Motor_Dji_Register  dev_motor_dji.o
    0x08004134   0x08004134   0x00000028   Code   RO         6890    i.Motor_Dji_Transmit  dev_motor_dji.o
    0x0800415c   0x0800415c   0x00000028   Code   RO         6953    i.Motor_Dm_Cmd      dev_motor_dm.o
    0x08004184   0x08004184   0x0000004c   Code   RO         6954    i.Motor_Dm_Control  dev_motor_dm.o
    0x080041d0   0x080041d0   0x00000168   Code   RO         6955    i.Motor_Dm_Decode   dev_motor_dm.o
    0x08004338   0x08004338   0x000000dc   Code   RO         6956    i.Motor_Dm_Mit_Control  dev_motor_dm.o
    0x08004414   0x08004414   0x0000000e   Code   RO         6958    i.Motor_Dm_Transmit  dev_motor_dm.o
    0x08004422   0x08004422   0x00000002   Code   RO          537    i.NMI_Handler       stm32f4xx_it.o
    0x08004424   0x08004424   0x0000000c   Code   RO          538    i.OTG_FS_IRQHandler  stm32f4xx_it.o
    0x08004430   0x08004430   0x000000cc   Code   RO         1152    i.PCD_EP_OutXfrComplete_int  stm32f4xx_hal_pcd.o
    0x080044fc   0x080044fc   0x000000a2   Code   RO         1153    i.PCD_WriteEmptyTxFifo  stm32f4xx_hal_pcd.o
    0x0800459e   0x0800459e   0x00000002   PAD
    0x080045a0   0x080045a0   0x000001cc   Code   RO         6842    i.Pid_Calculate     alg_pid.o
    0x0800476c   0x0800476c   0x00000038   Code   RO         6843    i.Pid_Disable       alg_pid.o
    0x080047a4   0x080047a4   0x0000000e   Code   RO         6844    i.Pid_Enable        alg_pid.o
    0x080047b2   0x080047b2   0x00000020   Code   RO         6845    i.Pid_Limit         alg_pid.o
    0x080047d2   0x080047d2   0x000000be   Code   RO         6846    i.Pid_Register      alg_pid.o
    0x08004890   0x08004890   0x00000060   Code   RO         6434    i.RC_init           bsp_rc.o
    0x080048f0   0x080048f0   0x000000b4   Code   RO         6462    i.Remote_Handler    remote_control.o
    0x080049a4   0x080049a4   0x0000001c   Code   RO         6731    i.Reset_Shoot_CtrlMsg  shootfun.o
    0x080049c0   0x080049c0   0x00000038   Code   RO         6182    i.SEGGER_RTT_Write  segger_rtt.o
    0x080049f8   0x080049f8   0x0000005c   Code   RO         6185    i.SEGGER_RTT_WriteNoLock  segger_rtt.o
    0x08004a54   0x08004a54   0x00000016   Code   RO         6393    i.SEGGER_RTT_printf  segger_rtt_printf.o
    0x08004a6a   0x08004a6a   0x00000196   Code   RO         6394    i.SEGGER_RTT_vprintf  segger_rtt_printf.o
    0x08004c00   0x08004c00   0x0000000a   Code   RO         4619    i.SWAPBYTE          usbd_ctlreq.o
    0x08004c0a   0x08004c0a   0x00000002   PAD
    0x08004c0c   0x08004c0c   0x000000a8   Code   RO         6732    i.Shoor_Ctl_NORMAL  shootfun.o
    0x08004cb4   0x08004cb4   0x00000034   Code   RO         6733    i.Shoor_Ctl_SINGLE  shootfun.o
    0x08004ce8   0x08004ce8   0x00000038   Code   RO         6734    i.Shoor_Ctl_STOP    shootfun.o
    0x08004d20   0x08004d20   0x00000014   Code   RO         6735    i.ShootSelate       shootfun.o
    0x08004d34   0x08004d34   0x00000138   Code   RO         7061    i.ShootTask         shoottask.o
    0x08004e6c   0x08004e6c   0x00000014   Code   RO         6736    i.Shoot_Mode_Choose  shootfun.o
    0x08004e80   0x08004e80   0x00000028   Code   RO         6737    i.Shoot_Mode_choose_remote  shootfun.o
    0x08004ea8   0x08004ea8   0x00000030   Code   RO         6739    i.Shoot_Statemachine_2_Run  shootfun.o
    0x08004ed8   0x08004ed8   0x00000016   Code   RO         6740    i.Shoot_Statemachine_2_Stop  shootfun.o
    0x08004eee   0x08004eee   0x00000002   PAD
    0x08004ef0   0x08004ef0   0x00000028   Code   RO         6741    i.Shoot_clc         shootfun.o
    0x08004f18   0x08004f18   0x0000000c   Code   RO          289    i.StartDefaultTask  freertos.o
    0x08004f24   0x08004f24   0x0000002c   Code   RO         6081    i.SysTick_Handler   port.o
    0x08004f50   0x08004f50   0x00000094   Code   RO           15    i.SystemClock_Config  main.o
    0x08004fe4   0x08004fe4   0x00000010   Code   RO         4423    i.SystemInit        system_stm32f4xx.o
    0x08004ff4   0x08004ff4   0x0000000c   Code   RO          539    i.TIM4_IRQHandler   stm32f4xx_it.o
    0x08005000   0x08005000   0x0000000c   Code   RO          540    i.TIM8_BRK_TIM12_IRQHandler  stm32f4xx_it.o
    0x0800500c   0x0800500c   0x000000d8   Code   RO         3181    i.TIM_Base_SetConfig  stm32f4xx_hal_tim.o
    0x080050e4   0x080050e4   0x00000014   Code   RO         3192    i.TIM_ETR_SetConfig  stm32f4xx_hal_tim.o
    0x080050f8   0x080050f8   0x00000010   Code   RO         3193    i.TIM_ITRx_SetConfig  stm32f4xx_hal_tim.o
    0x08005108   0x08005108   0x00000060   Code   RO         3194    i.TIM_OC1_SetConfig  stm32f4xx_hal_tim.o
    0x08005168   0x08005168   0x0000006c   Code   RO         3195    i.TIM_OC2_SetConfig  stm32f4xx_hal_tim.o
    0x080051d4   0x080051d4   0x00000068   Code   RO         3196    i.TIM_OC3_SetConfig  stm32f4xx_hal_tim.o
    0x0800523c   0x0800523c   0x00000050   Code   RO         3197    i.TIM_OC4_SetConfig  stm32f4xx_hal_tim.o
    0x0800528c   0x0800528c   0x00000022   Code   RO         3199    i.TIM_TI1_ConfigInputStage  stm32f4xx_hal_tim.o
    0x080052ae   0x080052ae   0x00000024   Code   RO         3201    i.TIM_TI2_ConfigInputStage  stm32f4xx_hal_tim.o
    0x080052d2   0x080052d2   0x00000010   Code   RO         4102    i.UART_DMAAbortOnError  stm32f4xx_hal_uart.o
    0x080052e2   0x080052e2   0x0000004e   Code   RO         4112    i.UART_EndRxTransfer  stm32f4xx_hal_uart.o
    0x08005330   0x08005330   0x000000c2   Code   RO         4114    i.UART_Receive_IT   stm32f4xx_hal_uart.o
    0x080053f2   0x080053f2   0x00000002   PAD
    0x080053f4   0x080053f4   0x0000010c   Code   RO         4115    i.UART_SetConfig    stm32f4xx_hal_uart.o
    0x08005500   0x08005500   0x00000014   Code   RO          541    i.USART3_IRQHandler  stm32f4xx_it.o
    0x08005514   0x08005514   0x0000000c   Code   RO          542    i.USART6_IRQHandler  stm32f4xx_it.o
    0x08005520   0x08005520   0x00000076   Code   RO         4757    i.USBD_CDC_DataIn   usbd_cdc.o
    0x08005596   0x08005596   0x0000003c   Code   RO         4758    i.USBD_CDC_DataOut  usbd_cdc.o
    0x080055d2   0x080055d2   0x00000002   PAD
    0x080055d4   0x080055d4   0x00000090   Code   RO         4759    i.USBD_CDC_DeInit   usbd_cdc.o
    0x08005664   0x08005664   0x00000036   Code   RO         4760    i.USBD_CDC_EP0_RxReady  usbd_cdc.o
    0x0800569a   0x0800569a   0x00000002   PAD
    0x0800569c   0x0800569c   0x0000000c   Code   RO         4761    i.USBD_CDC_GetDeviceQualifierDescriptor  usbd_cdc.o
    0x080056a8   0x080056a8   0x0000003c   Code   RO         4762    i.USBD_CDC_GetFSCfgDesc  usbd_cdc.o
    0x080056e4   0x080056e4   0x00000040   Code   RO         4763    i.USBD_CDC_GetHSCfgDesc  usbd_cdc.o
    0x08005724   0x08005724   0x0000003c   Code   RO         4764    i.USBD_CDC_GetOtherSpeedCfgDesc  usbd_cdc.o
    0x08005760   0x08005760   0x00000118   Code   RO         4765    i.USBD_CDC_Init     usbd_cdc.o
    0x08005878   0x08005878   0x00000038   Code   RO         4766    i.USBD_CDC_ReceivePacket  usbd_cdc.o
    0x080058b0   0x080058b0   0x00000016   Code   RO         4767    i.USBD_CDC_RegisterInterface  usbd_cdc.o
    0x080058c6   0x080058c6   0x0000001a   Code   RO         4768    i.USBD_CDC_SetRxBuffer  usbd_cdc.o
    0x080058e0   0x080058e0   0x0000001e   Code   RO         4769    i.USBD_CDC_SetTxBuffer  usbd_cdc.o
    0x080058fe   0x080058fe   0x000000d4   Code   RO         4770    i.USBD_CDC_Setup    usbd_cdc.o
    0x080059d2   0x080059d2   0x00000014   Code   RO         4460    i.USBD_ClrClassConfig  usbd_core.o
    0x080059e6   0x080059e6   0x00000004   Code   RO         4461    i.USBD_CoreFindEP   usbd_core.o
    0x080059ea   0x080059ea   0x00000004   Code   RO         4462    i.USBD_CoreFindIF   usbd_core.o
    0x080059ee   0x080059ee   0x00000010   Code   RO         4697    i.USBD_CtlContinueRx  usbd_ioreq.o
    0x080059fe   0x080059fe   0x00000010   Code   RO         4698    i.USBD_CtlContinueSendData  usbd_ioreq.o
    0x08005a0e   0x08005a0e   0x00000016   Code   RO         4620    i.USBD_CtlError     usbd_ctlreq.o
    0x08005a24   0x08005a24   0x0000001e   Code   RO         4699    i.USBD_CtlPrepareRx  usbd_ioreq.o
    0x08005a42   0x08005a42   0x00000016   Code   RO         4700    i.USBD_CtlReceiveStatus  usbd_ioreq.o
    0x08005a58   0x08005a58   0x0000001a   Code   RO         4701    i.USBD_CtlSendData  usbd_ioreq.o
    0x08005a72   0x08005a72   0x00000016   Code   RO         4702    i.USBD_CtlSendStatus  usbd_ioreq.o
    0x08005a88   0x08005a88   0x00000020   Code   RO          768    i.USBD_FS_ConfigStrDescriptor  usbd_desc.o
    0x08005aa8   0x08005aa8   0x0000000c   Code   RO          769    i.USBD_FS_DeviceDescriptor  usbd_desc.o
    0x08005ab4   0x08005ab4   0x00000024   Code   RO          770    i.USBD_FS_InterfaceStrDescriptor  usbd_desc.o
    0x08005ad8   0x08005ad8   0x0000000c   Code   RO          771    i.USBD_FS_LangIDStrDescriptor  usbd_desc.o
    0x08005ae4   0x08005ae4   0x00000028   Code   RO          772    i.USBD_FS_ManufacturerStrDescriptor  usbd_desc.o
    0x08005b0c   0x08005b0c   0x0000002c   Code   RO          773    i.USBD_FS_ProductStrDescriptor  usbd_desc.o
    0x08005b38   0x08005b38   0x00000038   Code   RO          774    i.USBD_FS_SerialStrDescriptor  usbd_desc.o
    0x08005b70   0x08005b70   0x000000e6   Code   RO         4621    i.USBD_GetDescriptor  usbd_ctlreq.o
    0x08005c56   0x08005c56   0x0000003a   Code   RO         4464    i.USBD_GetEpDesc    usbd_core.o
    0x08005c90   0x08005c90   0x00000014   Code   RO         4622    i.USBD_GetLen       usbd_ctlreq.o
    0x08005ca4   0x08005ca4   0x0000000e   Code   RO         4465    i.USBD_GetNextDesc  usbd_core.o
    0x08005cb2   0x08005cb2   0x0000004e   Code   RO         4623    i.USBD_GetString    usbd_ctlreq.o
    0x08005d00   0x08005d00   0x00000018   Code   RO          923    i.USBD_Get_USB_Status  usbd_conf.o
    0x08005d18   0x08005d18   0x00000026   Code   RO         4466    i.USBD_Init         usbd_core.o
    0x08005d3e   0x08005d3e   0x00000012   Code   RO          924    i.USBD_LL_ClearStallEP  usbd_conf.o
    0x08005d50   0x08005d50   0x00000012   Code   RO          925    i.USBD_LL_CloseEP   usbd_conf.o
    0x08005d62   0x08005d62   0x000000b6   Code   RO         4467    i.USBD_LL_DataInStage  usbd_core.o
    0x08005e18   0x08005e18   0x0000008e   Code   RO         4468    i.USBD_LL_DataOutStage  usbd_core.o
    0x08005ea6   0x08005ea6   0x00000004   Code   RO         4469    i.USBD_LL_DevConnected  usbd_core.o
    0x08005eaa   0x08005eaa   0x0000001e   Code   RO         4470    i.USBD_LL_DevDisconnected  usbd_core.o
    0x08005ec8   0x08005ec8   0x00000008   Code   RO          929    i.USBD_LL_GetRxDataSize  usbd_conf.o
    0x08005ed0   0x08005ed0   0x00000060   Code   RO          930    i.USBD_LL_Init      usbd_conf.o
    0x08005f30   0x08005f30   0x0000001e   Code   RO          931    i.USBD_LL_IsStallEP  usbd_conf.o
    0x08005f4e   0x08005f4e   0x00000028   Code   RO         4471    i.USBD_LL_IsoINIncomplete  usbd_core.o
    0x08005f76   0x08005f76   0x00000028   Code   RO         4472    i.USBD_LL_IsoOUTIncomplete  usbd_core.o
    0x08005f9e   0x08005f9e   0x00000018   Code   RO          932    i.USBD_LL_OpenEP    usbd_conf.o
    0x08005fb6   0x08005fb6   0x00000012   Code   RO          933    i.USBD_LL_PrepareReceive  usbd_conf.o
    0x08005fc8   0x08005fc8   0x0000005c   Code   RO         4473    i.USBD_LL_Reset     usbd_core.o
    0x08006024   0x08006024   0x00000014   Code   RO         4474    i.USBD_LL_Resume    usbd_core.o
    0x08006038   0x08006038   0x0000001a   Code   RO         4475    i.USBD_LL_SOF       usbd_core.o
    0x08006052   0x08006052   0x00000006   Code   RO         4476    i.USBD_LL_SetSpeed  usbd_core.o
    0x08006058   0x08006058   0x00000012   Code   RO          934    i.USBD_LL_SetUSBAddress  usbd_conf.o
    0x0800606a   0x0800606a   0x00000060   Code   RO         4477    i.USBD_LL_SetupStage  usbd_core.o
    0x080060ca   0x080060ca   0x00000012   Code   RO          935    i.USBD_LL_StallEP   usbd_conf.o
    0x080060dc   0x080060dc   0x00000012   Code   RO          936    i.USBD_LL_Start     usbd_conf.o
    0x080060ee   0x080060ee   0x0000001a   Code   RO         4478    i.USBD_LL_Suspend   usbd_core.o
    0x08006108   0x08006108   0x00000012   Code   RO          938    i.USBD_LL_Transmit  usbd_conf.o
    0x0800611a   0x0800611a   0x0000002c   Code   RO         4624    i.USBD_ParseSetupRequest  usbd_ctlreq.o
    0x08006146   0x08006146   0x0000003a   Code   RO         4479    i.USBD_RegisterClass  usbd_core.o
    0x08006180   0x08006180   0x00000014   Code   RO         4481    i.USBD_SetClassConfig  usbd_core.o
    0x08006194   0x08006194   0x000000b8   Code   RO         4625    i.USBD_SetConfig    usbd_ctlreq.o
    0x0800624c   0x0800624c   0x00000004   Code   RO         4482    i.USBD_Start        usbd_core.o
    0x08006250   0x08006250   0x0000012c   Code   RO         4626    i.USBD_StdDevReq    usbd_ctlreq.o
    0x0800637c   0x0800637c   0x00000160   Code   RO         4627    i.USBD_StdEPReq     usbd_ctlreq.o
    0x080064dc   0x080064dc   0x00000072   Code   RO         4628    i.USBD_StdItfReq    usbd_ctlreq.o
    0x0800654e   0x0800654e   0x00000002   Code   RO          939    i.USBD_static_free  usbd_conf.o
    0x08006550   0x08006550   0x00000008   Code   RO          940    i.USBD_static_malloc  usbd_conf.o
    0x08006558   0x08006558   0x00000080   Code   RO         1398    i.USB_ActivateEndpoint  stm32f4xx_ll_usb.o
    0x080065d8   0x080065d8   0x0000001c   Code   RO         1400    i.USB_ActivateSetup  stm32f4xx_ll_usb.o
    0x080065f4   0x080065f4   0x00000084   Code   RO         1402    i.USB_CoreInit      stm32f4xx_ll_usb.o
    0x08006678   0x08006678   0x0000003c   Code   RO         1403    i.USB_CoreReset     stm32f4xx_ll_usb.o
    0x080066b4   0x080066b4   0x000000cc   Code   RO         1406    i.USB_DeactivateEndpoint  stm32f4xx_ll_usb.o
    0x08006780   0x08006780   0x0000001c   Code   RO         1407    i.USB_DevConnect    stm32f4xx_ll_usb.o
    0x0800679c   0x0800679c   0x0000001c   Code   RO         1408    i.USB_DevDisconnect  stm32f4xx_ll_usb.o
    0x080067b8   0x080067b8   0x0000017c   Code   RO         1409    i.USB_DevInit       stm32f4xx_ll_usb.o
    0x08006934   0x08006934   0x0000000c   Code   RO         1410    i.USB_DisableGlobalInt  stm32f4xx_ll_usb.o
    0x08006940   0x08006940   0x00000058   Code   RO         1413    i.USB_EP0_OutStart  stm32f4xx_ll_usb.o
    0x08006998   0x08006998   0x00000058   Code   RO         1414    i.USB_EPClearStall  stm32f4xx_ll_usb.o
    0x080069f0   0x080069f0   0x00000058   Code   RO         1415    i.USB_EPSetStall    stm32f4xx_ll_usb.o
    0x08006a48   0x08006a48   0x00000238   Code   RO         1416    i.USB_EPStartXfer   stm32f4xx_ll_usb.o
    0x08006c80   0x08006c80   0x0000009e   Code   RO         1417    i.USB_EPStopXfer    stm32f4xx_ll_usb.o
    0x08006d1e   0x08006d1e   0x0000000c   Code   RO         1418    i.USB_EnableGlobalInt  stm32f4xx_ll_usb.o
    0x08006d2a   0x08006d2a   0x00000038   Code   RO         1419    i.USB_FlushRxFifo   stm32f4xx_ll_usb.o
    0x08006d62   0x08006d62   0x0000003c   Code   RO         1420    i.USB_FlushTxFifo   stm32f4xx_ll_usb.o
    0x08006d9e   0x08006d9e   0x0000001a   Code   RO         1422    i.USB_GetDevSpeed   stm32f4xx_ll_usb.o
    0x08006db8   0x08006db8   0x00000008   Code   RO         1424    i.USB_GetMode       stm32f4xx_ll_usb.o
    0x08006dc0   0x08006dc0   0x0000000e   Code   RO         1432    i.USB_ReadDevAllInEpInterrupt  stm32f4xx_ll_usb.o
    0x08006dce   0x08006dce   0x0000000e   Code   RO         1433    i.USB_ReadDevAllOutEpInterrupt  stm32f4xx_ll_usb.o
    0x08006ddc   0x08006ddc   0x00000024   Code   RO         1434    i.USB_ReadDevInEPInterrupt  stm32f4xx_ll_usb.o
    0x08006e00   0x08006e00   0x00000010   Code   RO         1435    i.USB_ReadDevOutEPInterrupt  stm32f4xx_ll_usb.o
    0x08006e10   0x08006e10   0x00000008   Code   RO         1436    i.USB_ReadInterrupts  stm32f4xx_ll_usb.o
    0x08006e18   0x08006e18   0x0000003e   Code   RO         1437    i.USB_ReadPacket    stm32f4xx_ll_usb.o
    0x08006e56   0x08006e56   0x0000005c   Code   RO         1439    i.USB_SetCurrentMode  stm32f4xx_ll_usb.o
    0x08006eb2   0x08006eb2   0x00000022   Code   RO         1440    i.USB_SetDevAddress  stm32f4xx_ll_usb.o
    0x08006ed4   0x08006ed4   0x000000e8   Code   RO         1442    i.USB_SetTurnaroundTime  stm32f4xx_ll_usb.o
    0x08006fbc   0x08006fbc   0x00000028   Code   RO         1445    i.USB_WritePacket   stm32f4xx_ll_usb.o
    0x08006fe4   0x08006fe4   0x00000072   Code   RO         6525    i.USER_CAN_RxFifo0MsgPendingCallback  bsp_can.o
    0x08007056   0x08007056   0x00000002   Code   RO          543    i.UsageFault_Handler  stm32f4xx_it.o
    0x08007058   0x08007058   0x00000064   Code   RO         6189    i._DoInit           segger_rtt.o
    0x080070bc   0x080070bc   0x00000016   Code   RO         6190    i._GetAvailWriteSpace  segger_rtt.o
    0x080070d2   0x080070d2   0x00000002   PAD
    0x080070d4   0x080070d4   0x000000c6   Code   RO         6395    i._PrintInt         segger_rtt_printf.o
    0x0800719a   0x0800719a   0x00000002   PAD
    0x0800719c   0x0800719c   0x000000d4   Code   RO         6396    i._PrintUnsigned    segger_rtt_printf.o
    0x08007270   0x08007270   0x0000003e   Code   RO         6397    i._StoreChar        segger_rtt_printf.o
    0x080072ae   0x080072ae   0x0000005a   Code   RO         6192    i._WriteBlocking    segger_rtt.o
    0x08007308   0x08007308   0x00000042   Code   RO         6193    i._WriteNoCheck     segger_rtt.o
    0x0800734a   0x0800734a   0x00000020   Code   RO         2462    i.__NVIC_SetPriority  stm32f4xx_hal_cortex.o
    0x0800736a   0x0800736a   0x00000028   Code   RO         6959    i.float_to_uint     dev_motor_dm.o
    0x08007392   0x08007392   0x00000036   Code   RO           16    i.main              main.o
    0x080073c8   0x080073c8   0x0000000c   Code   RO         5646    i.makeFreeRtosPriority  cmsis_os.o
    0x080073d4   0x080073d4   0x0000000e   Code   RO         5648    i.osDelay           cmsis_os.o
    0x080073e2   0x080073e2   0x0000000a   Code   RO         5651    i.osKernelStart     cmsis_os.o
    0x080073ec   0x080073ec   0x00000054   Code   RO         5685    i.osThreadCreate    cmsis_os.o
    0x08007440   0x08007440   0x00000070   Code   RO         5328    i.prvAddCurrentTaskToDelayedList  tasks.o
    0x080074b0   0x080074b0   0x000000d0   Code   RO         5329    i.prvAddNewTaskToReadyList  tasks.o
    0x08007580   0x08007580   0x00000034   Code   RO         5330    i.prvDeleteTCB      tasks.o
    0x080075b4   0x080075b4   0x0000004c   Code   RO         6013    i.prvHeapInit       heap_4.o
    0x08007600   0x08007600   0x00000060   Code   RO         5331    i.prvIdleTask       tasks.o
    0x08007660   0x08007660   0x00000098   Code   RO         5332    i.prvInitialiseNewTask  tasks.o
    0x080076f8   0x080076f8   0x0000004c   Code   RO         6014    i.prvInsertBlockIntoFreeList  heap_4.o
    0x08007744   0x08007744   0x00000020   Code   RO         5333    i.prvResetNextTaskUnblockTime  tasks.o
    0x08007764   0x08007764   0x00000028   Code   RO         6082    i.prvTaskExitError  port.o
    0x0800778c   0x0800778c   0x000000dc   Code   RO         6015    i.pvPortMalloc      heap_4.o
    0x08007868   0x08007868   0x0000002c   Code   RO         6083    i.pxPortInitialiseStack  port.o
    0x08007894   0x08007894   0x00000010   Code   RO         6464    i.remote_control_init  remote_control.o
    0x080078a4   0x080078a4   0x000000b4   Code   RO         6465    i.sbus_to_rc        remote_control.o
    0x08007958   0x08007958   0x00000028   Code   RO         6960    i.uint_to_float     dev_motor_dm.o
    0x08007980   0x08007980   0x00000026   Code   RO         4964    i.uxListRemove      list.o
    0x080079a6   0x080079a6   0x00000002   PAD
    0x080079a8   0x080079a8   0x00000014   Code   RO          290    i.vApplicationGetIdleTaskMemory  freertos.o
    0x080079bc   0x080079bc   0x00000016   Code   RO         4965    i.vListInitialise   list.o
    0x080079d2   0x080079d2   0x00000006   Code   RO         4966    i.vListInitialiseItem  list.o
    0x080079d8   0x080079d8   0x00000030   Code   RO         4967    i.vListInsert       list.o
    0x08007a08   0x08007a08   0x00000018   Code   RO         4968    i.vListInsertEnd    list.o
    0x08007a20   0x08007a20   0x00000040   Code   RO         6085    i.vPortEnterCritical  port.o
    0x08007a60   0x08007a60   0x00000028   Code   RO         6086    i.vPortExitCritical  port.o
    0x08007a88   0x08007a88   0x00000064   Code   RO         6016    i.vPortFree         heap_4.o
    0x08007aec   0x08007aec   0x00000024   Code   RO         6087    i.vPortSetupTimerInterrupt  port.o
    0x08007b10   0x08007b10   0x0000004c   Code   RO         5342    i.vTaskDelay        tasks.o
    0x08007b5c   0x08007b5c   0x0000006c   Code   RO         5355    i.vTaskStartScheduler  tasks.o
    0x08007bc8   0x08007bc8   0x00000010   Code   RO         5357    i.vTaskSuspendAll   tasks.o
    0x08007bd8   0x08007bd8   0x0000005c   Code   RO         5358    i.vTaskSwitchContext  tasks.o
    0x08007c34   0x08007c34   0x000000f4   Code   RO         6089    i.xPortStartScheduler  port.o
    0x08007d28   0x08007d28   0x0000005a   Code   RO         5361    i.xTaskCreate       tasks.o
    0x08007d82   0x08007d82   0x00000056   Code   RO         5362    i.xTaskCreateStatic  tasks.o
    0x08007dd8   0x08007dd8   0x000000cc   Code   RO         5369    i.xTaskIncrementTick  tasks.o
    0x08007ea4   0x08007ea4   0x000000c4   Code   RO         5375    i.xTaskResumeAll    tasks.o
    0x08007f68   0x08007f68   0x00000062   Code   RO         7113    x$fpl$d2f           fz_wm.l(d2f.o)
    0x08007fca   0x08007fca   0x00000002   PAD
    0x08007fcc   0x08007fcc   0x00000150   Code   RO         7115    x$fpl$dadd          fz_wm.l(daddsub_clz.o)
    0x0800811c   0x0800811c   0x000002b0   Code   RO         7122    x$fpl$ddiv          fz_wm.l(ddiv.o)
    0x080083cc   0x080083cc   0x0000009c   Code   RO         7132    x$fpl$dnaninf       fz_wm.l(dnaninf.o)
    0x08008468   0x08008468   0x0000000c   Code   RO         7134    x$fpl$dretinf       fz_wm.l(dretinf.o)
    0x08008474   0x08008474   0x000001d4   Code   RO         7117    x$fpl$dsub          fz_wm.l(daddsub_clz.o)
    0x08008648   0x08008648   0x00000056   Code   RO         7125    x$fpl$f2d           fz_wm.l(f2d.o)
    0x0800869e   0x0800869e   0x0000008c   Code   RO         7136    x$fpl$fnaninf       fz_wm.l(fnaninf.o)
    0x0800872a   0x0800872a   0x0000000a   Code   RO         7243    x$fpl$fpinit        fz_wm.l(fpinit.o)
    0x08008734   0x08008734   0x0000000a   Code   RO         7138    x$fpl$fretinf       fz_wm.l(fretinf.o)
    0x0800873e   0x0800873e   0x00000000   Code   RO         7140    x$fpl$usenofp       fz_wm.l(usenofp.o)
    0x0800873e   0x0800873e   0x00000002   PAD
    0x08008740   0x08008740   0x00000054   Data   RO          292    .constdata          freertos.o
    0x08008794   0x08008794   0x00000008   Data   RO         2176    .constdata          stm32f4xx_hal_dma.o
    0x0800879c   0x0800879c   0x00000010   Data   RO         4424    .constdata          system_stm32f4xx.o
    0x080087ac   0x080087ac   0x00000008   Data   RO         4425    .constdata          system_stm32f4xx.o
    0x080087b4   0x080087b4   0x00000011   Data   RO         6195    .constdata          segger_rtt.o
    0x080087c5   0x080087c5   0x00000010   Data   RO         6398    .constdata          segger_rtt_printf.o
    0x080087d5   0x080087d5   0x00000003   PAD
    0x080087d8   0x080087d8   0x00000018   Data   RO         6527    .constdata          bsp_can.o
    0x080087f0   0x080087f0   0x00000024   Data   RO          293    .conststring        freertos.o
    0x08008814   0x08008814   0x00000115   Data   RO         6528    .conststring        bsp_can.o
    0x08008929   0x08008929   0x00000003   PAD
    0x0800892c   0x0800892c   0x00000002   Data   RO         7028    .conststring        gimbatask.o
    0x0800892e   0x0800892e   0x00000002   PAD
    0x08008930   0x08008930   0x00000020   Data   RO         7301    Region$$Table       anon$$obj.o


    Execution Region RW_IRAM1 (Exec base: 0x20000000, Load base: 0x08008950, Size: 0x00006fe8, Max: 0x0001c000, ABSOLUTE, COMPRESSED[0x0000016c])

    Exec Addr    Load Addr    Size         Type   Attr      Idx    E Section Name        Object

    0x20000000   COMPRESSED   0x0000000c   Data   RW          294    .data               freertos.o
    0x2000000c   COMPRESSED   0x00000004   Data   RW          356    .data               can.o
    0x20000010   COMPRESSED   0x0000001c   Data   RW          776    .data               usbd_desc.o
    0x2000002c   COMPRESSED   0x00000032   Data   RW          777    .data               usbd_desc.o
    0x2000005e   COMPRESSED   0x00000002   PAD
    0x20000060   COMPRESSED   0x00000014   Data   RW          860    .data               usbd_cdc_if.o
    0x20000074   COMPRESSED   0x0000000c   Data   RW         2621    .data               stm32f4xx_hal.o
    0x20000080   COMPRESSED   0x00000004   Data   RW         4426    .data               system_stm32f4xx.o
    0x20000084   COMPRESSED   0x00000001   Data   RW         4629    .data               usbd_ctlreq.o
    0x20000085   COMPRESSED   0x00000003   PAD
    0x20000088   COMPRESSED   0x00000053   Data   RW         4772    .data               usbd_cdc.o
    0x200000db   COMPRESSED   0x00000001   PAD
    0x200000dc   COMPRESSED   0x00000038   Data   RW         4773    .data               usbd_cdc.o
    0x20000114   COMPRESSED   0x0000003c   Data   RW         5378    .data               tasks.o
    0x20000150   COMPRESSED   0x00000020   Data   RW         6022    .data               heap_4.o
    0x20000170   COMPRESSED   0x0000000c   Data   RW         6090    .data               port.o
    0x2000017c   COMPRESSED   0x00000002   Data   RW         6467    .data               remote_control.o
    0x2000017e   COMPRESSED   0x00000003   Data   RW         6529    .data               bsp_can.o
    0x20000181   COMPRESSED   0x00000001   Data   RW         6892    .data               dev_motor_dji.o
    0x20000182   COMPRESSED   0x00000020   Data   RW         6961    .data               dev_motor_dm.o
    0x200001a2   COMPRESSED   0x00000002   PAD
    0x200001a4   COMPRESSED   0x00000094   Data   RW         7029    .data               gimbatask.o
    0x20000238   COMPRESSED   0x0000034c   Data   RW         7064    .data               shoottask.o
    0x20000584        -       0x00000254   Zero   RW          291    .bss                freertos.o
    0x200007d8        -       0x00000050   Zero   RW          355    .bss                can.o
    0x20000828        -       0x00000090   Zero   RW          429    .bss                tim.o
    0x200008b8        -       0x000001b0   Zero   RW          482    .bss                usart.o
    0x20000a68        -       0x00000048   Zero   RW          683    .bss                stm32f4xx_hal_timebase_tim.o
    0x20000ab0        -       0x000002dc   Zero   RW          720    .bss                usb_device.o
    0x20000d8c        -       0x00000200   Zero   RW          775    .bss                usbd_desc.o
    0x20000f8c        -       0x00001000   Zero   RW          859    .bss                usbd_cdc_if.o
    0x20001f8c        -       0x00000704   Zero   RW          941    .bss                usbd_conf.o
    0x20002690        -       0x000000f0   Zero   RW         5377    .bss                tasks.o
    0x20002780        -       0x00003c00   Zero   RW         6021    .bss                heap_4.o
    0x20006380        -       0x000004b8   Zero   RW         6194    .bss                segger_rtt.o
    0x20006838        -       0x0000006b   Zero   RW         6466    .bss                remote_control.o
    0x200068a3   COMPRESSED   0x00000001   PAD
    0x200068a4        -       0x00000088   Zero   RW         6526    .bss                bsp_can.o
    0x2000692c        -       0x00000030   Zero   RW         6891    .bss                dev_motor_dji.o
    0x2000695c        -       0x00000028   Zero   RW         7062    .bss                shoottask.o
    0x20006984        -       0x00000060   Zero   RW         7173    .bss                c_w.l(libspace.o)
    0x200069e4   COMPRESSED   0x00000004   PAD
    0x200069e8        -       0x00000200   Zero   RW            2    HEAP                startup_stm32f407xx.o
    0x20006be8        -       0x00000400   Zero   RW            1    STACK               startup_stm32f407xx.o


    Execution Region RW_IRAM2 (Exec base: 0x2001c000, Load base: 0x08008abc, Size: 0x00000000, Max: 0x00004000, ABSOLUTE)

    **** No section assigned to this execution region ****


==============================================================================

Image component sizes


      Code (inc. data)   RO Data    RW Data    ZI Data      Debug   Object Name

       752         12          0          0          0       5634   alg_pid.o
      2410       1198        301          3        136      20514   bsp_can.o
        96         12          0          0          0       1026   bsp_rc.o
       428         46          0          4         80       2594   can.o
       120          0          0          0          0      23505   cmsis_os.o
       672         40          0          1         48       6610   dev_motor_dji.o
       918         38          0         32          0       9484   dev_motor_dm.o
        92          4          0          0          0        866   dma.o
         0          0          0          0          0      17032   event_groups.o
       116         14        120         12        596       7244   freertos.o
       200         34          2        148          0       1350   gimbatask.o
       176         10          0          0          0       1099   gpio.o
       472         24          0         32      15360       7567   heap_4.o
       138          0          0          0          0       3674   list.o
       226         14          0          0          0     747612   main.o
       702         72          0         12          0      11196   port.o
       376         28          0          2        107       7125   remote_control.o
       426         32         17          0       1208      10706   segger_rtt.o
       900          6         16          0          0       5873   segger_rtt_printf.o
       522         76          0          0          0      11886   shootfun.o
       312         22          0        844         40       2532   shoottask.o
        64         26        392          0       1536        864   startup_stm32f407xx.o
       116         18          0         12          0       8850   stm32f4xx_hal.o
      1734          6          0          0          0      15682   stm32f4xx_hal_can.o
       158         14          0          0          0      33138   stm32f4xx_hal_cortex.o
       934         16          8          0          0       5751   stm32f4xx_hal_dma.o
       506         46          0          0          0       2252   stm32f4xx_hal_gpio.o
        56          4          0          0          0        906   stm32f4xx_hal_msp.o
      2576         12          0          0          0      13844   stm32f4xx_hal_pcd.o
        78          0          0          0          0       2473   stm32f4xx_hal_pcd_ex.o
      1424         92          0          0          0       6529   stm32f4xx_hal_rcc.o
      1756        110          0          0          0      15982   stm32f4xx_hal_tim.o
       232         28          0          0          0       3401   stm32f4xx_hal_tim_ex.o
       152         20          0          0         72       1536   stm32f4xx_hal_timebase_tim.o
      1288         16          0          0          0       8572   stm32f4xx_hal_uart.o
       164         70          0          0          0       8845   stm32f4xx_it.o
      2700        116          0          0          0      23824   stm32f4xx_ll_usb.o
         0          0          0          0          0        432   stream_buffer.o
        16          4         24          4          0       1187   system_stm32f4xx.o
      1520        112          0         60        240      19822   tasks.o
       496         42          0          0        144       3297   tim.o
       492         54          0          0        432       2804   usart.o
        84         18          0          0        732       2679   usb_device.o
      1198         32          0        139          0      13919   usbd_cdc.o
        72         16          0         20       4096       3358   usbd_cdc_if.o
       642         24          0          0       1796      17348   usbd_conf.o
       924          0          0          0          0      15883   usbd_core.o
      1354         28          0          1          0      15548   usbd_ctlreq.o
       288        104          0         78        512       6369   usbd_desc.o
       132          0          0          0          0       4660   usbd_ioreq.o

    ----------------------------------------------------------------------
     31258       2710        920       1412      27136    1164884   Object Totals
         0          0         32          0          0          0   (incl. Generated)
        48          0          8          8          1          0   (incl. Padding)

    ----------------------------------------------------------------------

      Code (inc. data)   RO Data    RW Data    ZI Data      Debug   Library Member Name

        90          0          0          0          0          0   __dczerorl2.o
         8          0          0          0          0         68   __main.o
         0          0          0          0          0          0   __rtentry.o
        12          0          0          0          0          0   __rtentry2.o
         6          0          0          0          0          0   __rtentry4.o
        52          8          0          0          0          0   __scatter.o
        28          0          0          0          0          0   __scatter_zi.o
        18          0          0          0          0         80   exit.o
         6          0          0          0          0        152   heapauxi.o
         0          0          0          0          0          0   indicate_semi.o
         2          0          0          0          0          0   libinit.o
         6          0          0          0          0          0   libinit2.o
         2          0          0          0          0          0   libshutdown.o
         2          0          0          0          0          0   libshutdown2.o
         8          4          0          0         96         68   libspace.o
       238          0          0          0          0        100   lludivv7m.o
        68          0          0          0          0         68   rt_memclr.o
        78          0          0          0          0         80   rt_memclr_w.o
       138          0          0          0          0         68   rt_memcpy_v6.o
       100          0          0          0          0         80   rt_memcpy_w.o
         2          0          0          0          0          0   rtexit.o
        10          0          0          0          0          0   rtexit2.o
        12          4          0          0          0         68   sys_exit.o
        74          0          0          0          0         80   sys_stackheap_outer.o
         2          0          0          0          0         68   use_no_semi.o
        98          4          0          0          0        140   d2f.o
       804         16          0          0          0        368   daddsub_clz.o
       688        140          0          0          0        256   ddiv.o
       156          4          0          0          0        140   dnaninf.o
        12          0          0          0          0        116   dretinf.o
        86          4          0          0          0        132   f2d.o
       140          4          0          0          0        132   fnaninf.o
        10          0          0          0          0        116   fpinit.o
        10          0          0          0          0        116   fretinf.o
         0          0          0          0          0          0   usenofp.o

    ----------------------------------------------------------------------
      2974        188          0          0        100       2496   Library Totals
         8          0          0          0          4          0   (incl. Padding)

    ----------------------------------------------------------------------

      Code (inc. data)   RO Data    RW Data    ZI Data      Debug   Library Name

       962         16          0          0         96        980   c_w.l
      2004        172          0          0          0       1516   fz_wm.l

    ----------------------------------------------------------------------
      2974        188          0          0        100       2496   Library Totals

    ----------------------------------------------------------------------

==============================================================================


      Code (inc. data)   RO Data    RW Data    ZI Data      Debug   

     34232       2898        920       1412      27236    1132564   Grand Totals
     34232       2898        920        364      27236    1132564   ELF Image Totals (compressed)
     34232       2898        920        364          0          0   ROM Totals

==============================================================================

    Total RO  Size (Code + RO Data)                35152 (  34.33kB)
    Total RW  Size (RW Data + ZI Data)             28648 (  27.98kB)
    Total ROM Size (Code + RO Data + RW Data)      35516 (  34.68kB)

==============================================================================

