Component: ARM Compiler 5.06 update 7 (build 960) Tool: armlink [4d3601]

==============================================================================

Section Cross References

    startup_stm32f407xx.o(STACK) refers (Special) to heapauxi.o(.text) for __use_two_region_memory
    startup_stm32f407xx.o(HEAP) refers (Special) to heapauxi.o(.text) for __use_two_region_memory
    startup_stm32f407xx.o(RESET) refers (Special) to heapauxi.o(.text) for __use_two_region_memory
    startup_stm32f407xx.o(RESET) refers to startup_stm32f407xx.o(STACK) for __initial_sp
    startup_stm32f407xx.o(RESET) refers to startup_stm32f407xx.o(.text) for Reset_Handler
    startup_stm32f407xx.o(RESET) refers to stm32f4xx_it.o(i.NMI_Handler) for NMI_Handler
    startup_stm32f407xx.o(RESET) refers to stm32f4xx_it.o(i.HardFault_Handler) for HardFault_Handler
    startup_stm32f407xx.o(RESET) refers to stm32f4xx_it.o(i.MemManage_Handler) for MemManage_Handler
    startup_stm32f407xx.o(RESET) refers to stm32f4xx_it.o(i.BusFault_Handler) for BusFault_Handler
    startup_stm32f407xx.o(RESET) refers to stm32f4xx_it.o(i.UsageFault_Handler) for UsageFault_Handler
    startup_stm32f407xx.o(RESET) refers to port.o(.emb_text) for SVC_Handler
    startup_stm32f407xx.o(RESET) refers to stm32f4xx_it.o(i.DebugMon_Handler) for DebugMon_Handler
    startup_stm32f407xx.o(RESET) refers to port.o(i.SysTick_Handler) for SysTick_Handler
    startup_stm32f407xx.o(RESET) refers to stm32f4xx_it.o(i.DMA1_Stream1_IRQHandler) for DMA1_Stream1_IRQHandler
    startup_stm32f407xx.o(RESET) refers to stm32f4xx_it.o(i.CAN1_RX0_IRQHandler) for CAN1_RX0_IRQHandler
    startup_stm32f407xx.o(RESET) refers to stm32f4xx_it.o(i.TIM4_IRQHandler) for TIM4_IRQHandler
    startup_stm32f407xx.o(RESET) refers to stm32f4xx_it.o(i.USART3_IRQHandler) for USART3_IRQHandler
    startup_stm32f407xx.o(RESET) refers to stm32f4xx_it.o(i.TIM8_BRK_TIM12_IRQHandler) for TIM8_BRK_TIM12_IRQHandler
    startup_stm32f407xx.o(RESET) refers to stm32f4xx_it.o(i.DMA2_Stream1_IRQHandler) for DMA2_Stream1_IRQHandler
    startup_stm32f407xx.o(RESET) refers to stm32f4xx_it.o(i.CAN2_RX0_IRQHandler) for CAN2_RX0_IRQHandler
    startup_stm32f407xx.o(RESET) refers to stm32f4xx_it.o(i.OTG_FS_IRQHandler) for OTG_FS_IRQHandler
    startup_stm32f407xx.o(RESET) refers to stm32f4xx_it.o(i.DMA2_Stream6_IRQHandler) for DMA2_Stream6_IRQHandler
    startup_stm32f407xx.o(RESET) refers to stm32f4xx_it.o(i.USART6_IRQHandler) for USART6_IRQHandler
    startup_stm32f407xx.o(.text) refers (Special) to heapauxi.o(.text) for __use_two_region_memory
    startup_stm32f407xx.o(.text) refers to system_stm32f4xx.o(i.SystemInit) for SystemInit
    startup_stm32f407xx.o(.text) refers to __main.o(!!!main) for __main
    startup_stm32f407xx.o(.text) refers to startup_stm32f407xx.o(HEAP) for Heap_Mem
    startup_stm32f407xx.o(.text) refers to startup_stm32f407xx.o(STACK) for Stack_Mem
    main.o(i.HAL_TIM_PeriodElapsedCallback) refers to stm32f4xx_hal.o(i.HAL_IncTick) for HAL_IncTick
    main.o(i.SystemClock_Config) refers to rt_memclr_w.o(.text) for __aeabi_memclr4
    main.o(i.SystemClock_Config) refers to stm32f4xx_hal_rcc.o(i.HAL_RCC_OscConfig) for HAL_RCC_OscConfig
    main.o(i.SystemClock_Config) refers to stm32f4xx_hal_rcc.o(i.HAL_RCC_ClockConfig) for HAL_RCC_ClockConfig
    main.o(i.main) refers to stm32f4xx_hal.o(i.HAL_Init) for HAL_Init
    main.o(i.main) refers to main.o(i.SystemClock_Config) for SystemClock_Config
    main.o(i.main) refers to gpio.o(i.MX_GPIO_Init) for MX_GPIO_Init
    main.o(i.main) refers to dma.o(i.MX_DMA_Init) for MX_DMA_Init
    main.o(i.main) refers to can.o(i.MX_CAN1_Init) for MX_CAN1_Init
    main.o(i.main) refers to can.o(i.MX_CAN2_Init) for MX_CAN2_Init
    main.o(i.main) refers to usart.o(i.MX_USART3_UART_Init) for MX_USART3_UART_Init
    main.o(i.main) refers to tim.o(i.MX_TIM1_Init) for MX_TIM1_Init
    main.o(i.main) refers to usart.o(i.MX_USART6_UART_Init) for MX_USART6_UART_Init
    main.o(i.main) refers to tim.o(i.MX_TIM4_Init) for MX_TIM4_Init
    main.o(i.main) refers to bsp_can.o(i.can_filter_init) for can_filter_init
    main.o(i.main) refers to remote_control.o(i.remote_control_init) for remote_control_init
    main.o(i.main) refers to freertos.o(i.MX_FREERTOS_Init) for MX_FREERTOS_Init
    main.o(i.main) refers to cmsis_os.o(i.osKernelStart) for osKernelStart
    gpio.o(i.MX_GPIO_Init) refers to rt_memclr_w.o(.text) for __aeabi_memclr4
    gpio.o(i.MX_GPIO_Init) refers to stm32f4xx_hal_gpio.o(i.HAL_GPIO_WritePin) for HAL_GPIO_WritePin
    gpio.o(i.MX_GPIO_Init) refers to stm32f4xx_hal_gpio.o(i.HAL_GPIO_Init) for HAL_GPIO_Init
    freertos.o(i.Gimbal_task) refers to cmsis_os.o(i.osDelay) for osDelay
    freertos.o(i.MX_FREERTOS_Init) refers to rt_memcpy_w.o(.text) for __aeabi_memcpy4
    freertos.o(i.MX_FREERTOS_Init) refers to cmsis_os.o(i.osThreadCreate) for osThreadCreate
    freertos.o(i.MX_FREERTOS_Init) refers to freertos.o(.constdata) for .constdata
[...]
    TIM8_UP_TIM13_IRQHandler                 0x08000343   Thumb Code     0  startup_stm32f407xx.o(.text)
    UART4_IRQHandler                         0x08000343   Thumb Code     0  startup_stm32f407xx.o(.text)
    UART5_IRQHandler                         0x08000343   Thumb Code     0  startup_stm32f407xx.o(.text)
    USART1_IRQHandler                        0x08000343   Thumb Code     0  startup_stm32f407xx.o(.text)
    USART2_IRQHandler                        0x08000343   Thumb Code     0  startup_stm32f407xx.o(.text)
    WWDG_IRQHandler                          0x08000343   Thumb Code     0  startup_stm32f407xx.o(.text)
    __user_initial_stackheap                 0x08000345   Thumb Code     0  startup_stm32f407xx.o(.text)
    __aeabi_uldivmod                         0x08000369   Thumb Code     0  lludivv7m.o(.text)
    _ll_udiv                                 0x08000369   Thumb Code   238  lludivv7m.o(.text)
    __aeabi_memcpy4                          0x08000457   Thumb Code     0  rt_memcpy_w.o(.text)
    __aeabi_memcpy8                          0x08000457   Thumb Code     0  rt_memcpy_w.o(.text)
    __rt_memcpy_w                            0x08000457   Thumb Code   100  rt_memcpy_w.o(.text)
    _memcpy_lastbytes_aligned                0x0800049f   Thumb Code     0  rt_memcpy_w.o(.text)
    __aeabi_memclr4                          0x080004bb   Thumb Code     0  rt_memclr_w.o(.text)
    __aeabi_memclr8                          0x080004bb   Thumb Code     0  rt_memclr_w.o(.text)
    __rt_memclr_w                            0x080004bb   Thumb Code    78  rt_memclr_w.o(.text)
    _memset_w                                0x080004bf   Thumb Code     0  rt_memclr_w.o(.text)
    __use_two_region_memory                  0x08000509   Thumb Code     2  heapauxi.o(.text)
    __rt_heap_escrow$2region                 0x0800050b   Thumb Code     2  heapauxi.o(.text)
    __rt_heap_expand$2region                 0x0800050d   Thumb Code     2  heapauxi.o(.text)
    __user_setup_stackheap                   0x0800050f   Thumb Code    74  sys_stackheap_outer.o(.text)
    exit                                     0x08000559   Thumb Code    18  exit.o(.text)
    __user_libspace                          0x0800056d   Thumb Code     8  libspace.o(.text)
    __user_perproc_libspace                  0x0800056d   Thumb Code     0  libspace.o(.text)
    __user_perthread_libspace                0x0800056d   Thumb Code     0  libspace.o(.text)
    _sys_exit                                0x08000575   Thumb Code     8  sys_exit.o(.text)
    __I$use$semihosting                      0x08000581   Thumb Code     0  use_no_semi.o(.text)
    __use_no_semihosting_swi                 0x08000581   Thumb Code     2  use_no_semi.o(.text)
    BusFault_Handler                         0x08000583   Thumb Code     2  stm32f4xx_it.o(i.BusFault_Handler)
    __semihosting_library_function           0x08000583   Thumb Code     0  indicate_semi.o(.text)
    CAN1_RX0_IRQHandler                      0x08000585   Thumb Code     6  stm32f4xx_it.o(i.CAN1_RX0_IRQHandler)
    CAN2_RX0_IRQHandler                      0x08000591   Thumb Code     6  stm32f4xx_it.o(i.CAN2_RX0_IRQHandler)
    DMA1_Stream1_IRQHandler                  0x080005e5   Thumb Code     6  stm32f4xx_it.o(i.DMA1_Stream1_IRQHandler)
    DMA2_Stream1_IRQHandler                  0x080005f1   Thumb Code     6  stm32f4xx_it.o(i.DMA2_Stream1_IRQHandler)
    DMA2_Stream6_IRQHandler                  0x080005fd   Thumb Code     6  stm32f4xx_it.o(i.DMA2_Stream6_IRQHandler)
    DebugMon_Handler                         0x08000685   Thumb Code     2  stm32f4xx_it.o(i.DebugMon_Handler)
    Error_Handler                            0x08000687   Thumb Code     4  main.o(i.Error_Handler)
    Get_Total_Angle                          0x0800068d   Thumb Code   158  dji3508.o(i.Get_Total_Angle)
    Gimbal_Init                              0x08000751   Thumb Code    74  gimbalfun.o(i.Gimbal_Init)
    Gimbal_task                              0x080007c1   Thumb Code   174  gimbal_task.o(i.Gimbal_task)
    HAL_CAN_ActivateNotification             0x08000891   Thumb Code    36  stm32f4xx_hal_can.o(i.HAL_CAN_ActivateNotification)
    HAL_CAN_AddTxMessage                     0x080008b5   Thumb Code   208  stm32f4xx_hal_can.o(i.HAL_CAN_AddTxMessage)
    HAL_CAN_ConfigFilter                     0x08000985   Thumb Code   262  stm32f4xx_hal_can.o(i.HAL_CAN_ConfigFilter)
    HAL_CAN_ErrorCallback                    0x08000a91   Thumb Code     2  stm32f4xx_hal_can.o(i.HAL_CAN_ErrorCallback)
    HAL_CAN_GetRxMessage                     0x08000a93   Thumb Code   244  stm32f4xx_hal_can.o(i.HAL_CAN_GetRxMessage)
    HAL_CAN_GetTxMailboxesFreeLevel          0x08000b87   Thumb Code    44  stm32f4xx_hal_can.o(i.HAL_CAN_GetTxMailboxesFreeLevel)
    HAL_CAN_IRQHandler                       0x08000bb3   Thumb Code   508  stm32f4xx_hal_can.o(i.HAL_CAN_IRQHandler)
    HAL_CAN_Init                             0x08000daf   Thumb Code   282  stm32f4xx_hal_can.o(i.HAL_CAN_Init)
    HAL_CAN_MspInit                          0x08000ec9   Thumb Code   226  can.o(i.HAL_CAN_MspInit)
    HAL_CAN_RxFifo0FullCallback              0x08000fc5   Thumb Code     2  stm32f4xx_hal_can.o(i.HAL_CAN_RxFifo0FullCallback)
    HAL_CAN_RxFifo0MsgPendingCallback        0x08000fc9   Thumb Code    62  bsp_can.o(i.HAL_CAN_RxFifo0MsgPendingCallback)
    HAL_CAN_RxFifo1FullCallback              0x0800100d   Thumb Code     2  stm32f4xx_hal_can.o(i.HAL_CAN_RxFifo1FullCallback)
    HAL_CAN_RxFifo1MsgPendingCallback        0x0800100f   Thumb Code     2  stm32f4xx_hal_can.o(i.HAL_CAN_RxFifo1MsgPendingCallback)
    HAL_CAN_SleepCallback                    0x08001011   Thumb Code     2  stm32f4xx_hal_can.o(i.HAL_CAN_SleepCallback)
    HAL_CAN_Start                            0x08001015   Thumb Code    88  stm32f4xx_hal_can.o(i.HAL_CAN_Start)
    HAL_CAN_TxMailbox0AbortCallback          0x0800106d   Thumb Code     2  stm32f4xx_hal_can.o(i.HAL_CAN_TxMailbox0AbortCallback)
    HAL_CAN_TxMailbox0CompleteCallback       0x0800106f   Thumb Code     2  stm32f4xx_hal_can.o(i.HAL_CAN_TxMailbox0CompleteCallback)
    HAL_CAN_TxMailbox1AbortCallback          0x08001071   Thumb Code     2  stm32f4xx_hal_can.o(i.HAL_CAN_TxMailbox1AbortCallback)
    HAL_CAN_TxMailbox1CompleteCallback       0x08001073   Thumb Code     2  stm32f4xx_hal_can.o(i.HAL_CAN_TxMailbox1CompleteCallback)
    HAL_CAN_TxMailbox2AbortCallback          0x08001075   Thumb Code     2  stm32f4xx_hal_can.o(i.HAL_CAN_TxMailbox2AbortCallback)
    HAL_CAN_TxMailbox2CompleteCallback       0x08001077   Thumb Code     2  stm32f4xx_hal_can.o(i.HAL_CAN_TxMailbox2CompleteCallback)
    HAL_CAN_WakeUpFromRxMsgCallback          0x08001079   Thumb Code     2  stm32f4xx_hal_can.o(i.HAL_CAN_WakeUpFromRxMsgCallback)
    HAL_DMA_Abort                            0x0800107b   Thumb Code   146  stm32f4xx_hal_dma.o(i.HAL_DMA_Abort)
    HAL_DMA_Abort_IT                         0x0800110d   Thumb Code    36  stm32f4xx_hal_dma.o(i.HAL_DMA_Abort_IT)
    HAL_DMA_IRQHandler                       0x08001131   Thumb Code   412  stm32f4xx_hal_dma.o(i.HAL_DMA_IRQHandler)
    HAL_DMA_Init                             0x080012d1   Thumb Code   206  stm32f4xx_hal_dma.o(i.HAL_DMA_Init)
    HAL_Delay                                0x080013a5   Thumb Code    32  stm32f4xx_hal.o(i.HAL_Delay)
    HAL_GPIO_Init                            0x080013c9   Thumb Code   450  stm32f4xx_hal_gpio.o(i.HAL_GPIO_Init)
    HAL_GPIO_WritePin                        0x080015b9   Thumb Code    10  stm32f4xx_hal_gpio.o(i.HAL_GPIO_WritePin)
    HAL_GetTick                              0x080015c5   Thumb Code     6  stm32f4xx_hal.o(i.HAL_GetTick)
    HAL_IncTick                              0x080015d1   Thumb Code    12  stm32f4xx_hal.o(i.HAL_IncTick)
    HAL_Init                                 0x080015e1   Thumb Code    48  stm32f4xx_hal.o(i.HAL_Init)
    HAL_InitTick                             0x08001615   Thumb Code   132  stm32f4xx_hal_timebase_tim.o(i.HAL_InitTick)
    HAL_MspInit                              0x080016ad   Thumb Code    52  stm32f4xx_hal_msp.o(i.HAL_MspInit)
    HAL_NVIC_EnableIRQ                       0x080016e5   Thumb Code    26  stm32f4xx_hal_cortex.o(i.HAL_NVIC_EnableIRQ)
    HAL_NVIC_SetPriority                     0x08001701   Thumb Code    60  stm32f4xx_hal_cortex.o(i.HAL_NVIC_SetPriority)
    HAL_NVIC_SetPriorityGrouping             0x08001741   Thumb Code    26  stm32f4xx_hal_cortex.o(i.HAL_NVIC_SetPriorityGrouping)
    HAL_PCDEx_LPM_Callback                   0x08001765   Thumb Code     2  stm32f4xx_hal_pcd_ex.o(i.HAL_PCDEx_LPM_Callback)
    HAL_PCDEx_SetRxFiFo                      0x08001767   Thumb Code     8  stm32f4xx_hal_pcd_ex.o(i.HAL_PCDEx_SetRxFiFo)
    HAL_PCDEx_SetTxFiFo                      0x0800176f   Thumb Code    68  stm32f4xx_hal_pcd_ex.o(i.HAL_PCDEx_SetTxFiFo)
    HAL_PCD_ConnectCallback                  0x080017b3   Thumb Code     8  usbd_conf.o(i.HAL_PCD_ConnectCallback)
    HAL_PCD_DataInStageCallback              0x080017bb   Thumb Code    18  usbd_conf.o(i.HAL_PCD_DataInStageCallback)
    HAL_PCD_DataOutStageCallback             0x080017cd   Thumb Code    20  usbd_conf.o(i.HAL_PCD_DataOutStageCallback)
    HAL_PCD_DisconnectCallback               0x080017e1   Thumb Code     8  usbd_conf.o(i.HAL_PCD_DisconnectCallback)
    HAL_PCD_EP_Abort                         0x080017e9   Thumb Code    30  stm32f4xx_hal_pcd.o(i.HAL_PCD_EP_Abort)
    HAL_PCD_EP_Close                         0x08001807   Thumb Code    74  stm32f4xx_hal_pcd.o(i.HAL_PCD_EP_Close)
    HAL_PCD_EP_ClrStall                      0x08001851   Thumb Code    90  stm32f4xx_hal_pcd.o(i.HAL_PCD_EP_ClrStall)
    HAL_PCD_EP_GetRxCount                    0x080018ab   Thumb Code    18  stm32f4xx_hal_pcd.o(i.HAL_PCD_EP_GetRxCount)
    HAL_PCD_EP_Open                          0x080018bd   Thumb Code    98  stm32f4xx_hal_pcd.o(i.HAL_PCD_EP_Open)
    HAL_PCD_EP_Receive                       0x0800191f   Thumb Code    56  stm32f4xx_hal_pcd.o(i.HAL_PCD_EP_Receive)
    HAL_PCD_EP_SetStall                      0x08001957   Thumb Code   114  stm32f4xx_hal_pcd.o(i.HAL_PCD_EP_SetStall)
    HAL_PCD_EP_Transmit                      0x080019c9   Thumb Code    50  stm32f4xx_hal_pcd.o(i.HAL_PCD_EP_Transmit)
    HAL_PCD_IRQHandler                       0x080019fd   Thumb Code  1372  stm32f4xx_hal_pcd.o(i.HAL_PCD_IRQHandler)
    HAL_PCD_ISOINIncompleteCallback          0x08001f59   Thumb Code     8  usbd_conf.o(i.HAL_PCD_ISOINIncompleteCallback)
    HAL_PCD_ISOOUTIncompleteCallback         0x08001f61   Thumb Code     8  usbd_conf.o(i.HAL_PCD_ISOOUTIncompleteCallback)
    HAL_PCD_Init                             0x08001f69   Thumb Code   204  stm32f4xx_hal_pcd.o(i.HAL_PCD_Init)
    HAL_PCD_MspInit                          0x08002035   Thumb Code   122  usbd_conf.o(i.HAL_PCD_MspInit)
    HAL_PCD_ResetCallback                    0x080020b9   Thumb Code    44  usbd_conf.o(i.HAL_PCD_ResetCallback)
    HAL_PCD_ResumeCallback                   0x080020e5   Thumb Code     8  usbd_conf.o(i.HAL_PCD_ResumeCallback)
    HAL_PCD_SOFCallback                      0x080020ed   Thumb Code     8  usbd_conf.o(i.HAL_PCD_SOFCallback)
    HAL_PCD_SetAddress                       0x080020f5   Thumb Code    38  stm32f4xx_hal_pcd.o(i.HAL_PCD_SetAddress)
    HAL_PCD_SetupStageCallback               0x0800211b   Thumb Code    14  usbd_conf.o(i.HAL_PCD_SetupStageCallback)
    HAL_PCD_Start                            0x08002129   Thumb Code    66  stm32f4xx_hal_pcd.o(i.HAL_PCD_Start)
    HAL_PCD_SuspendCallback                  0x0800216d   Thumb Code    44  usbd_conf.o(i.HAL_PCD_SuspendCallback)
    HAL_RCC_ClockConfig                      0x0800219d   Thumb Code   288  stm32f4xx_hal_rcc.o(i.HAL_RCC_ClockConfig)
    HAL_RCC_GetClockConfig                   0x080022d1   Thumb Code    54  stm32f4xx_hal_rcc.o(i.HAL_RCC_GetClockConfig)
    HAL_RCC_GetHCLKFreq                      0x08002311   Thumb Code     6  stm32f4xx_hal_rcc.o(i.HAL_RCC_GetHCLKFreq)
    HAL_RCC_GetPCLK1Freq                     0x0800231d   Thumb Code    20  stm32f4xx_hal_rcc.o(i.HAL_RCC_GetPCLK1Freq)
    HAL_RCC_GetPCLK2Freq                     0x0800233d   Thumb Code    20  stm32f4xx_hal_rcc.o(i.HAL_RCC_GetPCLK2Freq)
    HAL_RCC_GetSysClockFreq                  0x0800235d   Thumb Code    88  stm32f4xx_hal_rcc.o(i.HAL_RCC_GetSysClockFreq)
    HAL_RCC_OscConfig                        0x080023c1   Thumb Code   856  stm32f4xx_hal_rcc.o(i.HAL_RCC_OscConfig)
    HAL_TIMEx_BreakCallback                  0x0800272d   Thumb Code     2  stm32f4xx_hal_tim_ex.o(i.HAL_TIMEx_BreakCallback)
    HAL_TIMEx_CommutCallback                 0x0800272f   Thumb Code     2  stm32f4xx_hal_tim_ex.o(i.HAL_TIMEx_CommutCallback)
    HAL_TIMEx_ConfigBreakDeadTime            0x08002731   Thumb Code    84  stm32f4xx_hal_tim_ex.o(i.HAL_TIMEx_ConfigBreakDeadTime)
    HAL_TIMEx_MasterConfigSynchronization    0x08002785   Thumb Code   116  stm32f4xx_hal_tim_ex.o(i.HAL_TIMEx_MasterConfigSynchronization)
    HAL_TIM_Base_Init                        0x08002815   Thumb Code    90  stm32f4xx_hal_tim.o(i.HAL_TIM_Base_Init)
    HAL_TIM_Base_MspInit                     0x08002871   Thumb Code    76  tim.o(i.HAL_TIM_Base_MspInit)
    HAL_TIM_Base_Start_IT                    0x080028c9   Thumb Code   100  stm32f4xx_hal_tim.o(i.HAL_TIM_Base_Start_IT)
    HAL_TIM_ConfigClockSource                0x08002949   Thumb Code   220  stm32f4xx_hal_tim.o(i.HAL_TIM_ConfigClockSource)
    HAL_TIM_IC_CaptureCallback               0x08002a25   Thumb Code     2  stm32f4xx_hal_tim.o(i.HAL_TIM_IC_CaptureCallback)
    HAL_TIM_IRQHandler                       0x08002a27   Thumb Code   304  stm32f4xx_hal_tim.o(i.HAL_TIM_IRQHandler)
    HAL_TIM_MspPostInit                      0x08002b59   Thumb Code    70  tim.o(i.HAL_TIM_MspPostInit)
    HAL_TIM_OC_DelayElapsedCallback          0x08002bad   Thumb Code     2  stm32f4xx_hal_tim.o(i.HAL_TIM_OC_DelayElapsedCallback)
    HAL_TIM_PWM_ConfigChannel                0x08002baf   Thumb Code   204  stm32f4xx_hal_tim.o(i.HAL_TIM_PWM_ConfigChannel)
    HAL_TIM_PWM_Init                         0x08002c7b   Thumb Code    90  stm32f4xx_hal_tim.o(i.HAL_TIM_PWM_Init)
    HAL_TIM_PWM_MspInit                      0x08002cd5   Thumb Code     2  stm32f4xx_hal_tim.o(i.HAL_TIM_PWM_MspInit)
    HAL_TIM_PWM_PulseFinishedCallback        0x08002cd7   Thumb Code     2  stm32f4xx_hal_tim.o(i.HAL_TIM_PWM_PulseFinishedCallback)
    HAL_TIM_PeriodElapsedCallback            0x08002cd9   Thumb Code    14  main.o(i.HAL_TIM_PeriodElapsedCallback)
    HAL_TIM_TriggerCallback                  0x08002ced   Thumb Code     2  stm32f4xx_hal_tim.o(i.HAL_TIM_TriggerCallback)
    HAL_UARTEx_RxEventCallback               0x08002cef   Thumb Code     2  stm32f4xx_hal_uart.o(i.HAL_UARTEx_RxEventCallback)
    HAL_UART_ErrorCallback                   0x08002cf1   Thumb Code     2  stm32f4xx_hal_uart.o(i.HAL_UART_ErrorCallback)
    HAL_UART_IRQHandler                      0x08002cf5   Thumb Code   618  stm32f4xx_hal_uart.o(i.HAL_UART_IRQHandler)
    HAL_UART_Init                            0x08002f65   Thumb Code   100  stm32f4xx_hal_uart.o(i.HAL_UART_Init)
    HAL_UART_MspInit                         0x08002fc9   Thumb Code   340  usart.o(i.HAL_UART_MspInit)
    HAL_UART_RxCpltCallback                  0x0800313d   Thumb Code     2  stm32f4xx_hal_uart.o(i.HAL_UART_RxCpltCallback)
    HAL_UART_TxCpltCallback                  0x0800313f   Thumb Code     2  stm32f4xx_hal_uart.o(i.HAL_UART_TxCpltCallback)
    HardFault_Handler                        0x08003141   Thumb Code     2  stm32f4xx_it.o(i.HardFault_Handler)
    MX_CAN1_Init                             0x0800317d   Thumb Code    62  can.o(i.MX_CAN1_Init)
    MX_CAN2_Init                             0x080031c5   Thumb Code    60  can.o(i.MX_CAN2_Init)
    MX_DMA_Init                              0x08003209   Thumb Code    88  dma.o(i.MX_DMA_Init)
    MX_FREERTOS_Init                         0x08003265   Thumb Code    52  freertos.o(i.MX_FREERTOS_Init)
    MX_GPIO_Init                             0x080032a1   Thumb Code   166  gpio.o(i.MX_GPIO_Init)
    MX_TIM1_Init                             0x08003351   Thumb Code   212  tim.o(i.MX_TIM1_Init)
    MX_TIM4_Init                             0x0800342d   Thumb Code    96  tim.o(i.MX_TIM4_Init)
    MX_USART3_UART_Init                      0x08003495   Thumb Code    50  usart.o(i.MX_USART3_UART_Init)
    MX_USART6_UART_Init                      0x080034d5   Thumb Code    48  usart.o(i.MX_USART6_UART_Init)
    MX_USB_DEVICE_Init                       0x0800350d   Thumb Code    66  usb_device.o(i.MX_USB_DEVICE_Init)
    MemManage_Handler                        0x08003561   Thumb Code     2  stm32f4xx_it.o(i.MemManage_Handler)
    Motor_3508_receive                       0x08003565   Thumb Code   118  dji3508.o(i.Motor_3508_receive)
    Motor_3508_send                          0x080035f5   Thumb Code    98  dji3508.o(i.Motor_3508_send)
    NMI_Handler                              0x08003657   Thumb Code     2  stm32f4xx_it.o(i.NMI_Handler)
    OTG_FS_IRQHandler                        0x08003659   Thumb Code     6  stm32f4xx_it.o(i.OTG_FS_IRQHandler)
    PID_calc                                 0x080037d5   Thumb Code   276  pid.o(i.PID_calc)
    PID_init                                 0x080038ed   Thumb Code    88  pid.o(i.PID_init)
    RC_init                                  0x08003949   Thumb Code    84  bsp_rc.o(i.RC_init)
    Remote_Handler                           0x080039a9   Thumb Code   156  remote_control.o(i.Remote_Handler)
    StartDefaultTask                         0x08003a67   Thumb Code    12  freertos.o(i.StartDefaultTask)
    SysTick_Handler                          0x08003a75   Thumb Code    38  port.o(i.SysTick_Handler)
    SystemClock_Config                       0x08003aa1   Thumb Code   140  main.o(i.SystemClock_Config)
    SystemInit                               0x08003b35   Thumb Code    12  system_stm32f4xx.o(i.SystemInit)
    TIM4_IRQHandler                          0x08003b45   Thumb Code     6  stm32f4xx_it.o(i.TIM4_IRQHandler)
    TIM8_BRK_TIM12_IRQHandler                0x08003b51   Thumb Code     6  stm32f4xx_it.o(i.TIM8_BRK_TIM12_IRQHandler)
    TIM_Base_SetConfig                       0x08003b5d   Thumb Code   170  stm32f4xx_hal_tim.o(i.TIM_Base_SetConfig)
    TIM_ETR_SetConfig                        0x08003c35   Thumb Code    20  stm32f4xx_hal_tim.o(i.TIM_ETR_SetConfig)
    TIM_OC2_SetConfig                        0x08003cb9   Thumb Code    98  stm32f4xx_hal_tim.o(i.TIM_OC2_SetConfig)
    USART3_IRQHandler                        0x08004051   Thumb Code    16  stm32f4xx_it.o(i.USART3_IRQHandler)
    USART6_IRQHandler                        0x08004065   Thumb Code     6  stm32f4xx_it.o(i.USART6_IRQHandler)
    USBD_CDC_GetDeviceQualifierDescriptor    0x080041ed   Thumb Code     8  usbd_cdc.o(i.USBD_CDC_GetDeviceQualifierDescriptor)
    USBD_CDC_ReceivePacket                   0x080043c9   Thumb Code    50  usbd_cdc.o(i.USBD_CDC_ReceivePacket)
    USBD_CDC_RegisterInterface               0x08004401   Thumb Code    22  usbd_cdc.o(i.USBD_CDC_RegisterInterface)
    USBD_CDC_SetRxBuffer                     0x08004417   Thumb Code    26  usbd_cdc.o(i.USBD_CDC_SetRxBuffer)
    USBD_CDC_SetTxBuffer                     0x08004431   Thumb Code    30  usbd_cdc.o(i.USBD_CDC_SetTxBuffer)
    USBD_ClrClassConfig                      0x08004523   Thumb Code    20  usbd_core.o(i.USBD_ClrClassConfig)
    USBD_CoreFindEP                          0x08004537   Thumb Code     4  usbd_core.o(i.USBD_CoreFindEP)
    USBD_CoreFindIF                          0x0800453b   Thumb Code     4  usbd_core.o(i.USBD_CoreFindIF)
    USBD_CtlContinueRx                       0x0800453f   Thumb Code    16  usbd_ioreq.o(i.USBD_CtlContinueRx)
    USBD_CtlContinueSendData                 0x0800454f   Thumb Code    16  usbd_ioreq.o(i.USBD_CtlContinueSendData)
    USBD_CtlError                            0x0800455f   Thumb Code    22  usbd_ctlreq.o(i.USBD_CtlError)
    USBD_CtlPrepareRx                        0x08004575   Thumb Code    30  usbd_ioreq.o(i.USBD_CtlPrepareRx)
    USBD_CtlReceiveStatus                    0x08004593   Thumb Code    22  usbd_ioreq.o(i.USBD_CtlReceiveStatus)
    USBD_CtlSendData                         0x080045a9   Thumb Code    26  usbd_ioreq.o(i.USBD_CtlSendData)
    USBD_CtlSendStatus                       0x080045c3   Thumb Code    22  usbd_ioreq.o(i.USBD_CtlSendStatus)
    USBD_FS_ConfigStrDescriptor              0x080045d9   Thumb Code    16  usbd_desc.o(i.USBD_FS_ConfigStrDescriptor)
    USBD_FS_DeviceDescriptor                 0x080045f9   Thumb Code     8  usbd_desc.o(i.USBD_FS_DeviceDescriptor)
    USBD_FS_InterfaceStrDescriptor           0x08004605   Thumb Code    16  usbd_desc.o(i.USBD_FS_InterfaceStrDescriptor)
    USBD_FS_LangIDStrDescriptor              0x08004629   Thumb Code     8  usbd_desc.o(i.USBD_FS_LangIDStrDescriptor)
    USBD_FS_ManufacturerStrDescriptor        0x08004635   Thumb Code    16  usbd_desc.o(i.USBD_FS_ManufacturerStrDescriptor)
    USBD_FS_ProductStrDescriptor             0x0800465d   Thumb Code    16  usbd_desc.o(i.USBD_FS_ProductStrDescriptor)
    USBD_FS_SerialStrDescriptor              0x08004689   Thumb Code    48  usbd_desc.o(i.USBD_FS_SerialStrDescriptor)
    USBD_GetEpDesc                           0x080047a7   Thumb Code    58  usbd_core.o(i.USBD_GetEpDesc)
    USBD_GetNextDesc                         0x080047f5   Thumb Code    14  usbd_core.o(i.USBD_GetNextDesc)
    USBD_GetString                           0x08004803   Thumb Code    78  usbd_ctlreq.o(i.USBD_GetString)
    USBD_Get_USB_Status                      0x08004851   Thumb Code    24  usbd_conf.o(i.USBD_Get_USB_Status)
    USBD_Init                                0x08004869   Thumb Code    38  usbd_core.o(i.USBD_Init)
    USBD_LL_ClearStallEP                     0x0800488f   Thumb Code    18  usbd_conf.o(i.USBD_LL_ClearStallEP)
    USBD_LL_CloseEP                          0x080048a1   Thumb Code    18  usbd_conf.o(i.USBD_LL_CloseEP)
    USBD_LL_DataInStage                      0x080048b3   Thumb Code   182  usbd_core.o(i.USBD_LL_DataInStage)
    USBD_LL_DataOutStage                     0x08004969   Thumb Code   142  usbd_core.o(i.USBD_LL_DataOutStage)
    USBD_LL_DevConnected                     0x080049f7   Thumb Code     4  usbd_core.o(i.USBD_LL_DevConnected)
    USBD_LL_DevDisconnected                  0x080049fb   Thumb Code    30  usbd_core.o(i.USBD_LL_DevDisconnected)
    USBD_LL_GetRxDataSize                    0x08004a19   Thumb Code     8  usbd_conf.o(i.USBD_LL_GetRxDataSize)
    USBD_LL_Init                             0x08004a21   Thumb Code    90  usbd_conf.o(i.USBD_LL_Init)
    USBD_LL_IsStallEP                        0x08004a81   Thumb Code    30  usbd_conf.o(i.USBD_LL_IsStallEP)
    USBD_LL_IsoINIncomplete                  0x08004a9f   Thumb Code    40  usbd_core.o(i.USBD_LL_IsoINIncomplete)
    USBD_LL_IsoOUTIncomplete                 0x08004ac7   Thumb Code    40  usbd_core.o(i.USBD_LL_IsoOUTIncomplete)
    USBD_LL_OpenEP                           0x08004aef   Thumb Code    24  usbd_conf.o(i.USBD_LL_OpenEP)
    USBD_LL_PrepareReceive                   0x08004b07   Thumb Code    18  usbd_conf.o(i.USBD_LL_PrepareReceive)
    USBD_LL_Reset                            0x08004b19   Thumb Code    92  usbd_core.o(i.USBD_LL_Reset)
    USBD_LL_Resume                           0x08004b75   Thumb Code    20  usbd_core.o(i.USBD_LL_Resume)
    USBD_LL_SOF                              0x08004b89   Thumb Code    26  usbd_core.o(i.USBD_LL_SOF)
    USBD_LL_SetSpeed                         0x08004ba3   Thumb Code     6  usbd_core.o(i.USBD_LL_SetSpeed)
    USBD_LL_SetUSBAddress                    0x08004ba9   Thumb Code    18  usbd_conf.o(i.USBD_LL_SetUSBAddress)
    USBD_LL_SetupStage                       0x08004bbb   Thumb Code    96  usbd_core.o(i.USBD_LL_SetupStage)
    USBD_LL_StallEP                          0x08004c1b   Thumb Code    18  usbd_conf.o(i.USBD_LL_StallEP)
    USBD_LL_Start                            0x08004c2d   Thumb Code    18  usbd_conf.o(i.USBD_LL_Start)
    USBD_LL_Suspend                          0x08004c3f   Thumb Code    26  usbd_core.o(i.USBD_LL_Suspend)
    USBD_LL_Transmit                         0x08004c59   Thumb Code    18  usbd_conf.o(i.USBD_LL_Transmit)
    USBD_ParseSetupRequest                   0x08004c6b   Thumb Code    44  usbd_ctlreq.o(i.USBD_ParseSetupRequest)
    USBD_RegisterClass                       0x08004c97   Thumb Code    58  usbd_core.o(i.USBD_RegisterClass)
    USBD_SetClassConfig                      0x08004cd1   Thumb Code    20  usbd_core.o(i.USBD_SetClassConfig)
    USBD_Start                               0x08004d9d   Thumb Code     4  usbd_core.o(i.USBD_Start)
    USBD_StdDevReq                           0x08004da1   Thumb Code   300  usbd_ctlreq.o(i.USBD_StdDevReq)
    USBD_StdEPReq                            0x08004ecd   Thumb Code   352  usbd_ctlreq.o(i.USBD_StdEPReq)
    USBD_StdItfReq                           0x0800502d   Thumb Code   114  usbd_ctlreq.o(i.USBD_StdItfReq)
    USBD_static_free                         0x0800509f   Thumb Code     2  usbd_conf.o(i.USBD_static_free)
    USBD_static_malloc                       0x080050a1   Thumb Code     4  usbd_conf.o(i.USBD_static_malloc)
    USB_ActivateEndpoint                     0x080050a9   Thumb Code   122  stm32f4xx_ll_usb.o(i.USB_ActivateEndpoint)
    USB_ActivateSetup                        0x08005129   Thumb Code    28  stm32f4xx_ll_usb.o(i.USB_ActivateSetup)
    USB_CoreInit                             0x08005145   Thumb Code   126  stm32f4xx_ll_usb.o(i.USB_CoreInit)
    USB_DeactivateEndpoint                   0x08005205   Thumb Code   194  stm32f4xx_ll_usb.o(i.USB_DeactivateEndpoint)
    USB_DevConnect                           0x080052d1   Thumb Code    28  stm32f4xx_ll_usb.o(i.USB_DevConnect)
    USB_DevDisconnect                        0x080052ed   Thumb Code    28  stm32f4xx_ll_usb.o(i.USB_DevDisconnect)
    USB_DevInit                              0x08005309   Thumb Code   370  stm32f4xx_ll_usb.o(i.USB_DevInit)
    USB_DisableGlobalInt                     0x08005485   Thumb Code    12  stm32f4xx_ll_usb.o(i.USB_DisableGlobalInt)
    USB_EP0_OutStart                         0x08005491   Thumb Code    84  stm32f4xx_ll_usb.o(i.USB_EP0_OutStart)
    USB_EPClearStall                         0x080054e9   Thumb Code    88  stm32f4xx_ll_usb.o(i.USB_EPClearStall)
    USB_EPSetStall                           0x08005541   Thumb Code    88  stm32f4xx_ll_usb.o(i.USB_EPSetStall)
    USB_EPStartXfer                          0x08005599   Thumb Code   562  stm32f4xx_ll_usb.o(i.USB_EPStartXfer)
    USB_EPStopXfer                           0x080057d1   Thumb Code   158  stm32f4xx_ll_usb.o(i.USB_EPStopXfer)
    USB_EnableGlobalInt                      0x0800586f   Thumb Code    12  stm32f4xx_ll_usb.o(i.USB_EnableGlobalInt)
    USB_FlushRxFifo                          0x0800587b   Thumb Code    56  stm32f4xx_ll_usb.o(i.USB_FlushRxFifo)
    USB_FlushTxFifo                          0x080058b3   Thumb Code    60  stm32f4xx_ll_usb.o(i.USB_FlushTxFifo)
    USB_GetDevSpeed                          0x080058ef   Thumb Code    26  stm32f4xx_ll_usb.o(i.USB_GetDevSpeed)
    USB_GetMode                              0x08005909   Thumb Code     8  stm32f4xx_ll_usb.o(i.USB_GetMode)
    USB_ReadDevAllInEpInterrupt              0x08005911   Thumb Code    14  stm32f4xx_ll_usb.o(i.USB_ReadDevAllInEpInterrupt)
    USB_ReadDevAllOutEpInterrupt             0x0800591f   Thumb Code    14  stm32f4xx_ll_usb.o(i.USB_ReadDevAllOutEpInterrupt)
    USB_ReadDevInEPInterrupt                 0x0800592d   Thumb Code    36  stm32f4xx_ll_usb.o(i.USB_ReadDevInEPInterrupt)
    USB_ReadDevOutEPInterrupt                0x08005951   Thumb Code    16  stm32f4xx_ll_usb.o(i.USB_ReadDevOutEPInterrupt)
    USB_ReadInterrupts                       0x08005961   Thumb Code     8  stm32f4xx_ll_usb.o(i.USB_ReadInterrupts)
    USB_ReadPacket                           0x08005969   Thumb Code    62  stm32f4xx_ll_usb.o(i.USB_ReadPacket)
    USB_SetCurrentMode                       0x080059a7   Thumb Code    92  stm32f4xx_ll_usb.o(i.USB_SetCurrentMode)
    USB_SetDevAddress                        0x08005a03   Thumb Code    34  stm32f4xx_ll_usb.o(i.USB_SetDevAddress)
    USB_SetTurnaroundTime                    0x08005a25   Thumb Code   158  stm32f4xx_ll_usb.o(i.USB_SetTurnaroundTime)
    USB_WritePacket                          0x08005b0d   Thumb Code    40  stm32f4xx_ll_usb.o(i.USB_WritePacket)
    UsageFault_Handler                       0x08005b35   Thumb Code     2  stm32f4xx_it.o(i.UsageFault_Handler)
    can_filter_init                          0x08005b59   Thumb Code    84  bsp_can.o(i.can_filter_init)
    main                                     0x08005bb5   Thumb Code    58  main.o(i.main)
    osDelay                                  0x08005bfb   Thumb Code    14  cmsis_os.o(i.osDelay)
    osKernelStart                            0x08005c09   Thumb Code    10  cmsis_os.o(i.osKernelStart)
    osThreadCreate                           0x08005c13   Thumb Code    84  cmsis_os.o(i.osThreadCreate)
    pvPortMalloc                             0x08005fb5   Thumb Code   216  heap_4.o(i.pvPortMalloc)
    pxPortInitialiseStack                    0x08006091   Thumb Code    40  port.o(i.pxPortInitialiseStack)
    remote_control_init                      0x080060bd   Thumb Code    12  remote_control.o(i.remote_control_init)
    uxListRemove                             0x08006181   Thumb Code    38  list.o(i.uxListRemove)
    vApplicationGetIdleTaskMemory            0x080061a9   Thumb Code    16  freertos.o(i.vApplicationGetIdleTaskMemory)
    vListInitialise                          0x080061bd   Thumb Code    22  list.o(i.vListInitialise)
    vListInitialiseItem                      0x080061d3   Thumb Code     6  list.o(i.vListInitialiseItem)
    vListInsert                              0x080061d9   Thumb Code    48  list.o(i.vListInsert)
    vListInsertEnd                           0x08006209   Thumb Code    24  list.o(i.vListInsertEnd)
    vPortEnterCritical                       0x08006221   Thumb Code    54  port.o(i.vPortEnterCritical)
    vPortExitCritical                        0x08006261   Thumb Code    34  port.o(i.vPortExitCritical)
    vPortFree                                0x08006289   Thumb Code    94  heap_4.o(i.vPortFree)
    vPortSetupTimerInterrupt                 0x080062ed   Thumb Code    32  port.o(i.vPortSetupTimerInterrupt)
    vTaskDelay                               0x08006311   Thumb Code    66  tasks.o(i.vTaskDelay)
    vTaskStartScheduler                      0x0800635d   Thumb Code    90  tasks.o(i.vTaskStartScheduler)
    vTaskSuspendAll                          0x080063c9   Thumb Code    10  tasks.o(i.vTaskSuspendAll)
    vTaskSwitchContext                       0x080063d9   Thumb Code    82  tasks.o(i.vTaskSwitchContext)
    xPortStartScheduler                      0x08006435   Thumb Code   222  port.o(i.xPortStartScheduler)
    xTaskCreate                              0x08006529   Thumb Code    90  tasks.o(i.xTaskCreate)
    xTaskCreateStatic                        0x08006583   Thumb Code    86  tasks.o(i.xTaskCreateStatic)
    xTaskIncrementTick                       0x080065d9   Thumb Code   194  tasks.o(i.xTaskIncrementTick)
    xTaskResumeAll                           0x080066a5   Thumb Code   182  tasks.o(i.xTaskResumeAll)
    __aeabi_d2f                              0x08006769   Thumb Code     0  d2f.o(x$fpl$d2f)
    _d2f                                     0x08006769   Thumb Code    98  d2f.o(x$fpl$d2f)
    __aeabi_dadd                             0x080067cd   Thumb Code     0  daddsub_clz.o(x$fpl$dadd)
    _dadd                                    0x080067cd   Thumb Code   332  daddsub_clz.o(x$fpl$dadd)
    __fpl_dcmp_Inf                           0x0800691d   Thumb Code    24  dcmpi.o(x$fpl$dcmpinf)
    __aeabi_ddiv                             0x08006935   Thumb Code     0  ddiv.o(x$fpl$ddiv)
    _ddiv                                    0x08006935   Thumb Code   552  ddiv.o(x$fpl$ddiv)
    __aeabi_cdcmpeq                          0x08006be5   Thumb Code     0  deqf.o(x$fpl$deqf)
    _dcmpeq                                  0x08006be5   Thumb Code   120  deqf.o(x$fpl$deqf)
    __aeabi_i2d                              0x08006c5d   Thumb Code     0  dflt_clz.o(x$fpl$dflt)
    _dflt                                    0x08006c5d   Thumb Code    46  dflt_clz.o(x$fpl$dflt)
    __aeabi_cdcmple                          0x08006c8d   Thumb Code     0  dleqf.o(x$fpl$dleqf)
    _dcmple                                  0x08006c8d   Thumb Code   120  dleqf.o(x$fpl$dleqf)
    __fpl_dcmple_InfNaN                      0x08006cef   Thumb Code     0  dleqf.o(x$fpl$dleqf)
    __aeabi_dmul                             0x08006d05   Thumb Code     0  dmul.o(x$fpl$dmul)
    _dmul                                    0x08006d05   Thumb Code   332  dmul.o(x$fpl$dmul)
    __fpl_dnaninf                            0x08006e59   Thumb Code   156  dnaninf.o(x$fpl$dnaninf)
    __fpl_dretinf                            0x08006ef5   Thumb Code    12  dretinf.o(x$fpl$dretinf)
    __aeabi_cdrcmple                         0x08006f01   Thumb Code     0  drleqf.o(x$fpl$drleqf)
    _drcmple                                 0x08006f01   Thumb Code   108  drleqf.o(x$fpl$drleqf)
    __aeabi_dsub                             0x08006f6d   Thumb Code     0  daddsub_clz.o(x$fpl$dsub)
    _dsub                                    0x08006f6d   Thumb Code   464  daddsub_clz.o(x$fpl$dsub)
    __aeabi_f2d                              0x08007141   Thumb Code     0  f2d.o(x$fpl$f2d)
    _f2d                                     0x08007141   Thumb Code    86  f2d.o(x$fpl$f2d)
    __fpl_fnaninf                            0x08007197   Thumb Code   140  fnaninf.o(x$fpl$fnaninf)
    _fp_init                                 0x08007223   Thumb Code    10  fpinit.o(x$fpl$fpinit)
    __fplib_config_fpu_vfp                   0x0800722b   Thumb Code     0  fpinit.o(x$fpl$fpinit)
    __fplib_config_pureend_doubles           0x0800722b   Thumb Code     0  fpinit.o(x$fpl$fpinit)
    __fpl_fretinf                            0x0800722d   Thumb Code    10  fretinf.o(x$fpl$fretinf)
    __I$use$fp                               0x08007236   Number         0  usenofp.o(x$fpl$usenofp)
    AHBPrescTable                            0x08007278   Data          16  system_stm32f4xx.o(.constdata)
    APBPrescTable                            0x08007288   Data           8  system_stm32f4xx.o(.constdata)
    Region$$Table$$Base                      0x080072c0   Number         0  anon$$obj.o(Region$$Table)
    Region$$Table$$Limit                     0x080072e0   Number         0  anon$$obj.o(Region$$Table)
    defaultTaskHandle                        0x20000000   Data           4  freertos.o(.data)
    myTask02Handle                           0x20000004   Data           4  freertos.o(.data)
    FS_Desc                                  0x2000000c   Data          28  usbd_desc.o(.data)
    USBD_LangIDDesc                          0x20000028   Data           4  usbd_desc.o(.data)
    USBD_FS_DeviceDesc                       0x2000002c   Data          18  usbd_desc.o(.data)
    USBD_StringSerial                        0x20000040   Data          26  usbd_desc.o(.data)
    USBD_Interface_fops_FS                   0x2000005c   Data          20  usbd_cdc_if.o(.data)
    uwTickFreq                               0x20000070   Data           1  stm32f4xx_hal.o(.data)
    uwTickPrio                               0x20000074   Data           4  stm32f4xx_hal.o(.data)
    uwTick                                   0x20000078   Data           4  stm32f4xx_hal.o(.data)
    SystemCoreClock                          0x2000007c   Data           4  system_stm32f4xx.o(.data)
    USBD_CDC                                 0x200000d8   Data          56  usbd_cdc.o(.data)
    pxCurrentTCB                             0x20000120   Data           4  tasks.o(.data)
    hcan1                                    0x200003dc   Data          40  can.o(.bss)
    hcan2                                    0x20000404   Data          40  can.o(.bss)
    htim1                                    0x2000042c   Data          72  tim.o(.bss)
    htim4                                    0x20000474   Data          72  tim.o(.bss)
    huart3                                   0x200004bc   Data          72  usart.o(.bss)
    huart6                                   0x20000504   Data          72  usart.o(.bss)
    hdma_usart3_rx                           0x2000054c   Data          96  usart.o(.bss)
    hdma_usart6_rx                           0x200005ac   Data          96  usart.o(.bss)
    hdma_usart6_tx                           0x2000060c   Data          96  usart.o(.bss)
    htim12                                   0x2000066c   Data          72  stm32f4xx_hal_timebase_tim.o(.bss)
    hUsbDeviceFS                             0x200006b4   Data         732  usb_device.o(.bss)
    USBD_StrDesc                             0x20000990   Data         512  usbd_desc.o(.bss)
    UserRxBufferFS                           0x20000b90   Data        2048  usbd_cdc_if.o(.bss)
    UserTxBufferFS                           0x20001390   Data        2048  usbd_cdc_if.o(.bss)
    hpcd_USB_OTG_FS                          0x20001db0   Data        1252  usbd_conf.o(.bss)
    rc_ctrl                                  0x20002294   Data          35  remote_control.o(.bss)
    M3508_speedloop                          0x20002300   Data         380  pid.o(.bss)
    M3508_angleloop                          0x2000247c   Data          76  pid.o(.bss)
    Motor_3508                               0x200024c8   Data         240  dji3508.o(.bss)
    Gimbal                                   0x200025b8   Data         100  gimbal_task.o(.bss)
    __libspace_start                         0x2000630c   Data          96  libspace.o(.bss)
    __temporary_stack_top$libspace           0x2000636c   Data           0  libspace.o(.bss)



==============================================================================

Memory Map of the image

  Image Entry point : 0x08000189

  Load Region LR_IROM1 (Base: 0x08000000, Size: 0x00007468, Max: 0x00100000, ABSOLUTE, COMPRESSED[0x0000739c])

    Execution Region ER_IROM1 (Exec base: 0x08000000, Load base: 0x08000000, Size: 0x000072e0, Max: 0x00100000, ABSOLUTE)

    Exec Addr    Load Addr    Size         Type   Attr      Idx    E Section Name        Object

    0x08000000   0x08000000   0x00000188   Data   RO            3    RESET               startup_stm32f407xx.o
    0x08000188   0x08000188   0x00000008   Code   RO         6493  * !!!main             c_w.l(__main.o)
    0x08000190   0x08000190   0x00000034   Code   RO         6705    !!!scatter          c_w.l(__scatter.o)
    0x080001c4   0x080001c4   0x0000005a   Code   RO         6703    !!dczerorl2         c_w.l(__dczerorl2.o)
    0x0800021e   0x0800021e   0x00000002   PAD
    0x08000220   0x08000220   0x0000001c   Code   RO         6707    !!handler_zi        c_w.l(__scatter_zi.o)
    0x0800023c   0x0800023c   0x00000002   Code   RO         6571    .ARM.Collect$$libinit$$00000000  c_w.l(libinit.o)
    0x0800023e   0x0800023e   0x00000004   Code   RO         6583    .ARM.Collect$$libinit$$00000001  c_w.l(libinit2.o)
    0x08000242   0x08000242   0x00000000   Code   RO         6586    .ARM.Collect$$libinit$$00000004  c_w.l(libinit2.o)
    0x08000242   0x08000242   0x00000000   Code   RO         6589    .ARM.Collect$$libinit$$0000000A  c_w.l(libinit2.o)
    0x08000242   0x08000242   0x00000000   Code   RO         6591    .ARM.Collect$$libinit$$0000000C  c_w.l(libinit2.o)
    0x08000242   0x08000242   0x00000000   Code   RO         6593    .ARM.Collect$$libinit$$0000000E  c_w.l(libinit2.o)
    0x08000242   0x08000242   0x00000000   Code   RO         6596    .ARM.Collect$$libinit$$00000011  c_w.l(libinit2.o)
    0x08000242   0x08000242   0x00000000   Code   RO         6598    .ARM.Collect$$libinit$$00000013  c_w.l(libinit2.o)
    0x08000242   0x08000242   0x00000000   Code   RO         6600    .ARM.Collect$$libinit$$00000015  c_w.l(libinit2.o)
    0x08000242   0x08000242   0x00000000   Code   RO         6602    .ARM.Collect$$libinit$$00000017  c_w.l(libinit2.o)
    0x08000242   0x08000242   0x00000000   Code   RO         6604    .ARM.Collect$$libinit$$00000019  c_w.l(libinit2.o)
    0x08000242   0x08000242   0x00000000   Code   RO         6606    .ARM.Collect$$libinit$$0000001B  c_w.l(libinit2.o)
    0x08000242   0x08000242   0x00000000   Code   RO         6608    .ARM.Collect$$libinit$$0000001D  c_w.l(libinit2.o)
    0x08000242   0x08000242   0x00000000   Code   RO         6610    .ARM.Collect$$libinit$$0000001F  c_w.l(libinit2.o)
    0x08000242   0x08000242   0x00000000   Code   RO         6612    .ARM.Collect$$libinit$$00000021  c_w.l(libinit2.o)
    0x08000242   0x08000242   0x00000000   Code   RO         6614    .ARM.Collect$$libinit$$00000023  c_w.l(libinit2.o)
    0x08000242   0x08000242   0x00000000   Code   RO         6616    .ARM.Collect$$libinit$$00000025  c_w.l(libinit2.o)
    0x08000242   0x08000242   0x00000000   Code   RO         6620    .ARM.Collect$$libinit$$0000002C  c_w.l(libinit2.o)
    0x08000242   0x08000242   0x00000000   Code   RO         6622    .ARM.Collect$$libinit$$0000002E  c_w.l(libinit2.o)
    0x08000242   0x08000242   0x00000000   Code   RO         6624    .ARM.Collect$$libinit$$00000030  c_w.l(libinit2.o)
    0x08000242   0x08000242   0x00000000   Code   RO         6626    .ARM.Collect$$libinit$$00000032  c_w.l(libinit2.o)
    0x08000242   0x08000242   0x00000002   Code   RO         6627    .ARM.Collect$$libinit$$00000033  c_w.l(libinit2.o)
    0x08000244   0x08000244   0x00000002   Code   RO         6658    .ARM.Collect$$libshutdown$$00000000  c_w.l(libshutdown.o)
    0x08000246   0x08000246   0x00000000   Code   RO         6684    .ARM.Collect$$libshutdown$$00000002  c_w.l(libshutdown2.o)
    0x08000246   0x08000246   0x00000000   Code   RO         6686    .ARM.Collect$$libshutdown$$00000004  c_w.l(libshutdown2.o)
    0x08000246   0x08000246   0x00000000   Code   RO         6688    .ARM.Collect$$libshutdown$$00000006  c_w.l(libshutdown2.o)
    0x08000246   0x08000246   0x00000000   Code   RO         6691    .ARM.Collect$$libshutdown$$00000009  c_w.l(libshutdown2.o)
    0x08000246   0x08000246   0x00000000   Code   RO         6694    .ARM.Collect$$libshutdown$$0000000C  c_w.l(libshutdown2.o)
    0x08000246   0x08000246   0x00000000   Code   RO         6696    .ARM.Collect$$libshutdown$$0000000E  c_w.l(libshutdown2.o)
    0x08000246   0x08000246   0x00000000   Code   RO         6699    .ARM.Collect$$libshutdown$$00000011  c_w.l(libshutdown2.o)
    0x08000246   0x08000246   0x00000002   Code   RO         6700    .ARM.Collect$$libshutdown$$00000012  c_w.l(libshutdown2.o)
    0x08000248   0x08000248   0x00000000   Code   RO         6523    .ARM.Collect$$rtentry$$00000000  c_w.l(__rtentry.o)
    0x08000248   0x08000248   0x00000000   Code   RO         6542    .ARM.Collect$$rtentry$$00000002  c_w.l(__rtentry2.o)
    0x08000248   0x08000248   0x00000006   Code   RO         6554    .ARM.Collect$$rtentry$$00000004  c_w.l(__rtentry4.o)
    0x0800024e   0x0800024e   0x00000000   Code   RO         6544    .ARM.Collect$$rtentry$$00000009  c_w.l(__rtentry2.o)
    0x0800024e   0x0800024e   0x00000004   Code   RO         6545    .ARM.Collect$$rtentry$$0000000A  c_w.l(__rtentry2.o)
    0x08000252   0x08000252   0x00000000   Code   RO         6547    .ARM.Collect$$rtentry$$0000000C  c_w.l(__rtentry2.o)
    0x08000252   0x08000252   0x00000008   Code   RO         6548    .ARM.Collect$$rtentry$$0000000D  c_w.l(__rtentry2.o)
    0x0800025a   0x0800025a   0x00000002   Code   RO         6575    .ARM.Collect$$rtexit$$00000000  c_w.l(rtexit.o)
    0x0800025c   0x0800025c   0x00000000   Code   RO         6631    .ARM.Collect$$rtexit$$00000002  c_w.l(rtexit2.o)
    0x0800025c   0x0800025c   0x00000004   Code   RO         6632    .ARM.Collect$$rtexit$$00000003  c_w.l(rtexit2.o)
    0x08000260   0x08000260   0x00000006   Code   RO         6633    .ARM.Collect$$rtexit$$00000004  c_w.l(rtexit2.o)
    0x08000266   0x08000266   0x00000002   PAD
    0x08000268   0x08000268   0x000000be   Code   RO         6402    .emb_text           port.o
    0x08000326   0x08000326   0x00000002   PAD
    0x08000328   0x08000328   0x00000040   Code   RO            4    .text               startup_stm32f407xx.o
    0x08000368   0x08000368   0x000000ee   Code   RO         6481    .text               c_w.l(lludivv7m.o)
    0x08000456   0x08000456   0x00000064   Code   RO         6485    .text               c_w.l(rt_memcpy_w.o)
    0x080004ba   0x080004ba   0x0000004e   Code   RO         6489    .text               c_w.l(rt_memclr_w.o)
    0x08000508   0x08000508   0x00000006   Code   RO         6491    .text               c_w.l(heapauxi.o)
    0x0800050e   0x0800050e   0x0000004a   Code   RO         6558    .text               c_w.l(sys_stackheap_outer.o)
    0x08000558   0x08000558   0x00000012   Code   RO         6560    .text               c_w.l(exit.o)
    0x0800056a   0x0800056a   0x00000002   PAD
    0x0800056c   0x0800056c   0x00000008   Code   RO         6572    .text               c_w.l(libspace.o)
    0x08000574   0x08000574   0x0000000c   Code   RO         6628    .text               c_w.l(sys_exit.o)
    0x08000580   0x08000580   0x00000002   Code   RO         6647    .text               c_w.l(use_no_semi.o)
    0x08000582   0x08000582   0x00000000   Code   RO         6649    .text               c_w.l(indicate_semi.o)
    0x08000582   0x08000582   0x00000002   Code   RO          514    i.BusFault_Handler  stm32f4xx_it.o
    0x08000584   0x08000584   0x0000000c   Code   RO          515    i.CAN1_RX0_IRQHandler  stm32f4xx_it.o
    0x08000590   0x08000590   0x0000000c   Code   RO          516    i.CAN2_RX0_IRQHandler  stm32f4xx_it.o
    0x0800059c   0x0800059c   0x00000004   Code   RO          829    i.CDC_Control_FS    usbd_cdc_if.o
    0x080005a0   0x080005a0   0x00000004   Code   RO          830    i.CDC_DeInit_FS     usbd_cdc_if.o
    0x080005a4   0x080005a4   0x00000024   Code   RO          831    i.CDC_Init_FS       usbd_cdc_if.o
    0x080005c8   0x080005c8   0x00000018   Code   RO          832    i.CDC_Receive_FS    usbd_cdc_if.o
    0x080005e0   0x080005e0   0x00000004   Code   RO          833    i.CDC_TransmitCplt_FS  usbd_cdc_if.o
    0x080005e4   0x080005e4   0x0000000c   Code   RO          517    i.DMA1_Stream1_IRQHandler  stm32f4xx_it.o
    0x080005f0   0x080005f0   0x0000000c   Code   RO          518    i.DMA2_Stream1_IRQHandler  stm32f4xx_it.o
    0x080005fc   0x080005fc   0x0000000c   Code   RO          519    i.DMA2_Stream6_IRQHandler  stm32f4xx_it.o
    0x08000608   0x08000608   0x00000028   Code   RO         2137    i.DMA_CalcBaseAndBitshift  stm32f4xx_hal_dma.o
    0x08000630   0x08000630   0x00000054   Code   RO         2138    i.DMA_CheckFifoParam  stm32f4xx_hal_dma.o
    0x08000684   0x08000684   0x00000002   Code   RO          520    i.DebugMon_Handler  stm32f4xx_it.o
    0x08000686   0x08000686   0x00000004   Code   RO           13    i.Error_Handler     main.o
    0x0800068a   0x0800068a   0x00000002   PAD
    0x0800068c   0x0800068c   0x000000c4   Code   RO         5105    i.Get_Total_Angle   dji3508.o
    0x08000750   0x08000750   0x00000070   Code   RO         5069    i.Gimbal_Init       gimbalfun.o
    0x080007c0   0x080007c0   0x000000d0   Code   RO         5148    i.Gimbal_task       gimbal_task.o
    0x08000890   0x08000890   0x00000024   Code   RO         2829    i.HAL_CAN_ActivateNotification  stm32f4xx_hal_can.o
    0x080008b4   0x080008b4   0x000000d0   Code   RO         2830    i.HAL_CAN_AddTxMessage  stm32f4xx_hal_can.o
    0x08000984   0x08000984   0x0000010c   Code   RO         2831    i.HAL_CAN_ConfigFilter  stm32f4xx_hal_can.o
    0x08000a90   0x08000a90   0x00000002   Code   RO         2834    i.HAL_CAN_ErrorCallback  stm32f4xx_hal_can.o
    0x08000a92   0x08000a92   0x000000f4   Code   RO         2837    i.HAL_CAN_GetRxMessage  stm32f4xx_hal_can.o
    0x08000b86   0x08000b86   0x0000002c   Code   RO         2839    i.HAL_CAN_GetTxMailboxesFreeLevel  stm32f4xx_hal_can.o
    0x08000bb2   0x08000bb2   0x000001fc   Code   RO         2841    i.HAL_CAN_IRQHandler  stm32f4xx_hal_can.o
    0x08000dae   0x08000dae   0x0000011a   Code   RO         2842    i.HAL_CAN_Init      stm32f4xx_hal_can.o
    0x08000ec8   0x08000ec8   0x000000fc   Code   RO          340    i.HAL_CAN_MspInit   can.o
    0x08000fc4   0x08000fc4   0x00000002   Code   RO         2849    i.HAL_CAN_RxFifo0FullCallback  stm32f4xx_hal_can.o
    0x08000fc6   0x08000fc6   0x00000002   PAD
    0x08000fc8   0x08000fc8   0x00000044   Code   RO         4840    i.HAL_CAN_RxFifo0MsgPendingCallback  bsp_can.o
    0x0800100c   0x0800100c   0x00000002   Code   RO         2851    i.HAL_CAN_RxFifo1FullCallback  stm32f4xx_hal_can.o
    0x0800100e   0x0800100e   0x00000002   Code   RO         2852    i.HAL_CAN_RxFifo1MsgPendingCallback  stm32f4xx_hal_can.o
    0x08001010   0x08001010   0x00000002   Code   RO         2853    i.HAL_CAN_SleepCallback  stm32f4xx_hal_can.o
    0x08001012   0x08001012   0x00000002   PAD
    0x08001014   0x08001014   0x00000058   Code   RO         2854    i.HAL_CAN_Start     stm32f4xx_hal_can.o
    0x0800106c   0x0800106c   0x00000002   Code   RO         2856    i.HAL_CAN_TxMailbox0AbortCallback  stm32f4xx_hal_can.o
    0x0800106e   0x0800106e   0x00000002   Code   RO         2857    i.HAL_CAN_TxMailbox0CompleteCallback  stm32f4xx_hal_can.o
    0x08001070   0x08001070   0x00000002   Code   RO         2858    i.HAL_CAN_TxMailbox1AbortCallback  stm32f4xx_hal_can.o
    0x08001072   0x08001072   0x00000002   Code   RO         2859    i.HAL_CAN_TxMailbox1CompleteCallback  stm32f4xx_hal_can.o
    0x08001074   0x08001074   0x00000002   Code   RO         2860    i.HAL_CAN_TxMailbox2AbortCallback  stm32f4xx_hal_can.o
    0x08001076   0x08001076   0x00000002   Code   RO         2861    i.HAL_CAN_TxMailbox2CompleteCallback  stm32f4xx_hal_can.o
    0x08001078   0x08001078   0x00000002   Code   RO         2863    i.HAL_CAN_WakeUpFromRxMsgCallback  stm32f4xx_hal_can.o
    0x0800107a   0x0800107a   0x00000092   Code   RO         2140    i.HAL_DMA_Abort     stm32f4xx_hal_dma.o
    0x0800110c   0x0800110c   0x00000024   Code   RO         2141    i.HAL_DMA_Abort_IT  stm32f4xx_hal_dma.o
    0x08001130   0x08001130   0x000001a0   Code   RO         2145    i.HAL_DMA_IRQHandler  stm32f4xx_hal_dma.o
    0x080012d0   0x080012d0   0x000000d4   Code   RO         2146    i.HAL_DMA_Init      stm32f4xx_hal_dma.o
    0x080013a4   0x080013a4   0x00000024   Code   RO         2577    i.HAL_Delay         stm32f4xx_hal.o
    0x080013c8   0x080013c8   0x000001f0   Code   RO         2033    i.HAL_GPIO_Init     stm32f4xx_hal_gpio.o
    0x080015b8   0x080015b8   0x0000000a   Code   RO         2037    i.HAL_GPIO_WritePin  stm32f4xx_hal_gpio.o
    0x080015c2   0x080015c2   0x00000002   PAD
    0x080015c4   0x080015c4   0x0000000c   Code   RO         2583    i.HAL_GetTick       stm32f4xx_hal.o
    0x080015d0   0x080015d0   0x00000010   Code   RO         2589    i.HAL_IncTick       stm32f4xx_hal.o
    0x080015e0   0x080015e0   0x00000034   Code   RO         2590    i.HAL_Init          stm32f4xx_hal.o
    0x08001614   0x08001614   0x00000098   Code   RO          656    i.HAL_InitTick      stm32f4xx_hal_timebase_tim.o
    0x080016ac   0x080016ac   0x00000038   Code   RO          632    i.HAL_MspInit       stm32f4xx_hal_msp.o
    0x080016e4   0x080016e4   0x0000001a   Code   RO         2425    i.HAL_NVIC_EnableIRQ  stm32f4xx_hal_cortex.o
    0x080016fe   0x080016fe   0x00000002   PAD
    0x08001700   0x08001700   0x00000040   Code   RO         2431    i.HAL_NVIC_SetPriority  stm32f4xx_hal_cortex.o
    0x08001740   0x08001740   0x00000024   Code   RO         2432    i.HAL_NVIC_SetPriorityGrouping  stm32f4xx_hal_cortex.o
    0x08001764   0x08001764   0x00000002   Code   RO         1332    i.HAL_PCDEx_LPM_Callback  stm32f4xx_hal_pcd_ex.o
    0x08001766   0x08001766   0x00000008   Code   RO         1333    i.HAL_PCDEx_SetRxFiFo  stm32f4xx_hal_pcd_ex.o
    0x0800176e   0x0800176e   0x00000044   Code   RO         1334    i.HAL_PCDEx_SetTxFiFo  stm32f4xx_hal_pcd_ex.o
    0x080017b2   0x080017b2   0x00000008   Code   RO          886    i.HAL_PCD_ConnectCallback  usbd_conf.o
    0x080017ba   0x080017ba   0x00000012   Code   RO          887    i.HAL_PCD_DataInStageCallback  usbd_conf.o
    0x080017cc   0x080017cc   0x00000014   Code   RO          888    i.HAL_PCD_DataOutStageCallback  usbd_conf.o
    0x080017e0   0x080017e0   0x00000008   Code   RO          889    i.HAL_PCD_DisconnectCallback  usbd_conf.o
    0x080017e8   0x080017e8   0x0000001e   Code   RO         1102    i.HAL_PCD_EP_Abort  stm32f4xx_hal_pcd.o
    0x08001806   0x08001806   0x0000004a   Code   RO         1103    i.HAL_PCD_EP_Close  stm32f4xx_hal_pcd.o
    0x08001850   0x08001850   0x0000005a   Code   RO         1104    i.HAL_PCD_EP_ClrStall  stm32f4xx_hal_pcd.o
    0x080018aa   0x080018aa   0x00000012   Code   RO         1106    i.HAL_PCD_EP_GetRxCount  stm32f4xx_hal_pcd.o
    0x080018bc   0x080018bc   0x00000062   Code   RO         1107    i.HAL_PCD_EP_Open   stm32f4xx_hal_pcd.o
    0x0800191e   0x0800191e   0x00000038   Code   RO         1108    i.HAL_PCD_EP_Receive  stm32f4xx_hal_pcd.o
    0x08001956   0x08001956   0x00000072   Code   RO         1109    i.HAL_PCD_EP_SetStall  stm32f4xx_hal_pcd.o
    0x080019c8   0x080019c8   0x00000032   Code   RO         1110    i.HAL_PCD_EP_Transmit  stm32f4xx_hal_pcd.o
    0x080019fa   0x080019fa   0x00000002   PAD
    0x080019fc   0x080019fc   0x0000055c   Code   RO         1112    i.HAL_PCD_IRQHandler  stm32f4xx_hal_pcd.o
    0x08001f58   0x08001f58   0x00000008   Code   RO          890    i.HAL_PCD_ISOINIncompleteCallback  usbd_conf.o
    0x08001f60   0x08001f60   0x00000008   Code   RO          891    i.HAL_PCD_ISOOUTIncompleteCallback  usbd_conf.o
    0x08001f68   0x08001f68   0x000000cc   Code   RO         1115    i.HAL_PCD_Init      stm32f4xx_hal_pcd.o
    0x08002034   0x08002034   0x00000084   Code   RO          893    i.HAL_PCD_MspInit   usbd_conf.o
    0x080020b8   0x080020b8   0x0000002c   Code   RO          894    i.HAL_PCD_ResetCallback  usbd_conf.o
    0x080020e4   0x080020e4   0x00000008   Code   RO          895    i.HAL_PCD_ResumeCallback  usbd_conf.o
    0x080020ec   0x080020ec   0x00000008   Code   RO          896    i.HAL_PCD_SOFCallback  usbd_conf.o
    0x080020f4   0x080020f4   0x00000026   Code   RO         1121    i.HAL_PCD_SetAddress  stm32f4xx_hal_pcd.o
    0x0800211a   0x0800211a   0x0000000e   Code   RO          897    i.HAL_PCD_SetupStageCallback  usbd_conf.o
    0x08002128   0x08002128   0x00000042   Code   RO         1124    i.HAL_PCD_Start     stm32f4xx_hal_pcd.o
    0x0800216a   0x0800216a   0x00000002   PAD
    0x0800216c   0x0800216c   0x00000030   Code   RO          898    i.HAL_PCD_SuspendCallback  usbd_conf.o
    0x0800219c   0x0800219c   0x00000134   Code   RO         1679    i.HAL_RCC_ClockConfig  stm32f4xx_hal_rcc.o
    0x080022d0   0x080022d0   0x00000040   Code   RO         1683    i.HAL_RCC_GetClockConfig  stm32f4xx_hal_rcc.o
    0x08002310   0x08002310   0x0000000c   Code   RO         1684    i.HAL_RCC_GetHCLKFreq  stm32f4xx_hal_rcc.o
    0x0800231c   0x0800231c   0x00000020   Code   RO         1686    i.HAL_RCC_GetPCLK1Freq  stm32f4xx_hal_rcc.o
    0x0800233c   0x0800233c   0x00000020   Code   RO         1687    i.HAL_RCC_GetPCLK2Freq  stm32f4xx_hal_rcc.o
    0x0800235c   0x0800235c   0x00000064   Code   RO         1688    i.HAL_RCC_GetSysClockFreq  stm32f4xx_hal_rcc.o
    0x080023c0   0x080023c0   0x0000036c   Code   RO         1691    i.HAL_RCC_OscConfig  stm32f4xx_hal_rcc.o
    0x0800272c   0x0800272c   0x00000002   Code   RO         3768    i.HAL_TIMEx_BreakCallback  stm32f4xx_hal_tim_ex.o
    0x0800272e   0x0800272e   0x00000002   Code   RO         3769    i.HAL_TIMEx_CommutCallback  stm32f4xx_hal_tim_ex.o
    0x08002730   0x08002730   0x00000054   Code   RO         3771    i.HAL_TIMEx_ConfigBreakDeadTime  stm32f4xx_hal_tim_ex.o
    0x08002784   0x08002784   0x00000090   Code   RO         3787    i.HAL_TIMEx_MasterConfigSynchronization  stm32f4xx_hal_tim_ex.o
    0x08002814   0x08002814   0x0000005a   Code   RO         3064    i.HAL_TIM_Base_Init  stm32f4xx_hal_tim.o
    0x0800286e   0x0800286e   0x00000002   PAD
    0x08002870   0x08002870   0x00000058   Code   RO          413    i.HAL_TIM_Base_MspInit  tim.o
    0x080028c8   0x080028c8   0x00000080   Code   RO         3069    i.HAL_TIM_Base_Start_IT  stm32f4xx_hal_tim.o
    0x08002948   0x08002948   0x000000dc   Code   RO         3073    i.HAL_TIM_ConfigClockSource  stm32f4xx_hal_tim.o
    0x08002a24   0x08002a24   0x00000002   Code   RO         3098    i.HAL_TIM_IC_CaptureCallback  stm32f4xx_hal_tim.o
    0x08002a26   0x08002a26   0x00000130   Code   RO         3112    i.HAL_TIM_IRQHandler  stm32f4xx_hal_tim.o
    0x08002b56   0x08002b56   0x00000002   PAD
    0x08002b58   0x08002b58   0x00000054   Code   RO          414    i.HAL_TIM_MspPostInit  tim.o
    0x08002bac   0x08002bac   0x00000002   Code   RO         3115    i.HAL_TIM_OC_DelayElapsedCallback  stm32f4xx_hal_tim.o
    0x08002bae   0x08002bae   0x000000cc   Code   RO         3136    i.HAL_TIM_PWM_ConfigChannel  stm32f4xx_hal_tim.o
    0x08002c7a   0x08002c7a   0x0000005a   Code   RO         3139    i.HAL_TIM_PWM_Init  stm32f4xx_hal_tim.o
    0x08002cd4   0x08002cd4   0x00000002   Code   RO         3141    i.HAL_TIM_PWM_MspInit  stm32f4xx_hal_tim.o
    0x08002cd6   0x08002cd6   0x00000002   Code   RO         3142    i.HAL_TIM_PWM_PulseFinishedCallback  stm32f4xx_hal_tim.o
    0x08002cd8   0x08002cd8   0x00000014   Code   RO           14    i.HAL_TIM_PeriodElapsedCallback  main.o
    0x08002cec   0x08002cec   0x00000002   Code   RO         3155    i.HAL_TIM_TriggerCallback  stm32f4xx_hal_tim.o
    0x08002cee   0x08002cee   0x00000002   Code   RO         4047    i.HAL_UARTEx_RxEventCallback  stm32f4xx_hal_uart.o
    0x08002cf0   0x08002cf0   0x00000002   Code   RO         4061    i.HAL_UART_ErrorCallback  stm32f4xx_hal_uart.o
    0x08002cf2   0x08002cf2   0x00000002   PAD
    0x08002cf4   0x08002cf4   0x00000270   Code   RO         4064    i.HAL_UART_IRQHandler  stm32f4xx_hal_uart.o
    0x08002f64   0x08002f64   0x00000064   Code   RO         4065    i.HAL_UART_Init     stm32f4xx_hal_uart.o
    0x08002fc8   0x08002fc8   0x00000174   Code   RO          467    i.HAL_UART_MspInit  usart.o
    0x0800313c   0x0800313c   0x00000002   Code   RO         4071    i.HAL_UART_RxCpltCallback  stm32f4xx_hal_uart.o
    0x0800313e   0x0800313e   0x00000002   Code   RO         4076    i.HAL_UART_TxCpltCallback  stm32f4xx_hal_uart.o
    0x08003140   0x08003140   0x00000002   Code   RO          521    i.HardFault_Handler  stm32f4xx_it.o
    0x08003142   0x08003142   0x00000002   PAD
    0x08003144   0x08003144   0x00000038   Code   RO          743    i.IntToUnicode      usbd_desc.o
    0x0800317c   0x0800317c   0x00000048   Code   RO          341    i.MX_CAN1_Init      can.o
    0x080031c4   0x080031c4   0x00000044   Code   RO          342    i.MX_CAN2_Init      can.o
    0x08003208   0x08003208   0x0000005c   Code   RO          388    i.MX_DMA_Init       dma.o
    0x08003264   0x08003264   0x0000003c   Code   RO          284    i.MX_FREERTOS_Init  freertos.o
    0x080032a0   0x080032a0   0x000000b0   Code   RO          259    i.MX_GPIO_Init      gpio.o
    0x08003350   0x08003350   0x000000dc   Code   RO          415    i.MX_TIM1_Init      tim.o
    0x0800342c   0x0800342c   0x00000068   Code   RO          416    i.MX_TIM4_Init      tim.o
    0x08003494   0x08003494   0x00000040   Code   RO          468    i.MX_USART3_UART_Init  usart.o
    0x080034d4   0x080034d4   0x00000038   Code   RO          469    i.MX_USART6_UART_Init  usart.o
    0x0800350c   0x0800350c   0x00000054   Code   RO          695    i.MX_USB_DEVICE_Init  usb_device.o
    0x08003560   0x08003560   0x00000002   Code   RO          522    i.MemManage_Handler  stm32f4xx_it.o
    0x08003562   0x08003562   0x00000002   PAD
    0x08003564   0x08003564   0x00000090   Code   RO         5106    i.Motor_3508_receive  dji3508.o
    0x080035f4   0x080035f4   0x00000062   Code   RO         5107    i.Motor_3508_send   dji3508.o
    0x08003656   0x08003656   0x00000002   Code   RO          523    i.NMI_Handler       stm32f4xx_it.o
    0x08003658   0x08003658   0x0000000c   Code   RO          524    i.OTG_FS_IRQHandler  stm32f4xx_it.o
    0x08003664   0x08003664   0x000000cc   Code   RO         1128    i.PCD_EP_OutXfrComplete_int  stm32f4xx_hal_pcd.o
    0x08003730   0x08003730   0x000000a2   Code   RO         1129    i.PCD_WriteEmptyTxFifo  stm32f4xx_hal_pcd.o
    0x080037d2   0x080037d2   0x00000002   PAD
    0x080037d4   0x080037d4   0x00000118   Code   RO         5013    i.PID_calc          pid.o
    0x080038ec   0x080038ec   0x0000005c   Code   RO         5015    i.PID_init          pid.o
    0x08003948   0x08003948   0x00000060   Code   RO         4882    i.RC_init           bsp_rc.o
    0x080039a8   0x080039a8   0x000000b4   Code   RO         4910    i.Remote_Handler    remote_control.o
    0x08003a5c   0x08003a5c   0x0000000a   Code   RO         4595    i.SWAPBYTE          usbd_ctlreq.o
    0x08003a66   0x08003a66   0x0000000c   Code   RO          285    i.StartDefaultTask  freertos.o
    0x08003a72   0x08003a72   0x00000002   PAD
    0x08003a74   0x08003a74   0x0000002c   Code   RO         6403    i.SysTick_Handler   port.o
    0x08003aa0   0x08003aa0   0x00000094   Code   RO           15    i.SystemClock_Config  main.o
    0x08003b34   0x08003b34   0x00000010   Code   RO         4399    i.SystemInit        system_stm32f4xx.o
    0x08003b44   0x08003b44   0x0000000c   Code   RO          525    i.TIM4_IRQHandler   stm32f4xx_it.o
    0x08003b50   0x08003b50   0x0000000c   Code   RO          526    i.TIM8_BRK_TIM12_IRQHandler  stm32f4xx_it.o
    0x08003b5c   0x08003b5c   0x000000d8   Code   RO         3157    i.TIM_Base_SetConfig  stm32f4xx_hal_tim.o
    0x08003c34   0x08003c34   0x00000014   Code   RO         3168    i.TIM_ETR_SetConfig  stm32f4xx_hal_tim.o
    0x08003c48   0x08003c48   0x00000010   Code   RO         3169    i.TIM_ITRx_SetConfig  stm32f4xx_hal_tim.o
    0x08003c58   0x08003c58   0x00000060   Code   RO         3170    i.TIM_OC1_SetConfig  stm32f4xx_hal_tim.o
    0x08003cb8   0x08003cb8   0x0000006c   Code   RO         3171    i.TIM_OC2_SetConfig  stm32f4xx_hal_tim.o
    0x08003d24   0x08003d24   0x00000068   Code   RO         3172    i.TIM_OC3_SetConfig  stm32f4xx_hal_tim.o
    0x08003d8c   0x08003d8c   0x00000050   Code   RO         3173    i.TIM_OC4_SetConfig  stm32f4xx_hal_tim.o
    0x08003ddc   0x08003ddc   0x00000022   Code   RO         3175    i.TIM_TI1_ConfigInputStage  stm32f4xx_hal_tim.o
    0x08003dfe   0x08003dfe   0x00000024   Code   RO         3177    i.TIM_TI2_ConfigInputStage  stm32f4xx_hal_tim.o
    0x08003e22   0x08003e22   0x00000010   Code   RO         4078    i.UART_DMAAbortOnError  stm32f4xx_hal_uart.o
    0x08003e32   0x08003e32   0x0000004e   Code   RO         4088    i.UART_EndRxTransfer  stm32f4xx_hal_uart.o
    0x08003e80   0x08003e80   0x000000c2   Code   RO         4090    i.UART_Receive_IT   stm32f4xx_hal_uart.o
    0x08003f42   0x08003f42   0x00000002   PAD
    0x08003f44   0x08003f44   0x0000010c   Code   RO         4091    i.UART_SetConfig    stm32f4xx_hal_uart.o
    0x08004050   0x08004050   0x00000014   Code   RO          527    i.USART3_IRQHandler  stm32f4xx_it.o
    0x08004064   0x08004064   0x0000000c   Code   RO          528    i.USART6_IRQHandler  stm32f4xx_it.o
    0x08004070   0x08004070   0x00000076   Code   RO         4733    i.USBD_CDC_DataIn   usbd_cdc.o
    0x080040e6   0x080040e6   0x0000003c   Code   RO         4734    i.USBD_CDC_DataOut  usbd_cdc.o
    0x08004122   0x08004122   0x00000002   PAD
    0x08004124   0x08004124   0x00000090   Code   RO         4735    i.USBD_CDC_DeInit   usbd_cdc.o
    0x080041b4   0x080041b4   0x00000036   Code   RO         4736    i.USBD_CDC_EP0_RxReady  usbd_cdc.o
    0x080041ea   0x080041ea   0x00000002   PAD
    0x080041ec   0x080041ec   0x0000000c   Code   RO         4737    i.USBD_CDC_GetDeviceQualifierDescriptor  usbd_cdc.o
    0x080041f8   0x080041f8   0x0000003c   Code   RO         4738    i.USBD_CDC_GetFSCfgDesc  usbd_cdc.o
    0x08004234   0x08004234   0x00000040   Code   RO         4739    i.USBD_CDC_GetHSCfgDesc  usbd_cdc.o
    0x08004274   0x08004274   0x0000003c   Code   RO         4740    i.USBD_CDC_GetOtherSpeedCfgDesc  usbd_cdc.o
    0x080042b0   0x080042b0   0x00000118   Code   RO         4741    i.USBD_CDC_Init     usbd_cdc.o
    0x080043c8   0x080043c8   0x00000038   Code   RO         4742    i.USBD_CDC_ReceivePacket  usbd_cdc.o
    0x08004400   0x08004400   0x00000016   Code   RO         4743    i.USBD_CDC_RegisterInterface  usbd_cdc.o
    0x08004416   0x08004416   0x0000001a   Code   RO         4744    i.USBD_CDC_SetRxBuffer  usbd_cdc.o
    0x08004430   0x08004430   0x0000001e   Code   RO         4745    i.USBD_CDC_SetTxBuffer  usbd_cdc.o
    0x0800444e   0x0800444e   0x000000d4   Code   RO         4746    i.USBD_CDC_Setup    usbd_cdc.o
    0x08004522   0x08004522   0x00000014   Code   RO         4436    i.USBD_ClrClassConfig  usbd_core.o
    0x08004536   0x08004536   0x00000004   Code   RO         4437    i.USBD_CoreFindEP   usbd_core.o
    0x0800453a   0x0800453a   0x00000004   Code   RO         4438    i.USBD_CoreFindIF   usbd_core.o
    0x0800453e   0x0800453e   0x00000010   Code   RO         4673    i.USBD_CtlContinueRx  usbd_ioreq.o
    0x0800454e   0x0800454e   0x00000010   Code   RO         4674    i.USBD_CtlContinueSendData  usbd_ioreq.o
    0x0800455e   0x0800455e   0x00000016   Code   RO         4596    i.USBD_CtlError     usbd_ctlreq.o
    0x08004574   0x08004574   0x0000001e   Code   RO         4675    i.USBD_CtlPrepareRx  usbd_ioreq.o
    0x08004592   0x08004592   0x00000016   Code   RO         4676    i.USBD_CtlReceiveStatus  usbd_ioreq.o
    0x080045a8   0x080045a8   0x0000001a   Code   RO         4677    i.USBD_CtlSendData  usbd_ioreq.o
    0x080045c2   0x080045c2   0x00000016   Code   RO         4678    i.USBD_CtlSendStatus  usbd_ioreq.o
    0x080045d8   0x080045d8   0x00000020   Code   RO          744    i.USBD_FS_ConfigStrDescriptor  usbd_desc.o
    0x080045f8   0x080045f8   0x0000000c   Code   RO          745    i.USBD_FS_DeviceDescriptor  usbd_desc.o
    0x08004604   0x08004604   0x00000024   Code   RO          746    i.USBD_FS_InterfaceStrDescriptor  usbd_desc.o
    0x08004628   0x08004628   0x0000000c   Code   RO          747    i.USBD_FS_LangIDStrDescriptor  usbd_desc.o
    0x08004634   0x08004634   0x00000028   Code   RO          748    i.USBD_FS_ManufacturerStrDescriptor  usbd_desc.o
    0x0800465c   0x0800465c   0x0000002c   Code   RO          749    i.USBD_FS_ProductStrDescriptor  usbd_desc.o
    0x08004688   0x08004688   0x00000038   Code   RO          750    i.USBD_FS_SerialStrDescriptor  usbd_desc.o
    0x080046c0   0x080046c0   0x000000e6   Code   RO         4597    i.USBD_GetDescriptor  usbd_ctlreq.o
    0x080047a6   0x080047a6   0x0000003a   Code   RO         4440    i.USBD_GetEpDesc    usbd_core.o
    0x080047e0   0x080047e0   0x00000014   Code   RO         4598    i.USBD_GetLen       usbd_ctlreq.o
    0x080047f4   0x080047f4   0x0000000e   Code   RO         4441    i.USBD_GetNextDesc  usbd_core.o
    0x08004802   0x08004802   0x0000004e   Code   RO         4599    i.USBD_GetString    usbd_ctlreq.o
    0x08004850   0x08004850   0x00000018   Code   RO          899    i.USBD_Get_USB_Status  usbd_conf.o
    0x08004868   0x08004868   0x00000026   Code   RO         4442    i.USBD_Init         usbd_core.o
    0x0800488e   0x0800488e   0x00000012   Code   RO          900    i.USBD_LL_ClearStallEP  usbd_conf.o
    0x080048a0   0x080048a0   0x00000012   Code   RO          901    i.USBD_LL_CloseEP   usbd_conf.o
    0x080048b2   0x080048b2   0x000000b6   Code   RO         4443    i.USBD_LL_DataInStage  usbd_core.o
    0x08004968   0x08004968   0x0000008e   Code   RO         4444    i.USBD_LL_DataOutStage  usbd_core.o
    0x080049f6   0x080049f6   0x00000004   Code   RO         4445    i.USBD_LL_DevConnected  usbd_core.o
    0x080049fa   0x080049fa   0x0000001e   Code   RO         4446    i.USBD_LL_DevDisconnected  usbd_core.o
    0x08004a18   0x08004a18   0x00000008   Code   RO          905    i.USBD_LL_GetRxDataSize  usbd_conf.o
    0x08004a20   0x08004a20   0x00000060   Code   RO          906    i.USBD_LL_Init      usbd_conf.o
    0x08004a80   0x08004a80   0x0000001e   Code   RO          907    i.USBD_LL_IsStallEP  usbd_conf.o
    0x08004a9e   0x08004a9e   0x00000028   Code   RO         4447    i.USBD_LL_IsoINIncomplete  usbd_core.o
    0x08004ac6   0x08004ac6   0x00000028   Code   RO         4448    i.USBD_LL_IsoOUTIncomplete  usbd_core.o
    0x08004aee   0x08004aee   0x00000018   Code   RO          908    i.USBD_LL_OpenEP    usbd_conf.o
    0x08004b06   0x08004b06   0x00000012   Code   RO          909    i.USBD_LL_PrepareReceive  usbd_conf.o
    0x08004b18   0x08004b18   0x0000005c   Code   RO         4449    i.USBD_LL_Reset     usbd_core.o
    0x08004b74   0x08004b74   0x00000014   Code   RO         4450    i.USBD_LL_Resume    usbd_core.o
    0x08004b88   0x08004b88   0x0000001a   Code   RO         4451    i.USBD_LL_SOF       usbd_core.o
    0x08004ba2   0x08004ba2   0x00000006   Code   RO         4452    i.USBD_LL_SetSpeed  usbd_core.o
    0x08004ba8   0x08004ba8   0x00000012   Code   RO          910    i.USBD_LL_SetUSBAddress  usbd_conf.o
    0x08004bba   0x08004bba   0x00000060   Code   RO         4453    i.USBD_LL_SetupStage  usbd_core.o
    0x08004c1a   0x08004c1a   0x00000012   Code   RO          911    i.USBD_LL_StallEP   usbd_conf.o
    0x08004c2c   0x08004c2c   0x00000012   Code   RO          912    i.USBD_LL_Start     usbd_conf.o
    0x08004c3e   0x08004c3e   0x0000001a   Code   RO         4454    i.USBD_LL_Suspend   usbd_core.o
    0x08004c58   0x08004c58   0x00000012   Code   RO          914    i.USBD_LL_Transmit  usbd_conf.o
    0x08004c6a   0x08004c6a   0x0000002c   Code   RO         4600    i.USBD_ParseSetupRequest  usbd_ctlreq.o
    0x08004c96   0x08004c96   0x0000003a   Code   RO         4455    i.USBD_RegisterClass  usbd_core.o
    0x08004cd0   0x08004cd0   0x00000014   Code   RO         4457    i.USBD_SetClassConfig  usbd_core.o
    0x08004ce4   0x08004ce4   0x000000b8   Code   RO         4601    i.USBD_SetConfig    usbd_ctlreq.o
    0x08004d9c   0x08004d9c   0x00000004   Code   RO         4458    i.USBD_Start        usbd_core.o
    0x08004da0   0x08004da0   0x0000012c   Code   RO         4602    i.USBD_StdDevReq    usbd_ctlreq.o
    0x08004ecc   0x08004ecc   0x00000160   Code   RO         4603    i.USBD_StdEPReq     usbd_ctlreq.o
    0x0800502c   0x0800502c   0x00000072   Code   RO         4604    i.USBD_StdItfReq    usbd_ctlreq.o
    0x0800509e   0x0800509e   0x00000002   Code   RO          915    i.USBD_static_free  usbd_conf.o
    0x080050a0   0x080050a0   0x00000008   Code   RO          916    i.USBD_static_malloc  usbd_conf.o
    0x080050a8   0x080050a8   0x00000080   Code   RO         1374    i.USB_ActivateEndpoint  stm32f4xx_ll_usb.o
    0x08005128   0x08005128   0x0000001c   Code   RO         1376    i.USB_ActivateSetup  stm32f4xx_ll_usb.o
    0x08005144   0x08005144   0x00000084   Code   RO         1378    i.USB_CoreInit      stm32f4xx_ll_usb.o
    0x080051c8   0x080051c8   0x0000003c   Code   RO         1379    i.USB_CoreReset     stm32f4xx_ll_usb.o
    0x08005204   0x08005204   0x000000cc   Code   RO         1382    i.USB_DeactivateEndpoint  stm32f4xx_ll_usb.o
    0x080052d0   0x080052d0   0x0000001c   Code   RO         1383    i.USB_DevConnect    stm32f4xx_ll_usb.o
    0x080052ec   0x080052ec   0x0000001c   Code   RO         1384    i.USB_DevDisconnect  stm32f4xx_ll_usb.o
    0x08005308   0x08005308   0x0000017c   Code   RO         1385    i.USB_DevInit       stm32f4xx_ll_usb.o
    0x08005484   0x08005484   0x0000000c   Code   RO         1386    i.USB_DisableGlobalInt  stm32f4xx_ll_usb.o
    0x08005490   0x08005490   0x00000058   Code   RO         1389    i.USB_EP0_OutStart  stm32f4xx_ll_usb.o
    0x080054e8   0x080054e8   0x00000058   Code   RO         1390    i.USB_EPClearStall  stm32f4xx_ll_usb.o
    0x08005540   0x08005540   0x00000058   Code   RO         1391    i.USB_EPSetStall    stm32f4xx_ll_usb.o
    0x08005598   0x08005598   0x00000238   Code   RO         1392    i.USB_EPStartXfer   stm32f4xx_ll_usb.o
    0x080057d0   0x080057d0   0x0000009e   Code   RO         1393    i.USB_EPStopXfer    stm32f4xx_ll_usb.o
    0x0800586e   0x0800586e   0x0000000c   Code   RO         1394    i.USB_EnableGlobalInt  stm32f4xx_ll_usb.o
    0x0800587a   0x0800587a   0x00000038   Code   RO         1395    i.USB_FlushRxFifo   stm32f4xx_ll_usb.o
    0x080058b2   0x080058b2   0x0000003c   Code   RO         1396    i.USB_FlushTxFifo   stm32f4xx_ll_usb.o
    0x080058ee   0x080058ee   0x0000001a   Code   RO         1398    i.USB_GetDevSpeed   stm32f4xx_ll_usb.o
    0x08005908   0x08005908   0x00000008   Code   RO         1400    i.USB_GetMode       stm32f4xx_ll_usb.o
    0x08005910   0x08005910   0x0000000e   Code   RO         1408    i.USB_ReadDevAllInEpInterrupt  stm32f4xx_ll_usb.o
    0x0800591e   0x0800591e   0x0000000e   Code   RO         1409    i.USB_ReadDevAllOutEpInterrupt  stm32f4xx_ll_usb.o
    0x0800592c   0x0800592c   0x00000024   Code   RO         1410    i.USB_ReadDevInEPInterrupt  stm32f4xx_ll_usb.o
    0x08005950   0x08005950   0x00000010   Code   RO         1411    i.USB_ReadDevOutEPInterrupt  stm32f4xx_ll_usb.o
    0x08005960   0x08005960   0x00000008   Code   RO         1412    i.USB_ReadInterrupts  stm32f4xx_ll_usb.o
    0x08005968   0x08005968   0x0000003e   Code   RO         1413    i.USB_ReadPacket    stm32f4xx_ll_usb.o
    0x080059a6   0x080059a6   0x0000005c   Code   RO         1415    i.USB_SetCurrentMode  stm32f4xx_ll_usb.o
    0x08005a02   0x08005a02   0x00000022   Code   RO         1416    i.USB_SetDevAddress  stm32f4xx_ll_usb.o
    0x08005a24   0x08005a24   0x000000e8   Code   RO         1418    i.USB_SetTurnaroundTime  stm32f4xx_ll_usb.o
    0x08005b0c   0x08005b0c   0x00000028   Code   RO         1421    i.USB_WritePacket   stm32f4xx_ll_usb.o
    0x08005b34   0x08005b34   0x00000002   Code   RO          529    i.UsageFault_Handler  stm32f4xx_it.o
    0x08005b36   0x08005b36   0x00000020   Code   RO         2438    i.__NVIC_SetPriority  stm32f4xx_hal_cortex.o
    0x08005b56   0x08005b56   0x00000002   PAD
    0x08005b58   0x08005b58   0x0000005c   Code   RO         4841    i.can_filter_init   bsp_can.o
    0x08005bb4   0x08005bb4   0x0000003a   Code   RO           16    i.main              main.o
    0x08005bee   0x08005bee   0x0000000c   Code   RO         5968    i.makeFreeRtosPriority  cmsis_os.o
    0x08005bfa   0x08005bfa   0x0000000e   Code   RO         5970    i.osDelay           cmsis_os.o
    0x08005c08   0x08005c08   0x0000000a   Code   RO         5973    i.osKernelStart     cmsis_os.o
    0x08005c12   0x08005c12   0x00000054   Code   RO         6007    i.osThreadCreate    cmsis_os.o
    0x08005c66   0x08005c66   0x00000002   PAD
    0x08005c68   0x08005c68   0x00000070   Code   RO         5650    i.prvAddCurrentTaskToDelayedList  tasks.o
    0x08005cd8   0x08005cd8   0x000000d0   Code   RO         5651    i.prvAddNewTaskToReadyList  tasks.o
    0x08005da8   0x08005da8   0x00000034   Code   RO         5652    i.prvDeleteTCB      tasks.o
    0x08005ddc   0x08005ddc   0x0000004c   Code   RO         6335    i.prvHeapInit       heap_4.o
    0x08005e28   0x08005e28   0x00000060   Code   RO         5653    i.prvIdleTask       tasks.o
    0x08005e88   0x08005e88   0x00000098   Code   RO         5654    i.prvInitialiseNewTask  tasks.o
    0x08005f20   0x08005f20   0x0000004c   Code   RO         6336    i.prvInsertBlockIntoFreeList  heap_4.o
    0x08005f6c   0x08005f6c   0x00000020   Code   RO         5655    i.prvResetNextTaskUnblockTime  tasks.o
    0x08005f8c   0x08005f8c   0x00000028   Code   RO         6404    i.prvTaskExitError  port.o
    0x08005fb4   0x08005fb4   0x000000dc   Code   RO         6337    i.pvPortMalloc      heap_4.o
    0x08006090   0x08006090   0x0000002c   Code   RO         6405    i.pxPortInitialiseStack  port.o
    0x080060bc   0x080060bc   0x00000010   Code   RO         4912    i.remote_control_init  remote_control.o
    0x080060cc   0x080060cc   0x000000b4   Code   RO         4913    i.sbus_to_rc        remote_control.o
    0x08006180   0x08006180   0x00000026   Code   RO         5286    i.uxListRemove      list.o
    0x080061a6   0x080061a6   0x00000002   PAD
    0x080061a8   0x080061a8   0x00000014   Code   RO          286    i.vApplicationGetIdleTaskMemory  freertos.o
    0x080061bc   0x080061bc   0x00000016   Code   RO         5287    i.vListInitialise   list.o
    0x080061d2   0x080061d2   0x00000006   Code   RO         5288    i.vListInitialiseItem  list.o
    0x080061d8   0x080061d8   0x00000030   Code   RO         5289    i.vListInsert       list.o
    0x08006208   0x08006208   0x00000018   Code   RO         5290    i.vListInsertEnd    list.o
    0x08006220   0x08006220   0x00000040   Code   RO         6407    i.vPortEnterCritical  port.o
    0x08006260   0x08006260   0x00000028   Code   RO         6408    i.vPortExitCritical  port.o
    0x08006288   0x08006288   0x00000064   Code   RO         6338    i.vPortFree         heap_4.o
    0x080062ec   0x080062ec   0x00000024   Code   RO         6409    i.vPortSetupTimerInterrupt  port.o
    0x08006310   0x08006310   0x0000004c   Code   RO         5664    i.vTaskDelay        tasks.o
    0x0800635c   0x0800635c   0x0000006c   Code   RO         5677    i.vTaskStartScheduler  tasks.o
    0x080063c8   0x080063c8   0x00000010   Code   RO         5679    i.vTaskSuspendAll   tasks.o
    0x080063d8   0x080063d8   0x0000005c   Code   RO         5680    i.vTaskSwitchContext  tasks.o
    0x08006434   0x08006434   0x000000f4   Code   RO         6411    i.xPortStartScheduler  port.o
    0x08006528   0x08006528   0x0000005a   Code   RO         5683    i.xTaskCreate       tasks.o
    0x08006582   0x08006582   0x00000056   Code   RO         5684    i.xTaskCreateStatic  tasks.o
    0x080065d8   0x080065d8   0x000000cc   Code   RO         5691    i.xTaskIncrementTick  tasks.o
    0x080066a4   0x080066a4   0x000000c4   Code   RO         5697    i.xTaskResumeAll    tasks.o
    0x08006768   0x08006768   0x00000062   Code   RO         6495    x$fpl$d2f           fz_wm.l(d2f.o)
    0x080067ca   0x080067ca   0x00000002   PAD
    0x080067cc   0x080067cc   0x00000150   Code   RO         6497    x$fpl$dadd          fz_wm.l(daddsub_clz.o)
    0x0800691c   0x0800691c   0x00000018   Code   RO         6530    x$fpl$dcmpinf       fz_wm.l(dcmpi.o)
    0x08006934   0x08006934   0x000002b0   Code   RO         6504    x$fpl$ddiv          fz_wm.l(ddiv.o)
    0x08006be4   0x08006be4   0x00000078   Code   RO         6507    x$fpl$deqf          fz_wm.l(deqf.o)
    0x08006c5c   0x08006c5c   0x0000002e   Code   RO         6510    x$fpl$dflt          fz_wm.l(dflt_clz.o)
    0x08006c8a   0x08006c8a   0x00000002   PAD
    0x08006c8c   0x08006c8c   0x00000078   Code   RO         6515    x$fpl$dleqf         fz_wm.l(dleqf.o)
    0x08006d04   0x08006d04   0x00000154   Code   RO         6517    x$fpl$dmul          fz_wm.l(dmul.o)
    0x08006e58   0x08006e58   0x0000009c   Code   RO         6532    x$fpl$dnaninf       fz_wm.l(dnaninf.o)
    0x08006ef4   0x08006ef4   0x0000000c   Code   RO         6534    x$fpl$dretinf       fz_wm.l(dretinf.o)
    0x08006f00   0x08006f00   0x0000006c   Code   RO         6519    x$fpl$drleqf        fz_wm.l(drleqf.o)
    0x08006f6c   0x08006f6c   0x000001d4   Code   RO         6499    x$fpl$dsub          fz_wm.l(daddsub_clz.o)
    0x08007140   0x08007140   0x00000056   Code   RO         6521    x$fpl$f2d           fz_wm.l(f2d.o)
    0x08007196   0x08007196   0x0000008c   Code   RO         6536    x$fpl$fnaninf       fz_wm.l(fnaninf.o)
    0x08007222   0x08007222   0x0000000a   Code   RO         6643    x$fpl$fpinit        fz_wm.l(fpinit.o)
    0x0800722c   0x0800722c   0x0000000a   Code   RO         6538    x$fpl$fretinf       fz_wm.l(fretinf.o)
    0x08007236   0x08007236   0x00000000   Code   RO         6540    x$fpl$usenofp       fz_wm.l(usenofp.o)
    0x08007236   0x08007236   0x00000002   PAD
    0x08007238   0x08007238   0x00000038   Data   RO          288    .constdata          freertos.o
    0x08007270   0x08007270   0x00000008   Data   RO         2152    .constdata          stm32f4xx_hal_dma.o
    0x08007278   0x08007278   0x00000010   Data   RO         4400    .constdata          system_stm32f4xx.o
    0x08007288   0x08007288   0x00000008   Data   RO         4401    .constdata          system_stm32f4xx.o
    0x08007290   0x08007290   0x00000018   Data   RO         5070    .constdata          gimbalfun.o
    0x080072a8   0x080072a8   0x00000018   Data   RO          289    .conststring        freertos.o
    0x080072c0   0x080072c0   0x00000020   Data   RO         6701    Region$$Table       anon$$obj.o


    Execution Region RW_IRAM1 (Exec base: 0x20000000, Load base: 0x080072e0, Size: 0x00006970, Max: 0x0001c000, ABSOLUTE, COMPRESSED[0x000000bc])

    Exec Addr    Load Addr    Size         Type   Attr      Idx    E Section Name        Object

    0x20000000   COMPRESSED   0x00000008   Data   RW          290    .data               freertos.o
    0x20000008   COMPRESSED   0x00000004   Data   RW          344    .data               can.o
    0x2000000c   COMPRESSED   0x0000001c   Data   RW          752    .data               usbd_desc.o
    0x20000028   COMPRESSED   0x00000032   Data   RW          753    .data               usbd_desc.o
    0x2000005a   COMPRESSED   0x00000002   PAD
    0x2000005c   COMPRESSED   0x00000014   Data   RW          836    .data               usbd_cdc_if.o
    0x20000070   COMPRESSED   0x0000000c   Data   RW         2597    .data               stm32f4xx_hal.o
    0x2000007c   COMPRESSED   0x00000004   Data   RW         4402    .data               system_stm32f4xx.o
    0x20000080   COMPRESSED   0x00000001   Data   RW         4605    .data               usbd_ctlreq.o
    0x20000081   COMPRESSED   0x00000003   PAD
    0x20000084   COMPRESSED   0x00000053   Data   RW         4748    .data               usbd_cdc.o
    0x200000d7   COMPRESSED   0x00000001   PAD
    0x200000d8   COMPRESSED   0x00000038   Data   RW         4749    .data               usbd_cdc.o
    0x20000110   COMPRESSED   0x00000002   Data   RW         4915    .data               remote_control.o
    0x20000112   COMPRESSED   0x00000006   PAD
    0x20000118   COMPRESSED   0x00000008   Data   RW         5109    .data               dji3508.o
    0x20000120   COMPRESSED   0x0000003c   Data   RW         5700    .data               tasks.o
    0x2000015c   COMPRESSED   0x00000020   Data   RW         6344    .data               heap_4.o
    0x2000017c   COMPRESSED   0x0000000c   Data   RW         6412    .data               port.o
    0x20000188        -       0x00000254   Zero   RW          287    .bss                freertos.o
    0x200003dc        -       0x00000050   Zero   RW          343    .bss                can.o
    0x2000042c        -       0x00000090   Zero   RW          417    .bss                tim.o
    0x200004bc        -       0x000001b0   Zero   RW          470    .bss                usart.o
    0x2000066c        -       0x00000048   Zero   RW          659    .bss                stm32f4xx_hal_timebase_tim.o
    0x200006b4        -       0x000002dc   Zero   RW          696    .bss                usb_device.o
    0x20000990        -       0x00000200   Zero   RW          751    .bss                usbd_desc.o
    0x20000b90        -       0x00001000   Zero   RW          835    .bss                usbd_cdc_if.o
    0x20001b90        -       0x00000704   Zero   RW          917    .bss                usbd_conf.o
    0x20002294        -       0x0000006b   Zero   RW         4914    .bss                remote_control.o
    0x200022ff   COMPRESSED   0x00000001   PAD
    0x20002300        -       0x0000017c   Zero   RW         5016    .bss                pid.o
    0x2000247c        -       0x0000004c   Zero   RW         5017    .bss                pid.o
    0x200024c8        -       0x000000f0   Zero   RW         5108    .bss                dji3508.o
    0x200025b8        -       0x00000064   Zero   RW         5149    .bss                gimbal_task.o
    0x2000261c        -       0x000000f0   Zero   RW         5699    .bss                tasks.o
    0x2000270c        -       0x00003c00   Zero   RW         6343    .bss                heap_4.o
    0x2000630c        -       0x00000060   Zero   RW         6573    .bss                c_w.l(libspace.o)
    0x2000636c   COMPRESSED   0x00000004   PAD
    0x20006370        -       0x00000200   Zero   RW            2    HEAP                startup_stm32f407xx.o
    0x20006570        -       0x00000400   Zero   RW            1    STACK               startup_stm32f407xx.o


    Execution Region RW_IRAM2 (Exec base: 0x2001c000, Load base: 0x0800739c, Size: 0x00000000, Max: 0x00004000, ABSOLUTE)

    **** No section assigned to this execution region ****


==============================================================================

Image component sizes


      Code (inc. data)   RO Data    RW Data    ZI Data      Debug   Object Name

       160         14          0          0          0       1650   bsp_can.o
        96         12          0          0          0       1026   bsp_rc.o
       392         44          0          4         80       2578   can.o
       120          0          0          0          0      23505   cmsis_os.o
       438         64          0          8        240       3490   dji3508.o
        92          4          0          0          0        866   dma.o
         0          0          0          0          0      17032   event_groups.o
        92         12         80          8        596       2649   freertos.o
       208         34          0          0        100       1595   gimbal_task.o
       112         38         24          0          0       1799   gimbalfun.o
       176         10          0          0          0       1099   gpio.o
       472         24          0         32      15360       7567   heap_4.o
       138          0          0          0          0       3674   list.o
       230         14          0          0          0     751072   main.o
       372          8          0          0        456       3288   pid.o
       702         72          0         12          0      11196   port.o
       376         28          0          2        107       7125   remote_control.o
        64         26        392          0       1536        864   startup_stm32f407xx.o
       116         18          0         12          0       8850   stm32f4xx_hal.o
      1702          6          0          0          0      15457   stm32f4xx_hal_can.o
       158         14          0          0          0      33138   stm32f4xx_hal_cortex.o
       934         16          8          0          0       5751   stm32f4xx_hal_dma.o
       506         46          0          0          0       2252   stm32f4xx_hal_gpio.o
        56          4          0          0          0        906   stm32f4xx_hal_msp.o
      2576         12          0          0          0      13844   stm32f4xx_hal_pcd.o
        78          0          0          0          0       2473   stm32f4xx_hal_pcd_ex.o
      1424         92          0          0          0       6529   stm32f4xx_hal_rcc.o
      1756        110          0          0          0      15982   stm32f4xx_hal_tim.o
       232         28          0          0          0       3401   stm32f4xx_hal_tim_ex.o
       152         20          0          0         72       1536   stm32f4xx_hal_timebase_tim.o
      1288         16          0          0          0       8572   stm32f4xx_hal_uart.o
       140         58          0          0          0       7865   stm32f4xx_it.o
      2700        116          0          0          0      23824   stm32f4xx_ll_usb.o
         0          0          0          0          0        432   stream_buffer.o
        16          4         24          4          0       1187   system_stm32f4xx.o
      1520        112          0         60        240      19822   tasks.o
       496         42          0          0        144       3297   tim.o
       492         54          0          0        432       2804   usart.o
        84         18          0          0        732       2679   usb_device.o
      1198         32          0        139          0      13919   usbd_cdc.o
        72         16          0         20       4096       3358   usbd_cdc_if.o
       642         24          0          0       1796      17348   usbd_conf.o
       924          0          0          0          0      15883   usbd_core.o
      1354         28          0          1          0      15548   usbd_ctlreq.o
       288        104          0         78        512       6369   usbd_desc.o
       132          0          0          0          0       4660   usbd_ioreq.o

    ----------------------------------------------------------------------
     25318       1394        560        392      26500    1099761   Object Totals
         0          0         32          0          0          0   (incl. Generated)
        42          0          0         12          1          0   (incl. Padding)

    ----------------------------------------------------------------------

      Code (inc. data)   RO Data    RW Data    ZI Data      Debug   Library Member Name

        90          0          0          0          0          0   __dczerorl2.o
         8          0          0          0          0         68   __main.o
         0          0          0          0          0          0   __rtentry.o
        12          0          0          0          0          0   __rtentry2.o
         6          0          0          0          0          0   __rtentry4.o
        52          8          0          0          0          0   __scatter.o
        28          0          0          0          0          0   __scatter_zi.o
        18          0          0          0          0         80   exit.o
         6          0          0          0          0        152   heapauxi.o
         0          0          0          0          0          0   indicate_semi.o
         2          0          0          0          0          0   libinit.o
         6          0          0          0          0          0   libinit2.o
         2          0          0          0          0          0   libshutdown.o
         2          0          0          0          0          0   libshutdown2.o
         8          4          0          0         96         68   libspace.o
       238          0          0          0          0        100   lludivv7m.o
        78          0          0          0          0         80   rt_memclr_w.o
       100          0          0          0          0         80   rt_memcpy_w.o
         2          0          0          0          0          0   rtexit.o
        10          0          0          0          0          0   rtexit2.o
        12          4          0          0          0         68   sys_exit.o
        74          0          0          0          0         80   sys_stackheap_outer.o
         2          0          0          0          0         68   use_no_semi.o
        98          4          0          0          0        140   d2f.o
       804         16          0          0          0        368   daddsub_clz.o
        24          0          0          0          0        116   dcmpi.o
       688        140          0          0          0        256   ddiv.o
       120          4          0          0          0        140   deqf.o
        46          0          0          0          0        116   dflt_clz.o
       120          4          0          0          0        140   dleqf.o
       340         12          0          0          0        152   dmul.o
       156          4          0          0          0        140   dnaninf.o
        12          0          0          0          0        116   dretinf.o
       108          0          0          0          0        128   drleqf.o
        86          4          0          0          0        132   f2d.o
       140          4          0          0          0        132   fnaninf.o
        10          0          0          0          0        116   fpinit.o
        10          0          0          0          0        116   fretinf.o
         0          0          0          0          0          0   usenofp.o

    ----------------------------------------------------------------------
      3530        208          0          0        100       3152   Library Totals
        12          0          0          0          4          0   (incl. Padding)

    ----------------------------------------------------------------------

      Code (inc. data)   RO Data    RW Data    ZI Data      Debug   Library Name

       756         16          0          0         96        844   c_w.l
      2762        192          0          0          0       2308   fz_wm.l

    ----------------------------------------------------------------------
      3530        208          0          0        100       3152   Library Totals

    ----------------------------------------------------------------------

==============================================================================


      Code (inc. data)   RO Data    RW Data    ZI Data      Debug   

     28848       1602        560        392      26600    1072001   Grand Totals
     28848       1602        560        188      26600    1072001   ELF Image Totals (compressed)
     28848       1602        560        188          0          0   ROM Totals

==============================================================================

    Total RO  Size (Code + RO Data)                29408 (  28.72kB)
    Total RW  Size (RW Data + ZI Data)             26992 (  26.36kB)
    Total ROM Size (Code + RO Data + RW Data)      29596 (  28.90kB)

==============================================================================

